Found 1 versions to test: [22]


--- Testing version 22 ---
Error during evaluation of version 22: __init__() got an unexpected keyword argument 'checkpoint_manager'
Found 1 versions to test: [22]


--- Testing version 22 ---
Error during evaluation of version 22: __init__() got an unexpected keyword argument 'checkpoint_manager'
Found 1 versions to test: [22]


--- Testing version 22 ---
Error during evaluation of version 22: __init__() got an unexpected keyword argument 'checkpoint_manager'
Found 1 versions to test: [22]


--- Testing version 22 ---
Loaded checkpoint with path ./checkpoints/fold1 version 22
TCGACancerStageDataset
Error during evaluation of version 22: [!] 文件不存在: /public/home/jiaqi2/project/NIMM/graphs_mixed_8/DC2000200 13.bin
Found 1 versions to test: [22]


--- Testing version 22 ---
Loaded checkpoint with path ./checkpoints/fold1 version 22
TCGACancerStageDataset
Error during evaluation of version 22: not enough values to unpack (expected 3, got 2)
Found 1 versions to test: [22]


--- Testing version 22 ---
Loaded checkpoint with path ./checkpoints/fold1 version 22
TCGACancerStageDataset
Found 1 versions to test: [22]


--- Testing version 22 ---
Loaded checkpoint with path ./checkpoints/fold1 version 22
TCGACancerStageDataset
Found 1 versions to test: [22]


--- Testing version 22 ---
Loaded checkpoint with path ./checkpoints/fold1 version 22
TCGACancerStageDataset
Found 1 versions to test: [22]


--- Testing version 22 ---
Loaded checkpoint with path ./checkpoints/fold1 version 22
TCGACancerStageDataset
Error during evaluation of version 22: [!] 文件不存在: /public/home/jiaqi2/project/NIMM/hypergraphs_mixed_k8/DC2000367 01.bin
Found 1 versions to test: [22]


--- Testing version 22 ---
Loaded checkpoint with path ./checkpoints/fold1 version 22
TCGACancerStageDataset
=== Overall (All data) ===
Top-1 ACC=0.7273, Top-2 ACC=1.0000, Top-3 ACC=1.0000
Macro Precision=0.6250 Recall=0.7500 F1=0.6667 AUC=1.0000
Specificity (macro avg)=0.9062
Class 0: Precision=1.0000 | Recall=1.0000 | F1=1.0000 | AUC=1.0000 | Spec=1.0000
Class 1: Precision=0.0000 | Recall=0.0000 | F1=0.0000 | AUC=1.0000 | Spec=1.0000
Class 2: Precision=0.5000 | Recall=1.0000 | F1=0.6667 | AUC=1.0000 | Spec=0.6250
Class 3: Precision=1.0000 | Recall=1.0000 | F1=1.0000 | AUC=1.0000 | Spec=1.0000

Error during evaluation of version 22: not enough values to unpack (expected 6, got 5)
Found 1 versions to test: [22]


--- Testing version 22 ---
Loaded checkpoint with path ./checkpoints/fold1 version 22
TCGACancerStageDataset
=== Overall (All data) ===
Top-1 ACC=0.8619, Top-2 ACC=0.9714, Top-3 ACC=1.0000
Macro Precision=0.6786 Recall=0.6432 F1=0.6538 AUC=0.9499
Specificity (macro avg)=0.9491
Class 0: Precision=1.0000 | Recall=1.0000 | F1=1.0000 | AUC=1.0000 | Spec=1.0000
Class 1: Precision=0.2857 | Recall=0.1538 | F1=0.2000 | AUC=0.9125 | Spec=0.9746
Class 2: Precision=0.5714 | Recall=0.4615 | F1=0.5106 | AUC=0.9143 | Spec=0.9511
Class 3: Precision=0.8571 | Recall=0.9574 | F1=0.9045 | AUC=0.9729 | Spec=0.8707

Error during evaluation of version 22: not enough values to unpack (expected 6, got 5)
Found 1 versions to test: [21]


--- Testing version 21 ---
Loaded checkpoint with path ./checkpoints/fold1 version 21
TCGACancerStageDataset
=== Overall (All data) ===
Top-1 ACC=0.8762, Top-2 ACC=0.9619, Top-3 ACC=1.0000
Macro Precision=0.7670 Recall=0.7533 F1=0.7424 AUC=0.9601
Specificity (macro avg)=0.9560
Class 0: Precision=1.0000 | Recall=1.0000 | F1=1.0000 | AUC=1.0000 | Spec=1.0000
Class 1: Precision=0.4737 | Recall=0.6923 | F1=0.5625 | AUC=0.9367 | Spec=0.9492
Class 2: Precision=0.7143 | Recall=0.3846 | F1=0.5000 | AUC=0.9256 | Spec=0.9783
Class 3: Precision=0.8800 | Recall=0.9362 | F1=0.9072 | AUC=0.9782 | Spec=0.8966

Error during evaluation of version 21: not enough values to unpack (expected 6, got 5)
Found 1 versions to test: [68]


--- Testing version 68 ---
Loaded checkpoint with path ./checkpoints/HEAT4_BRCA_Kimia_lv0_staging_f4 version 68
TCGACancerStageDataset
=== Overall (All data) ===
Top-1 ACC=0.8810, Top-2 ACC=0.9762, Top-3 ACC=1.0000
Macro Precision=0.7114 Recall=0.6747 F1=0.6790 AUC=0.9616
Specificity (macro avg)=0.9591
Class 0: Precision=1.0000 | Recall=1.0000 | F1=1.0000 | AUC=1.0000 | Spec=1.0000
Class 1: Precision=0.4000 | Recall=0.1538 | F1=0.2222 | AUC=0.9371 | Spec=0.9848
Class 2: Precision=0.5357 | Recall=0.5769 | F1=0.5556 | AUC=0.9279 | Spec=0.9293
Class 3: Precision=0.9100 | Recall=0.9681 | F1=0.9381 | AUC=0.9812 | Spec=0.9224

Error during evaluation of version 68: not enough values to unpack (expected 6, got 5)
Found 1 versions to test: [69]


--- Testing version 69 ---
Loaded checkpoint with path ./checkpoints/HEAT4_BRCA_Kimia_lv0_staging_f4 version 69
TCGACancerStageDataset
=== Overall (All data) ===
Top-1 ACC=0.8714, Top-2 ACC=0.9905, Top-3 ACC=0.9952
Macro Precision=0.7304 Recall=0.6833 F1=0.6818 AUC=0.9583
Specificity (macro avg)=0.9563
Class 0: Precision=1.0000 | Recall=1.0000 | F1=1.0000 | AUC=1.0000 | Spec=1.0000
Class 1: Precision=0.5000 | Recall=0.1538 | F1=0.2353 | AUC=0.9274 | Spec=0.9898
Class 2: Precision=0.5152 | Recall=0.6538 | F1=0.5763 | AUC=0.9231 | Spec=0.9130
Class 3: Precision=0.9062 | Recall=0.9255 | F1=0.9158 | AUC=0.9827 | Spec=0.9224

Error during evaluation of version 69: not enough values to unpack (expected 6, got 5)
Found 1 versions to test: [67]


--- Testing version 67 ---
Loaded checkpoint with path ./checkpoints/HEAT4_BRCA_Kimia_lv0_staging_f4 version 67
TCGACancerStageDataset
=== Overall (All data) ===
Top-1 ACC=0.9048, Top-2 ACC=0.9810, Top-3 ACC=1.0000
Macro Precision=0.7826 Recall=0.7351 F1=0.7487 AUC=0.9676
Specificity (macro avg)=0.9675
Class 0: Precision=1.0000 | Recall=1.0000 | F1=1.0000 | AUC=1.0000 | Spec=1.0000
Class 1: Precision=0.5714 | Recall=0.3077 | F1=0.4000 | AUC=0.9446 | Spec=0.9848
Class 2: Precision=0.6296 | Recall=0.6538 | F1=0.6415 | AUC=0.9406 | Spec=0.9457
Class 3: Precision=0.9293 | Recall=0.9787 | F1=0.9534 | AUC=0.9853 | Spec=0.9397

Error during evaluation of version 67: not enough values to unpack (expected 6, got 5)
Found 1 versions to test: [66]


--- Testing version 66 ---
Loaded checkpoint with path ./checkpoints/HEAT4_BRCA_Kimia_lv0_staging_f4 version 66
TCGACancerStageDataset
=== Overall (All data) ===
Top-1 ACC=0.8952, Top-2 ACC=0.9857, Top-3 ACC=1.0000
Macro Precision=0.7618 Recall=0.7255 F1=0.7404 AUC=0.9657
Specificity (macro avg)=0.9634
Class 0: Precision=1.0000 | Recall=1.0000 | F1=1.0000 | AUC=1.0000 | Spec=1.0000
Class 1: Precision=0.5000 | Recall=0.3846 | F1=0.4348 | AUC=0.9469 | Spec=0.9746
Class 2: Precision=0.6364 | Recall=0.5385 | F1=0.5833 | AUC=0.9323 | Spec=0.9565
Class 3: Precision=0.9109 | Recall=0.9787 | F1=0.9436 | AUC=0.9837 | Spec=0.9224

Error during evaluation of version 66: not enough values to unpack (expected 6, got 5)
Found 1 versions to test: [159]


--- Testing version 159 ---
Loaded checkpoint with path ./checkpoints/test_he version 159
TCGACancerStageDataset
=== Overall (All data) ===
Top-1 ACC=0.8524, Top-2 ACC=0.9476, Top-3 ACC=1.0000
Macro Precision=0.7058 Recall=0.7443 F1=0.7189 AUC=0.9505
Specificity (macro avg)=0.9550
Class 0: Precision=1.0000 | Recall=1.0000 | F1=1.0000 | AUC=1.0000 | Spec=1.0000
Class 1: Precision=0.4000 | Recall=0.6154 | F1=0.4848 | AUC=0.9274 | Spec=0.9391
Class 2: Precision=0.4815 | Recall=0.5000 | F1=0.4906 | AUC=0.9026 | Spec=0.9239
Class 3: Precision=0.9419 | Recall=0.8617 | F1=0.9000 | AUC=0.9722 | Spec=0.9569

Error during evaluation of version 159: not enough values to unpack (expected 6, got 5)
Found 1 versions to test: [158]


--- Testing version 158 ---
Loaded checkpoint with path ./checkpoints/test_he version 158
TCGACancerStageDataset
=== Overall (All data) ===
Top-1 ACC=0.8952, Top-2 ACC=0.9714, Top-3 ACC=1.0000
Macro Precision=0.7924 Recall=0.7960 F1=0.7942 AUC=0.9653
Specificity (macro avg)=0.9650
Class 0: Precision=1.0000 | Recall=1.0000 | F1=1.0000 | AUC=1.0000 | Spec=1.0000
Class 1: Precision=0.6154 | Recall=0.6154 | F1=0.6154 | AUC=0.9473 | Spec=0.9746
Class 2: Precision=0.6296 | Recall=0.6538 | F1=0.6415 | AUC=0.9335 | Spec=0.9457
Class 3: Precision=0.9247 | Recall=0.9149 | F1=0.9198 | AUC=0.9803 | Spec=0.9397

Error during evaluation of version 158: not enough values to unpack (expected 6, got 5)
Found 1 versions to test: [157]


--- Testing version 157 ---
Loaded checkpoint with path ./checkpoints/test_he version 157
TCGACancerStageDataset
=== Overall (All data) ===
Top-1 ACC=0.9048, Top-2 ACC=0.9762, Top-3 ACC=1.0000
Macro Precision=0.8038 Recall=0.7987 F1=0.7993 AUC=0.9661
Specificity (macro avg)=0.9692
Class 0: Precision=1.0000 | Recall=1.0000 | F1=1.0000 | AUC=1.0000 | Spec=1.0000
Class 1: Precision=0.6364 | Recall=0.5385 | F1=0.5833 | AUC=0.9461 | Spec=0.9797
Class 2: Precision=0.6333 | Recall=0.7308 | F1=0.6786 | AUC=0.9333 | Spec=0.9402
Class 3: Precision=0.9457 | Recall=0.9255 | F1=0.9355 | AUC=0.9849 | Spec=0.9569

Error during evaluation of version 157: not enough values to unpack (expected 6, got 5)
Found 2 versions to test: [137, 104]


--- Testing version 137 ---
Loaded checkpoint with path ./checkpoints/test_he version 104
TCGACancerStageDataset
=== Overall (All data) ===
Top-1 ACC=0.8857, Top-2 ACC=0.9619, Top-3 ACC=1.0000
Macro Precision=0.7684 Recall=0.7934 F1=0.7791 AUC=0.9617
Specificity (macro avg)=0.9632
Class 0: Precision=1.0000 | Recall=1.0000 | F1=1.0000 | AUC=1.0000 | Spec=1.0000
Class 1: Precision=0.5625 | Recall=0.6923 | F1=0.6207 | AUC=0.9449 | Spec=0.9645
Class 2: Precision=0.5769 | Recall=0.5769 | F1=0.5769 | AUC=0.9202 | Spec=0.9402
Class 3: Precision=0.9341 | Recall=0.9043 | F1=0.9189 | AUC=0.9817 | Spec=0.9483

Error during evaluation of version 137: not enough values to unpack (expected 6, got 5)

--- Testing version 104 ---
Loaded checkpoint with path ./checkpoints/test_he version 104
TCGACancerStageDataset
=== Overall (All data) ===
Top-1 ACC=0.8762, Top-2 ACC=0.9619, Top-3 ACC=0.9952
Macro Precision=0.7392 Recall=0.7453 F1=0.7420 AUC=0.9599
Specificity (macro avg)=0.9597
Class 0: Precision=1.0000 | Recall=1.0000 | F1=1.0000 | AUC=1.0000 | Spec=1.0000
Class 1: Precision=0.4615 | Recall=0.4615 | F1=0.4615 | AUC=0.9356 | Spec=0.9645
Class 2: Precision=0.5714 | Recall=0.6154 | F1=0.5926 | AUC=0.9285 | Spec=0.9348
Class 3: Precision=0.9239 | Recall=0.9043 | F1=0.9140 | AUC=0.9757 | Spec=0.9397

Error during evaluation of version 104: not enough values to unpack (expected 6, got 5)
Found 4 versions to test: [41, 23, 40, 42]


--- Testing version 41 ---
Loaded checkpoint with path ./checkpoints/test_he_seed2 version 42
TCGACancerStageDataset
=== Overall (All data) ===
Top-1 ACC=0.9238, Top-2 ACC=0.9905, Top-3 ACC=0.9952
Macro Precision=0.9021 Recall=0.7766 F1=0.8005 AUC=0.9711
Specificity (macro avg)=0.9728
Class 0: Precision=1.0000 | Recall=1.0000 | F1=1.0000 | AUC=1.0000 | Spec=1.0000
Class 1: Precision=1.0000 | Recall=0.3571 | F1=0.5263 | AUC=0.9541 | Spec=1.0000
Class 2: Precision=0.6786 | Recall=0.7600 | F1=0.7170 | AUC=0.9418 | Spec=0.9514
Class 3: Precision=0.9300 | Recall=0.9894 | F1=0.9588 | AUC=0.9885 | Spec=0.9397

Error during evaluation of version 41: not enough values to unpack (expected 6, got 5)

--- Testing version 23 ---
Loaded checkpoint with path ./checkpoints/test_he_seed2 version 42
TCGACancerStageDataset
=== Overall (All data) ===
Top-1 ACC=0.9190, Top-2 ACC=0.9714, Top-3 ACC=1.0000
Macro Precision=0.9060 Recall=0.7514 F1=0.7785 AUC=0.9770
Specificity (macro avg)=0.9690
Class 0: Precision=1.0000 | Recall=1.0000 | F1=1.0000 | AUC=1.0000 | Spec=1.0000
Class 1: Precision=1.0000 | Recall=0.2857 | F1=0.4444 | AUC=0.9555 | Spec=1.0000
Class 2: Precision=0.7200 | Recall=0.7200 | F1=0.7200 | AUC=0.9587 | Spec=0.9622
Class 3: Precision=0.9038 | Recall=1.0000 | F1=0.9495 | AUC=0.9939 | Spec=0.9138

Error during evaluation of version 23: not enough values to unpack (expected 6, got 5)

--- Testing version 40 ---
Loaded checkpoint with path ./checkpoints/test_he_seed2 version 42
TCGACancerStageDataset
=== Overall (All data) ===
Top-1 ACC=0.8905, Top-2 ACC=0.9857, Top-3 ACC=1.0000
Macro Precision=0.7559 Recall=0.7831 F1=0.7557 AUC=0.9556
Specificity (macro avg)=0.9666
Class 0: Precision=1.0000 | Recall=1.0000 | F1=1.0000 | AUC=1.0000 | Spec=1.0000
Class 1: Precision=0.4783 | Recall=0.7857 | F1=0.5946 | AUC=0.9359 | Spec=0.9388
Class 2: Precision=0.5882 | Recall=0.4000 | F1=0.4762 | AUC=0.8938 | Spec=0.9622
Class 3: Precision=0.9570 | Recall=0.9468 | F1=0.9519 | AUC=0.9925 | Spec=0.9655

Error during evaluation of version 40: not enough values to unpack (expected 6, got 5)

--- Testing version 42 ---
Loaded checkpoint with path ./checkpoints/test_he_seed2 version 42
TCGACancerStageDataset
=== Overall (All data) ===
Top-1 ACC=0.9143, Top-2 ACC=0.9714, Top-3 ACC=1.0000
Macro Precision=0.8128 Recall=0.7414 F1=0.7577 AUC=0.9723
Specificity (macro avg)=0.9702
Class 0: Precision=1.0000 | Recall=1.0000 | F1=1.0000 | AUC=1.0000 | Spec=1.0000
Class 1: Precision=0.6667 | Recall=0.2857 | F1=0.4000 | AUC=0.9399 | Spec=0.9898
Class 2: Precision=0.6538 | Recall=0.6800 | F1=0.6667 | AUC=0.9548 | Spec=0.9514
Class 3: Precision=0.9307 | Recall=1.0000 | F1=0.9641 | AUC=0.9945 | Spec=0.9397

Error during evaluation of version 42: not enough values to unpack (expected 6, got 5)
Found 5 versions to test: [150, 156, 107, 105, 104]


--- Testing version 150 ---
Loaded checkpoint with path ./checkpoints/test_he version 104
TCGACancerStageDataset
=== Overall (All data) ===
Top-1 ACC=0.8857, Top-2 ACC=0.9714, Top-3 ACC=1.0000
Macro Precision=0.7716 Recall=0.7698 F1=0.7700 AUC=0.9601
Specificity (macro avg)=0.9608
Class 0: Precision=1.0000 | Recall=1.0000 | F1=1.0000 | AUC=1.0000 | Spec=1.0000
Class 1: Precision=0.5714 | Recall=0.6154 | F1=0.5926 | AUC=0.9418 | Spec=0.9695
Class 2: Precision=0.6087 | Recall=0.5385 | F1=0.5714 | AUC=0.9231 | Spec=0.9511
Class 3: Precision=0.9062 | Recall=0.9255 | F1=0.9158 | AUC=0.9754 | Spec=0.9224

Error during evaluation of version 150: not enough values to unpack (expected 6, got 5)

--- Testing version 156 ---
Loaded checkpoint with path ./checkpoints/test_he version 104
TCGACancerStageDataset
Found 62 versions to test: [100, 101, 102, 103, 104, 105, 106, 107, 108, 109, 110, 111, 112, 113, 114, 115, 116, 117, 118, 119, 120, 121, 122, 123, 124, 125, 126, 127, 128, 129, 130, 131, 132, 133, 134, 135, 136, 137, 138, 139, 140, 141, 142, 143, 144, 145, 146, 147, 148, 149, 150, 151, 152, 153, 154, 155, 156, 157, 158, 159, 160, 161]


--- Testing version 100 ---
Loaded checkpoint with path ./checkpoints/test_he version 161
TCGACancerStageDataset
=== Overall (All data) ===
Top-1 ACC=0.8667, Top-2 ACC=0.9619, Top-3 ACC=1.0000
Macro Precision=0.7274 Recall=0.6764 F1=0.6892 AUC=0.9576
Specificity (macro avg)=0.9519
Class 0: Precision=1.0000 | Recall=1.0000 | F1=1.0000 | AUC=1.0000 | Spec=1.0000
Class 1: Precision=0.5000 | Recall=0.2308 | F1=0.3158 | AUC=0.9348 | Spec=0.9848
Class 2: Precision=0.5385 | Recall=0.5385 | F1=0.5385 | AUC=0.9181 | Spec=0.9348
Class 3: Precision=0.8713 | Recall=0.9362 | F1=0.9026 | AUC=0.9776 | Spec=0.8879

Error during evaluation of version 100: not enough values to unpack (expected 6, got 5)

--- Testing version 101 ---
Loaded checkpoint with path ./checkpoints/test_he version 161
TCGACancerStageDataset
=== Overall (All data) ===
Top-1 ACC=0.8762, Top-2 ACC=0.9619, Top-3 ACC=0.9952
Macro Precision=0.7417 Recall=0.7287 F1=0.7329 AUC=0.9617
Specificity (macro avg)=0.9588
Class 0: Precision=1.0000 | Recall=1.0000 | F1=1.0000 | AUC=1.0000 | Spec=1.0000
Class 1: Precision=0.5000 | Recall=0.3846 | F1=0.4348 | AUC=0.9301 | Spec=0.9746
Class 2: Precision=0.5517 | Recall=0.6154 | F1=0.5818 | AUC=0.9339 | Spec=0.9293
Class 3: Precision=0.9149 | Recall=0.9149 | F1=0.9149 | AUC=0.9827 | Spec=0.9310

Error during evaluation of version 101: not enough values to unpack (expected 6, got 5)

--- Testing version 102 ---
Loaded checkpoint with path ./checkpoints/test_he version 161
TCGACancerStageDataset
=== Overall (All data) ===
Top-1 ACC=0.8571, Top-2 ACC=0.9429, Top-3 ACC=0.9952
Macro Precision=0.7504 Recall=0.7504 F1=0.7495 AUC=0.9604
Specificity (macro avg)=0.9494
Class 0: Precision=1.0000 | Recall=0.9221 | F1=0.9595 | AUC=0.9948 | Spec=1.0000
Class 1: Precision=0.5714 | Recall=0.6154 | F1=0.5926 | AUC=0.9508 | Spec=0.9695
Class 2: Precision=0.5600 | Recall=0.5385 | F1=0.5490 | AUC=0.9268 | Spec=0.9402
Class 3: Precision=0.8700 | Recall=0.9255 | F1=0.8969 | AUC=0.9693 | Spec=0.8879

Error during evaluation of version 102: not enough values to unpack (expected 6, got 5)

--- Testing version 103 ---
Loaded checkpoint with path ./checkpoints/test_he version 161
TCGACancerStageDataset
=== Overall (All data) ===
Top-1 ACC=0.8810, Top-2 ACC=0.9667, Top-3 ACC=0.9952
Macro Precision=0.7753 Recall=0.7523 F1=0.7530 AUC=0.9648
Specificity (macro avg)=0.9615
Class 0: Precision=1.0000 | Recall=1.0000 | F1=1.0000 | AUC=1.0000 | Spec=1.0000
Class 1: Precision=0.6250 | Recall=0.3846 | F1=0.4762 | AUC=0.9469 | Spec=0.9848
Class 2: Precision=0.5429 | Recall=0.7308 | F1=0.6230 | AUC=0.9339 | Spec=0.9130
Class 3: Precision=0.9333 | Recall=0.8936 | F1=0.9130 | AUC=0.9784 | Spec=0.9483

Error during evaluation of version 103: not enough values to unpack (expected 6, got 5)

--- Testing version 104 ---
Loaded checkpoint with path ./checkpoints/test_he version 161
TCGACancerStageDataset
=== Overall (All data) ===
Top-1 ACC=0.8762, Top-2 ACC=0.9619, Top-3 ACC=0.9952
Macro Precision=0.7392 Recall=0.7453 F1=0.7420 AUC=0.9599
Specificity (macro avg)=0.9597
Class 0: Precision=1.0000 | Recall=1.0000 | F1=1.0000 | AUC=1.0000 | Spec=1.0000
Class 1: Precision=0.4615 | Recall=0.4615 | F1=0.4615 | AUC=0.9356 | Spec=0.9645
Class 2: Precision=0.5714 | Recall=0.6154 | F1=0.5926 | AUC=0.9285 | Spec=0.9348
Class 3: Precision=0.9239 | Recall=0.9043 | F1=0.9140 | AUC=0.9757 | Spec=0.9397

Error during evaluation of version 104: not enough values to unpack (expected 6, got 5)

--- Testing version 105 ---
Loaded checkpoint with path ./checkpoints/test_he version 161
TCGACancerStageDataset
=== Overall (All data) ===
Top-1 ACC=0.8714, Top-2 ACC=0.9619, Top-3 ACC=1.0000
Macro Precision=0.7770 Recall=0.7897 F1=0.7786 AUC=0.9629
Specificity (macro avg)=0.9597
Class 0: Precision=1.0000 | Recall=1.0000 | F1=1.0000 | AUC=1.0000 | Spec=1.0000
Class 1: Precision=0.6667 | Recall=0.6154 | F1=0.6400 | AUC=0.9582 | Spec=0.9797
Class 2: Precision=0.5000 | Recall=0.6923 | F1=0.5806 | AUC=0.9149 | Spec=0.9022
Class 3: Precision=0.9412 | Recall=0.8511 | F1=0.8939 | AUC=0.9785 | Spec=0.9569

Error during evaluation of version 105: not enough values to unpack (expected 6, got 5)

--- Testing version 106 ---
Loaded checkpoint with path ./checkpoints/test_he version 161
TCGACancerStageDataset
=== Overall (All data) ===
Top-1 ACC=0.8810, Top-2 ACC=0.9619, Top-3 ACC=1.0000
Macro Precision=0.7815 Recall=0.7019 F1=0.6982 AUC=0.9521
Specificity (macro avg)=0.9598
Class 0: Precision=1.0000 | Recall=0.9870 | F1=0.9935 | AUC=1.0000 | Spec=1.0000
Class 1: Precision=0.6667 | Recall=0.1538 | F1=0.2500 | AUC=0.9137 | Spec=0.9949
Class 2: Precision=0.5429 | Recall=0.7308 | F1=0.6230 | AUC=0.9170 | Spec=0.9130
Class 3: Precision=0.9167 | Recall=0.9362 | F1=0.9263 | AUC=0.9778 | Spec=0.9310

Error during evaluation of version 106: not enough values to unpack (expected 6, got 5)

--- Testing version 107 ---
Loaded checkpoint with path ./checkpoints/test_he version 161
TCGACancerStageDataset
=== Overall (All data) ===
Top-1 ACC=0.8810, Top-2 ACC=0.9619, Top-3 ACC=1.0000
Macro Precision=0.7737 Recall=0.7613 F1=0.7640 AUC=0.9555
Specificity (macro avg)=0.9600
Class 0: Precision=1.0000 | Recall=0.9870 | F1=0.9935 | AUC=0.9994 | Spec=1.0000
Class 1: Precision=0.6000 | Recall=0.4615 | F1=0.5217 | AUC=0.9207 | Spec=0.9797
Class 2: Precision=0.5806 | Recall=0.6923 | F1=0.6316 | AUC=0.9241 | Spec=0.9293
Class 3: Precision=0.9140 | Recall=0.9043 | F1=0.9091 | AUC=0.9775 | Spec=0.9310

Error during evaluation of version 107: not enough values to unpack (expected 6, got 5)

--- Testing version 108 ---
Loaded checkpoint with path ./checkpoints/test_he version 161
TCGACancerStageDataset
=== Overall (All data) ===
Top-1 ACC=0.8667, Top-2 ACC=0.9714, Top-3 ACC=0.9952
Macro Precision=0.7268 Recall=0.6559 F1=0.6513 AUC=0.9555
Specificity (macro avg)=0.9517
Class 0: Precision=1.0000 | Recall=0.9740 | F1=0.9868 | AUC=0.9964 | Spec=1.0000
Class 1: Precision=0.5000 | Recall=0.0769 | F1=0.1333 | AUC=0.9305 | Spec=0.9949
Class 2: Precision=0.5333 | Recall=0.6154 | F1=0.5714 | AUC=0.9208 | Spec=0.9239
Class 3: Precision=0.8738 | Recall=0.9574 | F1=0.9137 | AUC=0.9745 | Spec=0.8879

Error during evaluation of version 108: not enough values to unpack (expected 6, got 5)

--- Testing version 109 ---
Loaded checkpoint with path ./checkpoints/test_he version 161
TCGACancerStageDataset
=== Overall (All data) ===
Top-1 ACC=0.8762, Top-2 ACC=0.9524, Top-3 ACC=1.0000
Macro Precision=0.7725 Recall=0.6790 F1=0.6847 AUC=0.9513
Specificity (macro avg)=0.9560
Class 0: Precision=1.0000 | Recall=1.0000 | F1=1.0000 | AUC=1.0000 | Spec=1.0000
Class 1: Precision=0.6667 | Recall=0.1538 | F1=0.2500 | AUC=0.9137 | Spec=0.9949
Class 2: Precision=0.5333 | Recall=0.6154 | F1=0.5714 | AUC=0.9170 | Spec=0.9239
Class 3: Precision=0.8900 | Recall=0.9468 | F1=0.9175 | AUC=0.9745 | Spec=0.9052

Error during evaluation of version 109: not enough values to unpack (expected 6, got 5)

--- Testing version 110 ---
Loaded checkpoint with path ./checkpoints/test_he version 161
TCGACancerStageDataset
=== Overall (All data) ===
Top-1 ACC=0.8524, Top-2 ACC=0.9476, Top-3 ACC=0.9952
Macro Precision=0.6815 Recall=0.6506 F1=0.6573 AUC=0.9519
Specificity (macro avg)=0.9463
Class 0: Precision=1.0000 | Recall=0.9740 | F1=0.9868 | AUC=0.9962 | Spec=1.0000
Class 1: Precision=0.3333 | Recall=0.1538 | F1=0.2105 | AUC=0.9133 | Spec=0.9797
Class 2: Precision=0.5385 | Recall=0.5385 | F1=0.5385 | AUC=0.9258 | Spec=0.9348
Class 3: Precision=0.8544 | Recall=0.9362 | F1=0.8934 | AUC=0.9723 | Spec=0.8707

Error during evaluation of version 110: not enough values to unpack (expected 6, got 5)

--- Testing version 111 ---
Loaded checkpoint with path ./checkpoints/test_he version 161
TCGACancerStageDataset
=== Overall (All data) ===
Top-1 ACC=0.8619, Top-2 ACC=0.9619, Top-3 ACC=1.0000
Macro Precision=0.7081 Recall=0.6694 F1=0.6838 AUC=0.9621
Specificity (macro avg)=0.9499
Class 0: Precision=1.0000 | Recall=1.0000 | F1=1.0000 | AUC=1.0000 | Spec=1.0000
Class 1: Precision=0.4444 | Recall=0.3077 | F1=0.3636 | AUC=0.9403 | Spec=0.9746
Class 2: Precision=0.5238 | Recall=0.4231 | F1=0.4681 | AUC=0.9260 | Spec=0.9457
Class 3: Precision=0.8641 | Recall=0.9468 | F1=0.9036 | AUC=0.9823 | Spec=0.8793

Error during evaluation of version 111: not enough values to unpack (expected 6, got 5)

--- Testing version 112 ---
Loaded checkpoint with path ./checkpoints/test_he version 161
TCGACancerStageDataset
=== Overall (All data) ===
Top-1 ACC=0.8429, Top-2 ACC=0.9667, Top-3 ACC=1.0000
Macro Precision=0.6334 Recall=0.6160 F1=0.6127 AUC=0.9456
Specificity (macro avg)=0.9451
Class 0: Precision=1.0000 | Recall=1.0000 | F1=1.0000 | AUC=1.0000 | Spec=1.0000
Class 1: Precision=0.2500 | Recall=0.0769 | F1=0.1176 | AUC=0.8981 | Spec=0.9848
Class 2: Precision=0.4138 | Recall=0.4615 | F1=0.4364 | AUC=0.9061 | Spec=0.9076
Class 3: Precision=0.8700 | Recall=0.9255 | F1=0.8969 | AUC=0.9780 | Spec=0.8879

Error during evaluation of version 112: not enough values to unpack (expected 6, got 5)

--- Testing version 113 ---
Loaded checkpoint with path ./checkpoints/test_he version 161
TCGACancerStageDataset
=== Overall (All data) ===
Top-1 ACC=0.8571, Top-2 ACC=0.9762, Top-3 ACC=1.0000
Macro Precision=0.6930 Recall=0.6929 F1=0.6899 AUC=0.9564
Specificity (macro avg)=0.9522
Class 0: Precision=1.0000 | Recall=1.0000 | F1=1.0000 | AUC=1.0000 | Spec=1.0000
Class 1: Precision=0.3750 | Recall=0.4615 | F1=0.4138 | AUC=0.9254 | Spec=0.9492
Class 2: Precision=0.5000 | Recall=0.3846 | F1=0.4348 | AUC=0.9193 | Spec=0.9457
Class 3: Precision=0.8969 | Recall=0.9255 | F1=0.9110 | AUC=0.9807 | Spec=0.9138

Error during evaluation of version 113: not enough values to unpack (expected 6, got 5)

--- Testing version 114 ---
Loaded checkpoint with path ./checkpoints/test_he version 161
TCGACancerStageDataset
=== Overall (All data) ===
Top-1 ACC=0.8571, Top-2 ACC=0.9571, Top-3 ACC=0.9857
Macro Precision=0.7280 Recall=0.7489 F1=0.7368 AUC=0.9492
Specificity (macro avg)=0.9529
Class 0: Precision=1.0000 | Recall=0.9481 | F1=0.9733 | AUC=0.9925 | Spec=1.0000
Class 1: Precision=0.4375 | Recall=0.5385 | F1=0.4828 | AUC=0.9297 | Spec=0.9543
Class 2: Precision=0.5714 | Recall=0.6154 | F1=0.5926 | AUC=0.9041 | Spec=0.9348
Class 3: Precision=0.9032 | Recall=0.8936 | F1=0.8984 | AUC=0.9707 | Spec=0.9224

Error during evaluation of version 114: not enough values to unpack (expected 6, got 5)

--- Testing version 115 ---
Loaded checkpoint with path ./checkpoints/test_he version 161
TCGACancerStageDataset
=== Overall (All data) ===
Top-1 ACC=0.8333, Top-2 ACC=0.9667, Top-3 ACC=0.9905
Macro Precision=0.6764 Recall=0.6281 F1=0.6431 AUC=0.9521
Specificity (macro avg)=0.9377
Class 0: Precision=1.0000 | Recall=0.9610 | F1=0.9801 | AUC=0.9938 | Spec=1.0000
Class 1: Precision=0.4286 | Recall=0.2308 | F1=0.3000 | AUC=0.9297 | Spec=0.9797
Class 2: Precision=0.4545 | Recall=0.3846 | F1=0.4167 | AUC=0.9130 | Spec=0.9348
Class 3: Precision=0.8224 | Recall=0.9362 | F1=0.8756 | AUC=0.9719 | Spec=0.8362

Error during evaluation of version 115: not enough values to unpack (expected 6, got 5)

--- Testing version 116 ---
Loaded checkpoint with path ./checkpoints/test_he version 161
TCGACancerStageDataset
=== Overall (All data) ===
Top-1 ACC=0.8381, Top-2 ACC=0.9333, Top-3 ACC=0.9762
Macro Precision=0.7132 Recall=0.6542 F1=0.6587 AUC=0.9427
Specificity (macro avg)=0.9404
Class 0: Precision=1.0000 | Recall=0.9221 | F1=0.9595 | AUC=0.9956 | Spec=1.0000
Class 1: Precision=0.5000 | Recall=0.1538 | F1=0.2353 | AUC=0.8926 | Spec=0.9898
Class 2: Precision=0.5161 | Recall=0.6154 | F1=0.5614 | AUC=0.9105 | Spec=0.9185
Class 3: Precision=0.8365 | Recall=0.9255 | F1=0.8788 | AUC=0.9721 | Spec=0.8534

Error during evaluation of version 116: not enough values to unpack (expected 6, got 5)

--- Testing version 117 ---
Loaded checkpoint with path ./checkpoints/test_he version 161
TCGACancerStageDataset
=== Overall (All data) ===
Top-1 ACC=0.8238, Top-2 ACC=0.9667, Top-3 ACC=1.0000
Macro Precision=0.6553 Recall=0.6014 F1=0.6163 AUC=0.9467
Specificity (macro avg)=0.9326
Class 0: Precision=1.0000 | Recall=0.9481 | F1=0.9733 | AUC=0.9994 | Spec=1.0000
Class 1: Precision=0.4286 | Recall=0.2308 | F1=0.3000 | AUC=0.9082 | Spec=0.9797
Class 2: Precision=0.3889 | Recall=0.2692 | F1=0.3182 | AUC=0.9053 | Spec=0.9402
Class 3: Precision=0.8036 | Recall=0.9574 | F1=0.8738 | AUC=0.9738 | Spec=0.8103

Error during evaluation of version 117: not enough values to unpack (expected 6, got 5)

--- Testing version 118 ---
Loaded checkpoint with path ./checkpoints/test_he version 161
TCGACancerStageDataset
=== Overall (All data) ===
Top-1 ACC=0.8714, Top-2 ACC=0.9762, Top-3 ACC=1.0000
Macro Precision=0.7298 Recall=0.6817 F1=0.6987 AUC=0.9594
Specificity (macro avg)=0.9533
Class 0: Precision=1.0000 | Recall=1.0000 | F1=1.0000 | AUC=1.0000 | Spec=1.0000
Class 1: Precision=0.5000 | Recall=0.3077 | F1=0.3810 | AUC=0.9391 | Spec=0.9797
Class 2: Precision=0.5455 | Recall=0.4615 | F1=0.5000 | AUC=0.9156 | Spec=0.9457
Class 3: Precision=0.8738 | Recall=0.9574 | F1=0.9137 | AUC=0.9829 | Spec=0.8879

Error during evaluation of version 118: not enough values to unpack (expected 6, got 5)

--- Testing version 119 ---
Loaded checkpoint with path ./checkpoints/test_he version 161
TCGACancerStageDataset
=== Overall (All data) ===
Top-1 ACC=0.8381, Top-2 ACC=0.9667, Top-3 ACC=1.0000
Macro Precision=0.6363 Recall=0.6379 F1=0.6271 AUC=0.9515
Specificity (macro avg)=0.9481
Class 0: Precision=1.0000 | Recall=1.0000 | F1=1.0000 | AUC=1.0000 | Spec=1.0000
Class 1: Precision=0.2381 | Recall=0.3846 | F1=0.2941 | AUC=0.9016 | Spec=0.9188
Class 2: Precision=0.4000 | Recall=0.2308 | F1=0.2927 | AUC=0.9210 | Spec=0.9511
Class 3: Precision=0.9072 | Recall=0.9362 | F1=0.9215 | AUC=0.9834 | Spec=0.9224

Error during evaluation of version 119: not enough values to unpack (expected 6, got 5)

--- Testing version 120 ---
Loaded checkpoint with path ./checkpoints/test_he version 161
TCGACancerStageDataset
=== Overall (All data) ===
Top-1 ACC=0.8333, Top-2 ACC=0.9667, Top-3 ACC=1.0000
Macro Precision=0.6333 Recall=0.6240 F1=0.5959 AUC=0.9526
Specificity (macro avg)=0.9394
Class 0: Precision=1.0000 | Recall=1.0000 | F1=1.0000 | AUC=1.0000 | Spec=1.0000
Class 1: Precision=0.3000 | Recall=0.4615 | F1=0.3636 | AUC=0.9223 | Spec=0.9289
Class 2: Precision=0.4000 | Recall=0.0769 | F1=0.1290 | AUC=0.9093 | Spec=0.9837
Class 3: Precision=0.8333 | Recall=0.9574 | F1=0.8911 | AUC=0.9790 | Spec=0.8448

Error during evaluation of version 120: not enough values to unpack (expected 6, got 5)

--- Testing version 121 ---
Loaded checkpoint with path ./checkpoints/test_he version 161
TCGACancerStageDataset
=== Overall (All data) ===
Top-1 ACC=0.8476, Top-2 ACC=0.9667, Top-3 ACC=1.0000
Macro Precision=0.6832 Recall=0.6801 F1=0.6733 AUC=0.9508
Specificity (macro avg)=0.9489
Class 0: Precision=1.0000 | Recall=0.9870 | F1=0.9935 | AUC=0.9999 | Spec=1.0000
Class 1: Precision=0.3158 | Recall=0.4615 | F1=0.3750 | AUC=0.9200 | Spec=0.9340
Class 2: Precision=0.5294 | Recall=0.3462 | F1=0.4186 | AUC=0.9114 | Spec=0.9565
Class 3: Precision=0.8878 | Recall=0.9255 | F1=0.9062 | AUC=0.9720 | Spec=0.9052

Error during evaluation of version 121: not enough values to unpack (expected 6, got 5)

--- Testing version 122 ---
Loaded checkpoint with path ./checkpoints/test_he version 161
TCGACancerStageDataset
=== Overall (All data) ===
Top-1 ACC=0.8571, Top-2 ACC=0.9714, Top-3 ACC=1.0000
Macro Precision=0.6882 Recall=0.6528 F1=0.6633 AUC=0.9571
Specificity (macro avg)=0.9480
Class 0: Precision=1.0000 | Recall=1.0000 | F1=1.0000 | AUC=1.0000 | Spec=1.0000
Class 1: Precision=0.3333 | Recall=0.3077 | F1=0.3200 | AUC=0.9246 | Spec=0.9594
Class 2: Precision=0.5625 | Recall=0.3462 | F1=0.4286 | AUC=0.9235 | Spec=0.9620
Class 3: Precision=0.8571 | Recall=0.9574 | F1=0.9045 | AUC=0.9804 | Spec=0.8707

Error during evaluation of version 122: not enough values to unpack (expected 6, got 5)

--- Testing version 123 ---
Loaded checkpoint with path ./checkpoints/test_he version 161
TCGACancerStageDataset
=== Overall (All data) ===
Top-1 ACC=0.8571, Top-2 ACC=0.9714, Top-3 ACC=1.0000
Macro Precision=0.6968 Recall=0.6459 F1=0.6614 AUC=0.9596
Specificity (macro avg)=0.9461
Class 0: Precision=1.0000 | Recall=1.0000 | F1=1.0000 | AUC=1.0000 | Spec=1.0000
Class 1: Precision=0.4444 | Recall=0.3077 | F1=0.3636 | AUC=0.9348 | Spec=0.9746
Class 2: Precision=0.5000 | Recall=0.3077 | F1=0.3810 | AUC=0.9243 | Spec=0.9565
Class 3: Precision=0.8426 | Recall=0.9681 | F1=0.9010 | AUC=0.9791 | Spec=0.8534

Error during evaluation of version 123: not enough values to unpack (expected 6, got 5)

--- Testing version 124 ---
Loaded checkpoint with path ./checkpoints/test_he version 161
TCGACancerStageDataset
=== Overall (All data) ===
Top-1 ACC=0.8571, Top-2 ACC=0.9571, Top-3 ACC=1.0000
Macro Precision=0.6576 Recall=0.6405 F1=0.6471 AUC=0.9547
Specificity (macro avg)=0.9508
Class 0: Precision=0.9872 | Recall=1.0000 | F1=0.9935 | AUC=1.0000 | Spec=0.9925
Class 1: Precision=0.1818 | Recall=0.1538 | F1=0.1667 | AUC=0.9145 | Spec=0.9543
Class 2: Precision=0.5714 | Recall=0.4615 | F1=0.5106 | AUC=0.9247 | Spec=0.9511
Class 3: Precision=0.8900 | Recall=0.9468 | F1=0.9175 | AUC=0.9794 | Spec=0.9052

Error during evaluation of version 124: not enough values to unpack (expected 6, got 5)

--- Testing version 125 ---
Loaded checkpoint with path ./checkpoints/test_he version 161
TCGACancerStageDataset
=== Overall (All data) ===
Top-1 ACC=0.7476, Top-2 ACC=0.8810, Top-3 ACC=0.9333
Macro Precision=0.5968 Recall=0.5564 F1=0.5662 AUC=0.9338
Specificity (macro avg)=0.9034
Class 0: Precision=1.0000 | Recall=0.7403 | F1=0.8507 | AUC=0.9891 | Spec=1.0000
Class 1: Precision=0.2308 | Recall=0.2308 | F1=0.2308 | AUC=0.8942 | Spec=0.9492
Class 2: Precision=0.4211 | Recall=0.3077 | F1=0.3556 | AUC=0.8953 | Spec=0.9402
Class 3: Precision=0.7355 | Recall=0.9468 | F1=0.8279 | AUC=0.9567 | Spec=0.7241

Error during evaluation of version 125: not enough values to unpack (expected 6, got 5)

--- Testing version 126 ---
Loaded checkpoint with path ./checkpoints/test_he version 161
TCGACancerStageDataset
=== Overall (All data) ===
Top-1 ACC=0.8571, Top-2 ACC=0.9619, Top-3 ACC=1.0000
Macro Precision=0.6823 Recall=0.6678 F1=0.6652 AUC=0.9559
Specificity (macro avg)=0.9516
Class 0: Precision=1.0000 | Recall=0.9870 | F1=0.9935 | AUC=0.9999 | Spec=1.0000
Class 1: Precision=0.3333 | Recall=0.1538 | F1=0.2105 | AUC=0.9223 | Spec=0.9797
Class 2: Precision=0.5000 | Recall=0.6154 | F1=0.5517 | AUC=0.9220 | Spec=0.9130
Class 3: Precision=0.8958 | Recall=0.9149 | F1=0.9053 | AUC=0.9794 | Spec=0.9138

Error during evaluation of version 126: not enough values to unpack (expected 6, got 5)

--- Testing version 127 ---
Loaded checkpoint with path ./checkpoints/test_he version 161
TCGACancerStageDataset
=== Overall (All data) ===
Top-1 ACC=0.8429, Top-2 ACC=0.9571, Top-3 ACC=1.0000
Macro Precision=0.6474 Recall=0.6212 F1=0.6219 AUC=0.9492
Specificity (macro avg)=0.9419
Class 0: Precision=1.0000 | Recall=0.9610 | F1=0.9801 | AUC=0.9994 | Spec=1.0000
Class 1: Precision=0.2500 | Recall=0.0769 | F1=0.1176 | AUC=0.9032 | Spec=0.9848
Class 2: Precision=0.5000 | Recall=0.5000 | F1=0.5000 | AUC=0.9174 | Spec=0.9293
Class 3: Precision=0.8396 | Recall=0.9468 | F1=0.8900 | AUC=0.9769 | Spec=0.8534

Error during evaluation of version 127: not enough values to unpack (expected 6, got 5)

--- Testing version 128 ---
Loaded checkpoint with path ./checkpoints/test_he version 161
TCGACancerStageDataset
=== Overall (All data) ===
Top-1 ACC=0.8429, Top-2 ACC=0.9429, Top-3 ACC=0.9905
Macro Precision=0.6242 Recall=0.6212 F1=0.6197 AUC=0.9460
Specificity (macro avg)=0.9453
Class 0: Precision=1.0000 | Recall=0.9610 | F1=0.9801 | AUC=0.9961 | Spec=1.0000
Class 1: Precision=0.1429 | Recall=0.0769 | F1=0.1000 | AUC=0.8985 | Spec=0.9695
Class 2: Precision=0.4815 | Recall=0.5000 | F1=0.4906 | AUC=0.9210 | Spec=0.9239
Class 3: Precision=0.8725 | Recall=0.9468 | F1=0.9082 | AUC=0.9685 | Spec=0.8879

Error during evaluation of version 128: not enough values to unpack (expected 6, got 5)

--- Testing version 129 ---
Loaded checkpoint with path ./checkpoints/test_he version 161
TCGACancerStageDataset
=== Overall (All data) ===
Top-1 ACC=0.8667, Top-2 ACC=0.9524, Top-3 ACC=1.0000
Macro Precision=0.7399 Recall=0.7367 F1=0.6957 AUC=0.9591
Specificity (macro avg)=0.9562
Class 0: Precision=1.0000 | Recall=1.0000 | F1=1.0000 | AUC=1.0000 | Spec=1.0000
Class 1: Precision=0.3846 | Recall=0.7692 | F1=0.5128 | AUC=0.9305 | Spec=0.9188
Class 2: Precision=0.6667 | Recall=0.2308 | F1=0.3429 | AUC=0.9287 | Spec=0.9837
Class 3: Precision=0.9082 | Recall=0.9468 | F1=0.9271 | AUC=0.9772 | Spec=0.9224

Error during evaluation of version 129: not enough values to unpack (expected 6, got 5)

--- Testing version 130 ---
Loaded checkpoint with path ./checkpoints/test_he version 161
TCGACancerStageDataset
=== Overall (All data) ===
Top-1 ACC=0.8714, Top-2 ACC=0.9524, Top-3 ACC=0.9952
Macro Precision=0.6831 Recall=0.6833 F1=0.6796 AUC=0.9518
Specificity (macro avg)=0.9575
Class 0: Precision=1.0000 | Recall=1.0000 | F1=1.0000 | AUC=1.0000 | Spec=1.0000
Class 1: Precision=0.2500 | Recall=0.1538 | F1=0.1905 | AUC=0.9024 | Spec=0.9695
Class 2: Precision=0.5667 | Recall=0.6538 | F1=0.6071 | AUC=0.9293 | Spec=0.9293
Class 3: Precision=0.9158 | Recall=0.9255 | F1=0.9206 | AUC=0.9755 | Spec=0.9310

Error during evaluation of version 130: not enough values to unpack (expected 6, got 5)

--- Testing version 131 ---
Loaded checkpoint with path ./checkpoints/test_he version 161
TCGACancerStageDataset
=== Overall (All data) ===
Top-1 ACC=0.8714, Top-2 ACC=0.9429, Top-3 ACC=1.0000
Macro Precision=0.7111 Recall=0.6886 F1=0.6981 AUC=0.9574
Specificity (macro avg)=0.9552
Class 0: Precision=1.0000 | Recall=1.0000 | F1=1.0000 | AUC=1.0000 | Spec=1.0000
Class 1: Precision=0.3636 | Recall=0.3077 | F1=0.3333 | AUC=0.9168 | Spec=0.9645
Class 2: Precision=0.5909 | Recall=0.5000 | F1=0.5417 | AUC=0.9335 | Spec=0.9511
Class 3: Precision=0.8900 | Recall=0.9468 | F1=0.9175 | AUC=0.9792 | Spec=0.9052

Error during evaluation of version 131: not enough values to unpack (expected 6, got 5)

--- Testing version 132 ---
Loaded checkpoint with path ./checkpoints/test_he version 161
TCGACancerStageDataset
=== Overall (All data) ===
Top-1 ACC=0.8524, Top-2 ACC=0.9619, Top-3 ACC=1.0000
Macro Precision=0.6728 Recall=0.6432 F1=0.6525 AUC=0.9578
Specificity (macro avg)=0.9466
Class 0: Precision=1.0000 | Recall=1.0000 | F1=1.0000 | AUC=1.0000 | Spec=1.0000
Class 1: Precision=0.3636 | Recall=0.3077 | F1=0.3333 | AUC=0.9270 | Spec=0.9645
Class 2: Precision=0.4706 | Recall=0.3077 | F1=0.3721 | AUC=0.9245 | Spec=0.9511
Class 3: Precision=0.8571 | Recall=0.9574 | F1=0.9045 | AUC=0.9798 | Spec=0.8707

Error during evaluation of version 132: not enough values to unpack (expected 6, got 5)

--- Testing version 133 ---
Loaded checkpoint with path ./checkpoints/test_he version 161
TCGACancerStageDataset
=== Overall (All data) ===
Top-1 ACC=0.8571, Top-2 ACC=0.9810, Top-3 ACC=1.0000
Macro Precision=0.6865 Recall=0.6656 F1=0.6742 AUC=0.9647
Specificity (macro avg)=0.9503
Class 0: Precision=1.0000 | Recall=0.9740 | F1=0.9868 | AUC=1.0000 | Spec=1.0000
Class 1: Precision=0.3636 | Recall=0.3077 | F1=0.3333 | AUC=0.9488 | Spec=0.9645
Class 2: Precision=0.5000 | Recall=0.4231 | F1=0.4583 | AUC=0.9287 | Spec=0.9402
Class 3: Precision=0.8824 | Recall=0.9574 | F1=0.9184 | AUC=0.9812 | Spec=0.8966

Error during evaluation of version 133: not enough values to unpack (expected 6, got 5)

--- Testing version 134 ---
Loaded checkpoint with path ./checkpoints/test_he version 161
TCGACancerStageDataset
=== Overall (All data) ===
Top-1 ACC=0.8667, Top-2 ACC=0.9762, Top-3 ACC=1.0000
Macro Precision=0.7057 Recall=0.6833 F1=0.6857 AUC=0.9594
Specificity (macro avg)=0.9567
Class 0: Precision=1.0000 | Recall=1.0000 | F1=1.0000 | AUC=1.0000 | Spec=1.0000
Class 1: Precision=0.4286 | Recall=0.2308 | F1=0.3000 | AUC=0.9340 | Spec=0.9797
Class 2: Precision=0.4688 | Recall=0.5769 | F1=0.5172 | AUC=0.9228 | Spec=0.9076
Class 3: Precision=0.9255 | Recall=0.9255 | F1=0.9255 | AUC=0.9808 | Spec=0.9397

Error during evaluation of version 134: not enough values to unpack (expected 6, got 5)

--- Testing version 135 ---
Loaded checkpoint with path ./checkpoints/test_he version 161
TCGACancerStageDataset
=== Overall (All data) ===
Top-1 ACC=0.8571, Top-2 ACC=0.9619, Top-3 ACC=1.0000
Macro Precision=0.7426 Recall=0.7817 F1=0.7557 AUC=0.9572
Specificity (macro avg)=0.9567
Class 0: Precision=1.0000 | Recall=1.0000 | F1=1.0000 | AUC=1.0000 | Spec=1.0000
Class 1: Precision=0.5333 | Recall=0.6154 | F1=0.5714 | AUC=0.9367 | Spec=0.9645
Class 2: Precision=0.4865 | Recall=0.6923 | F1=0.5714 | AUC=0.9112 | Spec=0.8967
Class 3: Precision=0.9506 | Recall=0.8191 | F1=0.8800 | AUC=0.9807 | Spec=0.9655

Error during evaluation of version 135: not enough values to unpack (expected 6, got 5)

--- Testing version 136 ---
Loaded checkpoint with path ./checkpoints/test_he version 161
TCGACancerStageDataset
=== Overall (All data) ===
Top-1 ACC=0.8429, Top-2 ACC=0.9571, Top-3 ACC=0.9952
Macro Precision=0.6583 Recall=0.6737 F1=0.6504 AUC=0.9568
Specificity (macro avg)=0.9500
Class 0: Precision=0.9747 | Recall=1.0000 | F1=0.9872 | AUC=0.9962 | Spec=0.9850
Class 1: Precision=0.3043 | Recall=0.5385 | F1=0.3889 | AUC=0.9344 | Spec=0.9188
Class 2: Precision=0.4286 | Recall=0.2308 | F1=0.3000 | AUC=0.9120 | Spec=0.9565
Class 3: Precision=0.9255 | Recall=0.9255 | F1=0.9255 | AUC=0.9846 | Spec=0.9397

Error during evaluation of version 136: not enough values to unpack (expected 6, got 5)

--- Testing version 137 ---
Loaded checkpoint with path ./checkpoints/test_he version 161
TCGACancerStageDataset
=== Overall (All data) ===
Top-1 ACC=0.8857, Top-2 ACC=0.9619, Top-3 ACC=1.0000
Macro Precision=0.7684 Recall=0.7934 F1=0.7791 AUC=0.9617
Specificity (macro avg)=0.9632
Class 0: Precision=1.0000 | Recall=1.0000 | F1=1.0000 | AUC=1.0000 | Spec=1.0000
Class 1: Precision=0.5625 | Recall=0.6923 | F1=0.6207 | AUC=0.9449 | Spec=0.9645
Class 2: Precision=0.5769 | Recall=0.5769 | F1=0.5769 | AUC=0.9202 | Spec=0.9402
Class 3: Precision=0.9341 | Recall=0.9043 | F1=0.9189 | AUC=0.9817 | Spec=0.9483

Error during evaluation of version 137: not enough values to unpack (expected 6, got 5)

--- Testing version 138 ---
Loaded checkpoint with path ./checkpoints/test_he version 161
TCGACancerStageDataset
=== Overall (All data) ===
Top-1 ACC=0.8810, Top-2 ACC=0.9667, Top-3 ACC=1.0000
Macro Precision=0.7444 Recall=0.7340 F1=0.7386 AUC=0.9572
Specificity (macro avg)=0.9595
Class 0: Precision=1.0000 | Recall=1.0000 | F1=1.0000 | AUC=1.0000 | Spec=1.0000
Class 1: Precision=0.4615 | Recall=0.4615 | F1=0.4615 | AUC=0.9215 | Spec=0.9645
Class 2: Precision=0.6087 | Recall=0.5385 | F1=0.5714 | AUC=0.9243 | Spec=0.9511
Class 3: Precision=0.9072 | Recall=0.9362 | F1=0.9215 | AUC=0.9829 | Spec=0.9224

Error during evaluation of version 138: not enough values to unpack (expected 6, got 5)

--- Testing version 139 ---
Loaded checkpoint with path ./checkpoints/test_he version 161
TCGACancerStageDataset
=== Overall (All data) ===
Top-1 ACC=0.8762, Top-2 ACC=0.9762, Top-3 ACC=1.0000
Macro Precision=0.7756 Recall=0.6929 F1=0.6914 AUC=0.9568
Specificity (macro avg)=0.9576
Class 0: Precision=1.0000 | Recall=1.0000 | F1=1.0000 | AUC=1.0000 | Spec=1.0000
Class 1: Precision=0.6667 | Recall=0.1538 | F1=0.2500 | AUC=0.9266 | Spec=0.9949
Class 2: Precision=0.5294 | Recall=0.6923 | F1=0.6000 | AUC=0.9208 | Spec=0.9130
Class 3: Precision=0.9062 | Recall=0.9255 | F1=0.9158 | AUC=0.9800 | Spec=0.9224

Error during evaluation of version 139: not enough values to unpack (expected 6, got 5)

--- Testing version 140 ---
Loaded checkpoint with path ./checkpoints/test_he version 161
TCGACancerStageDataset
=== Overall (All data) ===
Top-1 ACC=0.8429, Top-2 ACC=0.9571, Top-3 ACC=1.0000
Macro Precision=0.5697 Recall=0.5925 F1=0.5805 AUC=0.9455
Specificity (macro avg)=0.9435
Class 0: Precision=1.0000 | Recall=1.0000 | F1=1.0000 | AUC=1.0000 | Spec=1.0000
Class 1: Precision=0.0000 | Recall=0.0000 | F1=0.0000 | AUC=0.9063 | Spec=0.9848
Class 2: Precision=0.4231 | Recall=0.4231 | F1=0.4231 | AUC=0.9049 | Spec=0.9185
Class 3: Precision=0.8558 | Recall=0.9468 | F1=0.8990 | AUC=0.9708 | Spec=0.8707

Error during evaluation of version 140: not enough values to unpack (expected 6, got 5)

--- Testing version 141 ---
Loaded checkpoint with path ./checkpoints/test_he version 161
TCGACancerStageDataset
=== Overall (All data) ===
Top-1 ACC=0.8476, Top-2 ACC=0.9524, Top-3 ACC=0.9857
Macro Precision=0.6901 Recall=0.6853 F1=0.6826 AUC=0.9491
Specificity (macro avg)=0.9480
Class 0: Precision=1.0000 | Recall=0.9481 | F1=0.9733 | AUC=0.9930 | Spec=1.0000
Class 1: Precision=0.3529 | Recall=0.4615 | F1=0.4000 | AUC=0.9239 | Spec=0.9442
Class 2: Precision=0.5263 | Recall=0.3846 | F1=0.4444 | AUC=0.9120 | Spec=0.9511
Class 3: Precision=0.8812 | Recall=0.9468 | F1=0.9128 | AUC=0.9677 | Spec=0.8966

Error during evaluation of version 141: not enough values to unpack (expected 6, got 5)

--- Testing version 142 ---
Loaded checkpoint with path ./checkpoints/test_he version 161
TCGACancerStageDataset
=== Overall (All data) ===
Top-1 ACC=0.8524, Top-2 ACC=0.9619, Top-3 ACC=1.0000
Macro Precision=0.7227 Recall=0.7549 F1=0.7336 AUC=0.9535
Specificity (macro avg)=0.9554
Class 0: Precision=1.0000 | Recall=0.9870 | F1=0.9935 | AUC=1.0000 | Spec=1.0000
Class 1: Precision=0.4667 | Recall=0.5385 | F1=0.5000 | AUC=0.9356 | Spec=0.9594
Class 2: Precision=0.4722 | Recall=0.6538 | F1=0.5484 | AUC=0.9024 | Spec=0.8967
Class 3: Precision=0.9518 | Recall=0.8404 | F1=0.8927 | AUC=0.9760 | Spec=0.9655

Error during evaluation of version 142: not enough values to unpack (expected 6, got 5)

--- Testing version 143 ---
Loaded checkpoint with path ./checkpoints/test_he version 161
TCGACancerStageDataset
=== Overall (All data) ===
Top-1 ACC=0.8667, Top-2 ACC=0.9571, Top-3 ACC=1.0000
Macro Precision=0.7218 Recall=0.7175 F1=0.6986 AUC=0.9582
Specificity (macro avg)=0.9560
Class 0: Precision=1.0000 | Recall=1.0000 | F1=1.0000 | AUC=1.0000 | Spec=1.0000
Class 1: Precision=0.3636 | Recall=0.6154 | F1=0.4571 | AUC=0.9313 | Spec=0.9289
Class 2: Precision=0.6154 | Recall=0.3077 | F1=0.4103 | AUC=0.9245 | Spec=0.9728
Class 3: Precision=0.9082 | Recall=0.9468 | F1=0.9271 | AUC=0.9770 | Spec=0.9224

Error during evaluation of version 143: not enough values to unpack (expected 6, got 5)

--- Testing version 144 ---
Loaded checkpoint with path ./checkpoints/test_he version 161
TCGACancerStageDataset
=== Overall (All data) ===
Top-1 ACC=0.8476, Top-2 ACC=0.9810, Top-3 ACC=1.0000
Macro Precision=0.7247 Recall=0.6876 F1=0.6523 AUC=0.9474
Specificity (macro avg)=0.9526
Class 0: Precision=1.0000 | Recall=0.9870 | F1=0.9935 | AUC=1.0000 | Spec=1.0000
Class 1: Precision=0.5000 | Recall=0.0769 | F1=0.1333 | AUC=0.8946 | Spec=0.9949
Class 2: Precision=0.4583 | Recall=0.8462 | F1=0.5946 | AUC=0.9120 | Spec=0.8587
Class 3: Precision=0.9405 | Recall=0.8404 | F1=0.8876 | AUC=0.9830 | Spec=0.9569

Error during evaluation of version 144: not enough values to unpack (expected 6, got 5)

--- Testing version 145 ---
Loaded checkpoint with path ./checkpoints/test_he version 161
TCGACancerStageDataset
=== Overall (All data) ===
Top-1 ACC=0.8571, Top-2 ACC=0.9667, Top-3 ACC=1.0000
Macro Precision=0.7189 Recall=0.6651 F1=0.6474 AUC=0.9482
Specificity (macro avg)=0.9530
Class 0: Precision=1.0000 | Recall=0.9870 | F1=0.9935 | AUC=0.9998 | Spec=1.0000
Class 1: Precision=0.5000 | Recall=0.0769 | F1=0.1333 | AUC=0.9231 | Spec=0.9949
Class 2: Precision=0.4615 | Recall=0.6923 | F1=0.5538 | AUC=0.8957 | Spec=0.8859
Class 3: Precision=0.9140 | Recall=0.9043 | F1=0.9091 | AUC=0.9741 | Spec=0.9310

Error during evaluation of version 145: not enough values to unpack (expected 6, got 5)

--- Testing version 146 ---
Loaded checkpoint with path ./checkpoints/test_he version 161
TCGACancerStageDataset
=== Overall (All data) ===
Top-1 ACC=0.8429, Top-2 ACC=0.9667, Top-3 ACC=0.9952
Macro Precision=0.6613 Recall=0.6801 F1=0.6629 AUC=0.9397
Specificity (macro avg)=0.9492
Class 0: Precision=1.0000 | Recall=0.9870 | F1=0.9935 | AUC=1.0000 | Spec=1.0000
Class 1: Precision=0.3500 | Recall=0.5385 | F1=0.4242 | AUC=0.9125 | Spec=0.9340
Class 2: Precision=0.3889 | Recall=0.2692 | F1=0.3182 | AUC=0.8691 | Spec=0.9402
Class 3: Precision=0.9062 | Recall=0.9255 | F1=0.9158 | AUC=0.9772 | Spec=0.9224

Error during evaluation of version 146: not enough values to unpack (expected 6, got 5)

--- Testing version 147 ---
Loaded checkpoint with path ./checkpoints/test_he version 161
TCGACancerStageDataset
=== Overall (All data) ===
Top-1 ACC=0.8619, Top-2 ACC=0.9762, Top-3 ACC=1.0000
Macro Precision=0.6992 Recall=0.6704 F1=0.6696 AUC=0.9541
Specificity (macro avg)=0.9529
Class 0: Precision=1.0000 | Recall=0.9870 | F1=0.9935 | AUC=0.9988 | Spec=1.0000
Class 1: Precision=0.4000 | Recall=0.1538 | F1=0.2222 | AUC=0.9297 | Spec=0.9848
Class 2: Precision=0.5000 | Recall=0.6154 | F1=0.5517 | AUC=0.9120 | Spec=0.9130
Class 3: Precision=0.8969 | Recall=0.9255 | F1=0.9110 | AUC=0.9758 | Spec=0.9138

Error during evaluation of version 147: not enough values to unpack (expected 6, got 5)

--- Testing version 148 ---
Loaded checkpoint with path ./checkpoints/test_he version 161
TCGACancerStageDataset
=== Overall (All data) ===
Top-1 ACC=0.8667, Top-2 ACC=0.9857, Top-3 ACC=1.0000
Macro Precision=0.7722 Recall=0.7015 F1=0.6896 AUC=0.9515
Specificity (macro avg)=0.9565
Class 0: Precision=1.0000 | Recall=1.0000 | F1=1.0000 | AUC=1.0000 | Spec=1.0000
Class 1: Precision=0.6667 | Recall=0.1538 | F1=0.2500 | AUC=0.9219 | Spec=0.9949
Class 2: Precision=0.5000 | Recall=0.7692 | F1=0.6061 | AUC=0.9076 | Spec=0.8913
Class 3: Precision=0.9222 | Recall=0.8830 | F1=0.9022 | AUC=0.9766 | Spec=0.9397

Error during evaluation of version 148: not enough values to unpack (expected 6, got 5)

--- Testing version 149 ---
Loaded checkpoint with path ./checkpoints/test_he version 161
TCGACancerStageDataset
=== Overall (All data) ===
Top-1 ACC=0.8571, Top-2 ACC=0.9619, Top-3 ACC=1.0000
Macro Precision=0.6870 Recall=0.6946 F1=0.6903 AUC=0.9438
Specificity (macro avg)=0.9545
Class 0: Precision=1.0000 | Recall=1.0000 | F1=1.0000 | AUC=1.0000 | Spec=1.0000
Class 1: Precision=0.3077 | Recall=0.3077 | F1=0.3077 | AUC=0.8993 | Spec=0.9543
Class 2: Precision=0.5172 | Recall=0.5769 | F1=0.5455 | AUC=0.8986 | Spec=0.9239
Class 3: Precision=0.9231 | Recall=0.8936 | F1=0.9081 | AUC=0.9773 | Spec=0.9397

Error during evaluation of version 149: not enough values to unpack (expected 6, got 5)

--- Testing version 150 ---
Loaded checkpoint with path ./checkpoints/test_he version 161
TCGACancerStageDataset
=== Overall (All data) ===
Top-1 ACC=0.8857, Top-2 ACC=0.9714, Top-3 ACC=1.0000
Macro Precision=0.7716 Recall=0.7698 F1=0.7700 AUC=0.9601
Specificity (macro avg)=0.9608
Class 0: Precision=1.0000 | Recall=1.0000 | F1=1.0000 | AUC=1.0000 | Spec=1.0000
Class 1: Precision=0.5714 | Recall=0.6154 | F1=0.5926 | AUC=0.9418 | Spec=0.9695
Class 2: Precision=0.6087 | Recall=0.5385 | F1=0.5714 | AUC=0.9231 | Spec=0.9511
Class 3: Precision=0.9062 | Recall=0.9255 | F1=0.9158 | AUC=0.9754 | Spec=0.9224

Error during evaluation of version 150: not enough values to unpack (expected 6, got 5)

--- Testing version 151 ---
Loaded checkpoint with path ./checkpoints/test_he version 161
TCGACancerStageDataset
=== Overall (All data) ===
Top-1 ACC=0.8714, Top-2 ACC=0.9619, Top-3 ACC=1.0000
Macro Precision=0.7114 Recall=0.6956 F1=0.7019 AUC=0.9532
Specificity (macro avg)=0.9567
Class 0: Precision=1.0000 | Recall=1.0000 | F1=1.0000 | AUC=1.0000 | Spec=1.0000
Class 1: Precision=0.4000 | Recall=0.3077 | F1=0.3478 | AUC=0.9227 | Spec=0.9695
Class 2: Precision=0.5385 | Recall=0.5385 | F1=0.5385 | AUC=0.9130 | Spec=0.9348
Class 3: Precision=0.9072 | Recall=0.9362 | F1=0.9215 | AUC=0.9773 | Spec=0.9224

Error during evaluation of version 151: not enough values to unpack (expected 6, got 5)

--- Testing version 152 ---
Loaded checkpoint with path ./checkpoints/test_he version 161
TCGACancerStageDataset
=== Overall (All data) ===
Top-1 ACC=0.8714, Top-2 ACC=0.9762, Top-3 ACC=1.0000
Macro Precision=0.6049 Recall=0.6641 F1=0.6297 AUC=0.9494
Specificity (macro avg)=0.9561
Class 0: Precision=1.0000 | Recall=1.0000 | F1=1.0000 | AUC=1.0000 | Spec=1.0000
Class 1: Precision=0.0000 | Recall=0.0000 | F1=0.0000 | AUC=0.9102 | Spec=1.0000
Class 2: Precision=0.5135 | Recall=0.7308 | F1=0.6032 | AUC=0.9118 | Spec=0.9022
Class 3: Precision=0.9062 | Recall=0.9255 | F1=0.9158 | AUC=0.9756 | Spec=0.9224

Error during evaluation of version 152: not enough values to unpack (expected 6, got 5)

--- Testing version 153 ---
Loaded checkpoint with path ./checkpoints/test_he version 161
TCGACancerStageDataset
=== Overall (All data) ===
Top-1 ACC=0.8762, Top-2 ACC=0.9667, Top-3 ACC=1.0000
Macro Precision=0.8618 Recall=0.7463 F1=0.7506 AUC=0.9553
Specificity (macro avg)=0.9591
Class 0: Precision=1.0000 | Recall=0.9870 | F1=0.9935 | AUC=0.9974 | Spec=1.0000
Class 1: Precision=1.0000 | Recall=0.3077 | F1=0.4706 | AUC=0.9332 | Spec=1.0000
Class 2: Precision=0.5250 | Recall=0.8077 | F1=0.6364 | AUC=0.9149 | Spec=0.8967
Class 3: Precision=0.9222 | Recall=0.8830 | F1=0.9022 | AUC=0.9759 | Spec=0.9397

Error during evaluation of version 153: not enough values to unpack (expected 6, got 5)

--- Testing version 154 ---
Loaded checkpoint with path ./checkpoints/test_he version 161
TCGACancerStageDataset
=== Overall (All data) ===
Top-1 ACC=0.8095, Top-2 ACC=0.9524, Top-3 ACC=1.0000
Macro Precision=0.6505 Recall=0.6690 F1=0.6389 AUC=0.9428
Specificity (macro avg)=0.9438
Class 0: Precision=1.0000 | Recall=0.9870 | F1=0.9935 | AUC=1.0000 | Spec=1.0000
Class 1: Precision=0.2500 | Recall=0.1538 | F1=0.1905 | AUC=0.8985 | Spec=0.9695
Class 2: Precision=0.3922 | Recall=0.7692 | F1=0.5195 | AUC=0.8984 | Spec=0.8315
Class 3: Precision=0.9600 | Recall=0.7660 | F1=0.8521 | AUC=0.9745 | Spec=0.9741

Error during evaluation of version 154: not enough values to unpack (expected 6, got 5)

--- Testing version 155 ---
Loaded checkpoint with path ./checkpoints/test_he version 161
TCGACancerStageDataset
=== Overall (All data) ===
Top-1 ACC=0.8762, Top-2 ACC=0.9714, Top-3 ACC=1.0000
Macro Precision=0.6940 Recall=0.6624 F1=0.6575 AUC=0.9608
Specificity (macro avg)=0.9561
Class 0: Precision=1.0000 | Recall=1.0000 | F1=1.0000 | AUC=1.0000 | Spec=1.0000
Class 1: Precision=0.3333 | Recall=0.0769 | F1=0.1250 | AUC=0.9348 | Spec=0.9898
Class 2: Precision=0.5517 | Recall=0.6154 | F1=0.5818 | AUC=0.9247 | Spec=0.9293
Class 3: Precision=0.8911 | Recall=0.9574 | F1=0.9231 | AUC=0.9835 | Spec=0.9052

Error during evaluation of version 155: not enough values to unpack (expected 6, got 5)

--- Testing version 156 ---
Loaded checkpoint with path ./checkpoints/test_he version 161
TCGACancerStageDataset
=== Overall (All data) ===
Top-1 ACC=0.9000, Top-2 ACC=0.9714, Top-3 ACC=1.0000
Macro Precision=0.8071 Recall=0.7533 F1=0.7623 AUC=0.9575
Specificity (macro avg)=0.9653
Class 0: Precision=1.0000 | Recall=1.0000 | F1=1.0000 | AUC=1.0000 | Spec=1.0000
Class 1: Precision=0.6667 | Recall=0.3077 | F1=0.4211 | AUC=0.9121 | Spec=0.9898
Class 2: Precision=0.6452 | Recall=0.7692 | F1=0.7018 | AUC=0.9356 | Spec=0.9402
Class 3: Precision=0.9167 | Recall=0.9362 | F1=0.9263 | AUC=0.9823 | Spec=0.9310

Error during evaluation of version 156: not enough values to unpack (expected 6, got 5)

--- Testing version 157 ---
Loaded checkpoint with path ./checkpoints/test_he version 161
TCGACancerStageDataset
=== Overall (All data) ===
Top-1 ACC=0.9048, Top-2 ACC=0.9762, Top-3 ACC=1.0000
Macro Precision=0.8038 Recall=0.7987 F1=0.7993 AUC=0.9661
Specificity (macro avg)=0.9692
Class 0: Precision=1.0000 | Recall=1.0000 | F1=1.0000 | AUC=1.0000 | Spec=1.0000
Class 1: Precision=0.6364 | Recall=0.5385 | F1=0.5833 | AUC=0.9461 | Spec=0.9797
Class 2: Precision=0.6333 | Recall=0.7308 | F1=0.6786 | AUC=0.9333 | Spec=0.9402
Class 3: Precision=0.9457 | Recall=0.9255 | F1=0.9355 | AUC=0.9849 | Spec=0.9569

Error during evaluation of version 157: not enough values to unpack (expected 6, got 5)

--- Testing version 158 ---
Loaded checkpoint with path ./checkpoints/test_he version 161
TCGACancerStageDataset
=== Overall (All data) ===
Top-1 ACC=0.8952, Top-2 ACC=0.9714, Top-3 ACC=1.0000
Macro Precision=0.7924 Recall=0.7960 F1=0.7942 AUC=0.9653
Specificity (macro avg)=0.9650
Class 0: Precision=1.0000 | Recall=1.0000 | F1=1.0000 | AUC=1.0000 | Spec=1.0000
Class 1: Precision=0.6154 | Recall=0.6154 | F1=0.6154 | AUC=0.9473 | Spec=0.9746
Class 2: Precision=0.6296 | Recall=0.6538 | F1=0.6415 | AUC=0.9335 | Spec=0.9457
Class 3: Precision=0.9247 | Recall=0.9149 | F1=0.9198 | AUC=0.9803 | Spec=0.9397

Error during evaluation of version 158: not enough values to unpack (expected 6, got 5)

--- Testing version 159 ---
Loaded checkpoint with path ./checkpoints/test_he version 161
TCGACancerStageDataset
=== Overall (All data) ===
Top-1 ACC=0.8524, Top-2 ACC=0.9476, Top-3 ACC=1.0000
Macro Precision=0.7058 Recall=0.7443 F1=0.7189 AUC=0.9505
Specificity (macro avg)=0.9550
Class 0: Precision=1.0000 | Recall=1.0000 | F1=1.0000 | AUC=1.0000 | Spec=1.0000
Class 1: Precision=0.4000 | Recall=0.6154 | F1=0.4848 | AUC=0.9274 | Spec=0.9391
Class 2: Precision=0.4815 | Recall=0.5000 | F1=0.4906 | AUC=0.9026 | Spec=0.9239
Class 3: Precision=0.9419 | Recall=0.8617 | F1=0.9000 | AUC=0.9722 | Spec=0.9569

Error during evaluation of version 159: not enough values to unpack (expected 6, got 5)

--- Testing version 160 ---
Loaded checkpoint with path ./checkpoints/test_he version 161
TCGACancerStageDataset
=== Overall (All data) ===
Top-1 ACC=0.8524, Top-2 ACC=0.9524, Top-3 ACC=1.0000
Macro Precision=0.7457 Recall=0.7032 F1=0.6961 AUC=0.9506
Specificity (macro avg)=0.9525
Class 0: Precision=1.0000 | Recall=1.0000 | F1=1.0000 | AUC=1.0000 | Spec=1.0000
Class 1: Precision=0.6000 | Recall=0.2308 | F1=0.3333 | AUC=0.9149 | Spec=0.9898
Class 2: Precision=0.4634 | Recall=0.7308 | F1=0.5672 | AUC=0.9105 | Spec=0.8804
Class 3: Precision=0.9195 | Recall=0.8511 | F1=0.8840 | AUC=0.9768 | Spec=0.9397

Error during evaluation of version 160: not enough values to unpack (expected 6, got 5)

--- Testing version 161 ---
Loaded checkpoint with path ./checkpoints/test_he version 161
TCGACancerStageDataset
=== Overall (All data) ===
Top-1 ACC=0.8667, Top-2 ACC=0.9667, Top-3 ACC=1.0000
Macro Precision=0.8501 Recall=0.6946 F1=0.6886 AUC=0.9620
Specificity (macro avg)=0.9556
Class 0: Precision=1.0000 | Recall=1.0000 | F1=1.0000 | AUC=1.0000 | Spec=1.0000
Class 1: Precision=1.0000 | Recall=0.1538 | F1=0.2667 | AUC=0.9406 | Spec=1.0000
Class 2: Precision=0.4872 | Recall=0.7308 | F1=0.5846 | AUC=0.9245 | Spec=0.8913
Class 3: Precision=0.9130 | Recall=0.8936 | F1=0.9032 | AUC=0.9827 | Spec=0.9310

Error during evaluation of version 161: not enough values to unpack (expected 6, got 5)
Found 91 versions to test: [10, 11, 12, 13, 14, 15, 16, 17, 18, 19, 20, 21, 22, 23, 24, 25, 26, 27, 28, 29, 30, 31, 32, 33, 34, 35, 36, 37, 38, 39, 40, 41, 42, 43, 44, 45, 46, 47, 48, 49, 50, 51, 52, 53, 54, 55, 56, 57, 58, 59, 60, 61, 62, 63, 64, 65, 66, 67, 68, 69, 70, 71, 72, 73, 74, 75, 76, 77, 78, 79, 80, 81, 82, 83, 84, 85, 86, 87, 88, 89, 90, 91, 92, 93, 94, 95, 96, 97, 98, 99, 100]


--- Testing version 10 ---
Loaded checkpoint with path ./checkpoints/test_he_seed3 version 100
TCGACancerStageDataset
=== Overall (All data) ===
Top-1 ACC=0.8510, Top-2 ACC=0.9615, Top-3 ACC=1.0000
Macro Precision=0.5759 Recall=0.6067 F1=0.5905 AUC=0.9573
Specificity (macro avg)=0.9488
Class 0: Precision=1.0000 | Recall=1.0000 | F1=1.0000 | AUC=1.0000 | Spec=1.0000
Class 1: Precision=0.0000 | Recall=0.0000 | F1=0.0000 | AUC=0.9302 | Spec=0.9846
Class 2: Precision=0.4138 | Recall=0.4800 | F1=0.4444 | AUC=0.9126 | Spec=0.9071
Class 3: Precision=0.8900 | Recall=0.9468 | F1=0.9175 | AUC=0.9863 | Spec=0.9035

Error during evaluation of version 10: not enough values to unpack (expected 6, got 5)

--- Testing version 11 ---
Loaded checkpoint with path ./checkpoints/test_he_seed3 version 100
TCGACancerStageDataset
=== Overall (All data) ===
Top-1 ACC=0.8750, Top-2 ACC=0.9904, Top-3 ACC=1.0000
Macro Precision=0.6816 Recall=0.6439 F1=0.6422 AUC=0.9647
Specificity (macro avg)=0.9556
Class 0: Precision=1.0000 | Recall=1.0000 | F1=1.0000 | AUC=1.0000 | Spec=1.0000
Class 1: Precision=0.3333 | Recall=0.0769 | F1=0.1250 | AUC=0.9519 | Spec=0.9897
Class 2: Precision=0.5000 | Recall=0.5200 | F1=0.5098 | AUC=0.9207 | Spec=0.9290
Class 3: Precision=0.8932 | Recall=0.9787 | F1=0.9340 | AUC=0.9864 | Spec=0.9035

Error during evaluation of version 11: not enough values to unpack (expected 6, got 5)

--- Testing version 12 ---
Loaded checkpoint with path ./checkpoints/test_he_seed3 version 100
TCGACancerStageDataset
=== Overall (All data) ===
Top-1 ACC=0.8798, Top-2 ACC=0.9663, Top-3 ACC=1.0000
Macro Precision=0.7217 Recall=0.7408 F1=0.6657 AUC=0.9701
Specificity (macro avg)=0.9569
Class 0: Precision=1.0000 | Recall=1.0000 | F1=1.0000 | AUC=1.0000 | Spec=1.0000
Class 1: Precision=0.5000 | Recall=0.9231 | F1=0.6486 | AUC=0.9680 | Spec=0.9385
Class 2: Precision=0.5000 | Recall=0.0400 | F1=0.0741 | AUC=0.9237 | Spec=0.9945
Class 3: Precision=0.8868 | Recall=1.0000 | F1=0.9400 | AUC=0.9888 | Spec=0.8947

Error during evaluation of version 12: not enough values to unpack (expected 6, got 5)

--- Testing version 13 ---
Loaded checkpoint with path ./checkpoints/test_he_seed3 version 100
TCGACancerStageDataset
=== Overall (All data) ===
Top-1 ACC=0.8750, Top-2 ACC=0.9856, Top-3 ACC=1.0000
Macro Precision=0.5967 Recall=0.6200 F1=0.6074 AUC=0.9725
Specificity (macro avg)=0.9547
Class 0: Precision=1.0000 | Recall=1.0000 | F1=1.0000 | AUC=1.0000 | Spec=1.0000
Class 1: Precision=0.0000 | Recall=0.0000 | F1=0.0000 | AUC=0.9578 | Spec=0.9897
Class 2: Precision=0.5000 | Recall=0.4800 | F1=0.4898 | AUC=0.9375 | Spec=0.9344
Class 3: Precision=0.8868 | Recall=1.0000 | F1=0.9400 | AUC=0.9946 | Spec=0.8947

Error during evaluation of version 13: not enough values to unpack (expected 6, got 5)

--- Testing version 14 ---
Loaded checkpoint with path ./checkpoints/test_he_seed3 version 100
TCGACancerStageDataset
=== Overall (All data) ===
Top-1 ACC=0.8462, Top-2 ACC=0.9327, Top-3 ACC=1.0000
Macro Precision=0.7619 Recall=0.5858 F1=0.6033 AUC=0.9668
Specificity (macro avg)=0.9338
Class 0: Precision=0.9744 | Recall=1.0000 | F1=0.9870 | AUC=1.0000 | Spec=0.9848
Class 1: Precision=0.6667 | Recall=0.1538 | F1=0.2500 | AUC=0.9637 | Spec=0.9949
Class 2: Precision=0.6250 | Recall=0.2000 | F1=0.3030 | AUC=0.9185 | Spec=0.9836
Class 3: Precision=0.7815 | Recall=0.9894 | F1=0.8732 | AUC=0.9850 | Spec=0.7719

Error during evaluation of version 14: not enough values to unpack (expected 6, got 5)

--- Testing version 15 ---
Loaded checkpoint with path ./checkpoints/test_he_seed3 version 100
TCGACancerStageDataset
=== Overall (All data) ===
Top-1 ACC=0.8702, Top-2 ACC=0.9663, Top-3 ACC=0.9952
Macro Precision=0.7437 Recall=0.6891 F1=0.7059 AUC=0.9603
Specificity (macro avg)=0.9534
Class 0: Precision=1.0000 | Recall=0.9605 | F1=0.9799 | AUC=1.0000 | Spec=1.0000
Class 1: Precision=0.5714 | Recall=0.3077 | F1=0.4000 | AUC=0.9499 | Spec=0.9846
Class 2: Precision=0.5200 | Recall=0.5200 | F1=0.5200 | AUC=0.9047 | Spec=0.9344
Class 3: Precision=0.8835 | Recall=0.9681 | F1=0.9239 | AUC=0.9867 | Spec=0.8947

Error during evaluation of version 15: not enough values to unpack (expected 6, got 5)

--- Testing version 16 ---
Loaded checkpoint with path ./checkpoints/test_he_seed3 version 100
TCGACancerStageDataset
=== Overall (All data) ===
Top-1 ACC=0.8750, Top-2 ACC=0.9952, Top-3 ACC=1.0000
Macro Precision=0.5926 Recall=0.6200 F1=0.6051 AUC=0.9700
Specificity (macro avg)=0.9529
Class 0: Precision=1.0000 | Recall=1.0000 | F1=1.0000 | AUC=1.0000 | Spec=1.0000
Class 1: Precision=0.0000 | Recall=0.0000 | F1=0.0000 | AUC=0.9688 | Spec=1.0000
Class 2: Precision=0.5000 | Recall=0.4800 | F1=0.4898 | AUC=0.9233 | Spec=0.9344
Class 3: Precision=0.8704 | Recall=1.0000 | F1=0.9307 | AUC=0.9880 | Spec=0.8772

Error during evaluation of version 16: not enough values to unpack (expected 6, got 5)

--- Testing version 17 ---
Loaded checkpoint with path ./checkpoints/test_he_seed3 version 100
TCGACancerStageDataset
=== Overall (All data) ===
Top-1 ACC=0.8654, Top-2 ACC=0.9808, Top-3 ACC=1.0000
Macro Precision=0.7063 Recall=0.6344 F1=0.6529 AUC=0.9644
Specificity (macro avg)=0.9488
Class 0: Precision=1.0000 | Recall=0.9868 | F1=0.9934 | AUC=0.9999 | Spec=1.0000
Class 1: Precision=0.5000 | Recall=0.2308 | F1=0.3158 | AUC=0.9633 | Spec=0.9846
Class 2: Precision=0.4706 | Recall=0.3200 | F1=0.3810 | AUC=0.9108 | Spec=0.9508
Class 3: Precision=0.8545 | Recall=1.0000 | F1=0.9216 | AUC=0.9835 | Spec=0.8596

Error during evaluation of version 17: not enough values to unpack (expected 6, got 5)

--- Testing version 18 ---
Loaded checkpoint with path ./checkpoints/test_he_seed3 version 100
TCGACancerStageDataset
=== Overall (All data) ===
Top-1 ACC=0.8702, Top-2 ACC=0.9760, Top-3 ACC=1.0000
Macro Precision=0.7446 Recall=0.7501 F1=0.6930 AUC=0.9684
Specificity (macro avg)=0.9531
Class 0: Precision=0.9744 | Recall=1.0000 | F1=0.9870 | AUC=1.0000 | Spec=0.9848
Class 1: Precision=0.5217 | Recall=0.9231 | F1=0.6667 | AUC=0.9598 | Spec=0.9436
Class 2: Precision=0.6000 | Recall=0.1200 | F1=0.2000 | AUC=0.9252 | Spec=0.9891
Class 3: Precision=0.8824 | Recall=0.9574 | F1=0.9184 | AUC=0.9886 | Spec=0.8947

Error during evaluation of version 18: not enough values to unpack (expected 6, got 5)

--- Testing version 19 ---
Loaded checkpoint with path ./checkpoints/test_he_seed3 version 100
TCGACancerStageDataset
=== Overall (All data) ===
Top-1 ACC=0.8750, Top-2 ACC=0.9760, Top-3 ACC=1.0000
Macro Precision=0.6946 Recall=0.6385 F1=0.6505 AUC=0.9703
Specificity (macro avg)=0.9540
Class 0: Precision=1.0000 | Recall=1.0000 | F1=1.0000 | AUC=1.0000 | Spec=1.0000
Class 1: Precision=0.4000 | Recall=0.1538 | F1=0.2222 | AUC=0.9527 | Spec=0.9846
Class 2: Precision=0.5000 | Recall=0.4000 | F1=0.4444 | AUC=0.9362 | Spec=0.9454
Class 3: Precision=0.8785 | Recall=1.0000 | F1=0.9353 | AUC=0.9923 | Spec=0.8860

Error during evaluation of version 19: not enough values to unpack (expected 6, got 5)

--- Testing version 20 ---
Loaded checkpoint with path ./checkpoints/test_he_seed3 version 100
TCGACancerStageDataset
=== Overall (All data) ===
Top-1 ACC=0.8606, Top-2 ACC=0.9904, Top-3 ACC=1.0000
Macro Precision=0.5873 Recall=0.6267 F1=0.6058 AUC=0.9634
Specificity (macro avg)=0.9521
Class 0: Precision=0.9744 | Recall=1.0000 | F1=0.9870 | AUC=1.0000 | Spec=0.9848
Class 1: Precision=0.0000 | Recall=0.0000 | F1=0.0000 | AUC=0.9396 | Spec=0.9897
Class 2: Precision=0.4667 | Recall=0.5600 | F1=0.5091 | AUC=0.9246 | Spec=0.9126
Class 3: Precision=0.9082 | Recall=0.9468 | F1=0.9271 | AUC=0.9895 | Spec=0.9211

Error during evaluation of version 20: not enough values to unpack (expected 6, got 5)

--- Testing version 21 ---
Loaded checkpoint with path ./checkpoints/test_he_seed3 version 100
TCGACancerStageDataset
=== Overall (All data) ===
Top-1 ACC=0.8750, Top-2 ACC=0.9760, Top-3 ACC=1.0000
Macro Precision=0.5960 Recall=0.6200 F1=0.6065 AUC=0.9727
Specificity (macro avg)=0.9521
Class 0: Precision=1.0000 | Recall=1.0000 | F1=1.0000 | AUC=1.0000 | Spec=1.0000
Class 1: Precision=0.0000 | Recall=0.0000 | F1=0.0000 | AUC=0.9712 | Spec=1.0000
Class 2: Precision=0.5217 | Recall=0.4800 | F1=0.5000 | AUC=0.9296 | Spec=0.9399
Class 3: Precision=0.8624 | Recall=1.0000 | F1=0.9261 | AUC=0.9900 | Spec=0.8684

Error during evaluation of version 21: not enough values to unpack (expected 6, got 5)

--- Testing version 22 ---
Loaded checkpoint with path ./checkpoints/test_he_seed3 version 100
TCGACancerStageDataset
=== Overall (All data) ===
Top-1 ACC=0.8798, Top-2 ACC=0.9567, Top-3 ACC=1.0000
Macro Precision=0.7336 Recall=0.7259 F1=0.7213 AUC=0.9774
Specificity (macro avg)=0.9583
Class 0: Precision=1.0000 | Recall=1.0000 | F1=1.0000 | AUC=1.0000 | Spec=1.0000
Class 1: Precision=0.5000 | Recall=0.6154 | F1=0.5517 | AUC=0.9692 | Spec=0.9590
Class 2: Precision=0.5333 | Recall=0.3200 | F1=0.4000 | AUC=0.9438 | Spec=0.9617
Class 3: Precision=0.9010 | Recall=0.9681 | F1=0.9333 | AUC=0.9965 | Spec=0.9123

Error during evaluation of version 22: not enough values to unpack (expected 6, got 5)

--- Testing version 23 ---
Loaded checkpoint with path ./checkpoints/test_he_seed3 version 100
TCGACancerStageDataset
=== Overall (All data) ===
Top-1 ACC=0.8702, Top-2 ACC=0.9712, Top-3 ACC=1.0000
Macro Precision=0.7229 Recall=0.6603 F1=0.6806 AUC=0.9725
Specificity (macro avg)=0.9510
Class 0: Precision=1.0000 | Recall=0.9737 | F1=0.9867 | AUC=0.9974 | Spec=1.0000
Class 1: Precision=0.5000 | Recall=0.3077 | F1=0.3810 | AUC=0.9637 | Spec=0.9795
Class 2: Precision=0.5294 | Recall=0.3600 | F1=0.4286 | AUC=0.9368 | Spec=0.9563
Class 3: Precision=0.8624 | Recall=1.0000 | F1=0.9261 | AUC=0.9920 | Spec=0.8684

Error during evaluation of version 23: not enough values to unpack (expected 6, got 5)

--- Testing version 24 ---
Loaded checkpoint with path ./checkpoints/test_he_seed3 version 100
TCGACancerStageDataset
=== Overall (All data) ===
Top-1 ACC=0.8654, Top-2 ACC=0.9952, Top-3 ACC=1.0000
Macro Precision=0.6664 Recall=0.7401 F1=0.6711 AUC=0.9735
Specificity (macro avg)=0.9546
Class 0: Precision=1.0000 | Recall=1.0000 | F1=1.0000 | AUC=1.0000 | Spec=1.0000
Class 1: Precision=0.4800 | Recall=0.9231 | F1=0.6316 | AUC=0.9649 | Spec=0.9333
Class 2: Precision=0.2857 | Recall=0.0800 | F1=0.1250 | AUC=0.9362 | Spec=0.9727
Class 3: Precision=0.9000 | Recall=0.9574 | F1=0.9278 | AUC=0.9930 | Spec=0.9123

Error during evaluation of version 24: not enough values to unpack (expected 6, got 5)

--- Testing version 25 ---
Loaded checkpoint with path ./checkpoints/test_he_seed3 version 100
TCGACancerStageDataset
=== Overall (All data) ===
Top-1 ACC=0.8702, Top-2 ACC=0.9904, Top-3 ACC=1.0000
Macro Precision=0.6794 Recall=0.6505 F1=0.6564 AUC=0.9656
Specificity (macro avg)=0.9550
Class 0: Precision=0.9744 | Recall=1.0000 | F1=0.9870 | AUC=1.0000 | Spec=0.9848
Class 1: Precision=0.3333 | Recall=0.1538 | F1=0.2105 | AUC=0.9487 | Spec=0.9795
Class 2: Precision=0.5000 | Recall=0.4800 | F1=0.4898 | AUC=0.9246 | Spec=0.9344
Class 3: Precision=0.9100 | Recall=0.9681 | F1=0.9381 | AUC=0.9891 | Spec=0.9211

Error during evaluation of version 25: not enough values to unpack (expected 6, got 5)

--- Testing version 26 ---
Loaded checkpoint with path ./checkpoints/test_he_seed3 version 100
TCGACancerStageDataset
=== Overall (All data) ===
Top-1 ACC=0.8750, Top-2 ACC=0.9712, Top-3 ACC=1.0000
Macro Precision=0.6858 Recall=0.6605 F1=0.6646 AUC=0.9687
Specificity (macro avg)=0.9574
Class 0: Precision=1.0000 | Recall=1.0000 | F1=1.0000 | AUC=1.0000 | Spec=1.0000
Class 1: Precision=0.3333 | Recall=0.1538 | F1=0.2105 | AUC=0.9483 | Spec=0.9795
Class 2: Precision=0.5000 | Recall=0.5200 | F1=0.5098 | AUC=0.9338 | Spec=0.9290
Class 3: Precision=0.9100 | Recall=0.9681 | F1=0.9381 | AUC=0.9925 | Spec=0.9211

Error during evaluation of version 26: not enough values to unpack (expected 6, got 5)

--- Testing version 27 ---
Loaded checkpoint with path ./checkpoints/test_he_seed3 version 100
TCGACancerStageDataset
=== Overall (All data) ===
Top-1 ACC=0.8558, Top-2 ACC=0.9952, Top-3 ACC=1.0000
Macro Precision=0.6630 Recall=0.6389 F1=0.6475 AUC=0.9688
Specificity (macro avg)=0.9496
Class 0: Precision=1.0000 | Recall=1.0000 | F1=1.0000 | AUC=1.0000 | Spec=1.0000
Class 1: Precision=0.4000 | Recall=0.3077 | F1=0.3478 | AUC=0.9606 | Spec=0.9692
Class 2: Precision=0.3684 | Recall=0.2800 | F1=0.3182 | AUC=0.9233 | Spec=0.9344
Class 3: Precision=0.8835 | Recall=0.9681 | F1=0.9239 | AUC=0.9913 | Spec=0.8947

Error during evaluation of version 27: not enough values to unpack (expected 6, got 5)

--- Testing version 28 ---
Loaded checkpoint with path ./checkpoints/test_he_seed3 version 100
TCGACancerStageDataset
=== Overall (All data) ===
Top-1 ACC=0.8462, Top-2 ACC=0.9760, Top-3 ACC=0.9952
Macro Precision=0.6089 Recall=0.6380 F1=0.6055 AUC=0.9659
Specificity (macro avg)=0.9432
Class 0: Precision=1.0000 | Recall=0.9737 | F1=0.9867 | AUC=0.9933 | Spec=1.0000
Class 1: Precision=0.3889 | Recall=0.5385 | F1=0.4516 | AUC=0.9590 | Spec=0.9436
Class 2: Precision=0.2000 | Recall=0.0400 | F1=0.0667 | AUC=0.9342 | Spec=0.9781
Class 3: Precision=0.8468 | Recall=1.0000 | F1=0.9171 | AUC=0.9770 | Spec=0.8509

Error during evaluation of version 28: not enough values to unpack (expected 6, got 5)

--- Testing version 29 ---
Loaded checkpoint with path ./checkpoints/test_he_seed3 version 100
TCGACancerStageDataset
=== Overall (All data) ===
Top-1 ACC=0.8798, Top-2 ACC=0.9904, Top-3 ACC=1.0000
Macro Precision=0.7152 Recall=0.6669 F1=0.6831 AUC=0.9729
Specificity (macro avg)=0.9563
Class 0: Precision=1.0000 | Recall=1.0000 | F1=1.0000 | AUC=1.0000 | Spec=1.0000
Class 1: Precision=0.4444 | Recall=0.3077 | F1=0.3636 | AUC=0.9621 | Spec=0.9744
Class 2: Precision=0.5294 | Recall=0.3600 | F1=0.4286 | AUC=0.9370 | Spec=0.9563
Class 3: Precision=0.8868 | Recall=1.0000 | F1=0.9400 | AUC=0.9925 | Spec=0.8947

Error during evaluation of version 29: not enough values to unpack (expected 6, got 5)

--- Testing version 30 ---
Loaded checkpoint with path ./checkpoints/test_he_seed3 version 100
TCGACancerStageDataset
=== Overall (All data) ===
Top-1 ACC=0.8990, Top-2 ACC=0.9856, Top-3 ACC=1.0000
Macro Precision=0.8127 Recall=0.7789 F1=0.7597 AUC=0.9816
Specificity (macro avg)=0.9629
Class 0: Precision=1.0000 | Recall=1.0000 | F1=1.0000 | AUC=1.0000 | Spec=1.0000
Class 1: Precision=0.5789 | Recall=0.8462 | F1=0.6875 | AUC=0.9795 | Spec=0.9590
Class 2: Precision=0.7778 | Recall=0.2800 | F1=0.4118 | AUC=0.9519 | Spec=0.9891
Class 3: Precision=0.8942 | Recall=0.9894 | F1=0.9394 | AUC=0.9949 | Spec=0.9035

Error during evaluation of version 30: not enough values to unpack (expected 6, got 5)

--- Testing version 31 ---
Loaded checkpoint with path ./checkpoints/test_he_seed3 version 100
TCGACancerStageDataset
=== Overall (All data) ===
Top-1 ACC=0.8846, Top-2 ACC=0.9952, Top-3 ACC=1.0000
Macro Precision=0.8587 Recall=0.6805 F1=0.6914 AUC=0.9755
Specificity (macro avg)=0.9576
Class 0: Precision=0.9870 | Recall=1.0000 | F1=0.9935 | AUC=1.0000 | Spec=0.9924
Class 1: Precision=1.0000 | Recall=0.1538 | F1=0.2667 | AUC=0.9641 | Spec=1.0000
Class 2: Precision=0.5556 | Recall=0.6000 | F1=0.5769 | AUC=0.9425 | Spec=0.9344
Class 3: Precision=0.8922 | Recall=0.9681 | F1=0.9286 | AUC=0.9953 | Spec=0.9035

Error during evaluation of version 31: not enough values to unpack (expected 6, got 5)

--- Testing version 32 ---
Loaded checkpoint with path ./checkpoints/test_he_seed3 version 100
TCGACancerStageDataset
=== Overall (All data) ===
Top-1 ACC=0.8750, Top-2 ACC=0.9808, Top-3 ACC=1.0000
Macro Precision=0.7528 Recall=0.7620 F1=0.6700 AUC=0.9800
Specificity (macro avg)=0.9605
Class 0: Precision=0.9870 | Recall=1.0000 | F1=0.9935 | AUC=1.0000 | Spec=0.9924
Class 1: Precision=0.4194 | Recall=1.0000 | F1=0.5909 | AUC=0.9661 | Spec=0.9077
Class 2: Precision=0.6667 | Recall=0.0800 | F1=0.1429 | AUC=0.9589 | Spec=0.9945
Class 3: Precision=0.9381 | Recall=0.9681 | F1=0.9529 | AUC=0.9950 | Spec=0.9474

Error during evaluation of version 32: not enough values to unpack (expected 6, got 5)

--- Testing version 33 ---
Loaded checkpoint with path ./checkpoints/test_he_seed3 version 100
TCGACancerStageDataset
=== Overall (All data) ===
Top-1 ACC=0.8798, Top-2 ACC=0.9712, Top-3 ACC=1.0000
Macro Precision=0.7071 Recall=0.6871 F1=0.6927 AUC=0.9659
Specificity (macro avg)=0.9600
Class 0: Precision=0.9870 | Recall=1.0000 | F1=0.9935 | AUC=1.0000 | Spec=0.9924
Class 1: Precision=0.3750 | Recall=0.2308 | F1=0.2857 | AUC=0.9333 | Spec=0.9744
Class 2: Precision=0.5385 | Recall=0.5600 | F1=0.5490 | AUC=0.9362 | Spec=0.9344
Class 3: Precision=0.9278 | Recall=0.9574 | F1=0.9424 | AUC=0.9939 | Spec=0.9386

Error during evaluation of version 33: not enough values to unpack (expected 6, got 5)

--- Testing version 34 ---
Loaded checkpoint with path ./checkpoints/test_he_seed3 version 100
TCGACancerStageDataset
=== Overall (All data) ===
Top-1 ACC=0.8846, Top-2 ACC=0.9952, Top-3 ACC=1.0000
Macro Precision=0.7252 Recall=0.6916 F1=0.7045 AUC=0.9709
Specificity (macro avg)=0.9602
Class 0: Precision=1.0000 | Recall=1.0000 | F1=1.0000 | AUC=1.0000 | Spec=1.0000
Class 1: Precision=0.4444 | Recall=0.3077 | F1=0.3636 | AUC=0.9609 | Spec=0.9744
Class 2: Precision=0.5455 | Recall=0.4800 | F1=0.5106 | AUC=0.9298 | Spec=0.9454
Class 3: Precision=0.9109 | Recall=0.9787 | F1=0.9436 | AUC=0.9928 | Spec=0.9211

Error during evaluation of version 34: not enough values to unpack (expected 6, got 5)

--- Testing version 35 ---
Loaded checkpoint with path ./checkpoints/test_he_seed3 version 100
TCGACancerStageDataset
=== Overall (All data) ===
Top-1 ACC=0.8846, Top-2 ACC=0.9663, Top-3 ACC=0.9952
Macro Precision=0.7203 Recall=0.7082 F1=0.7132 AUC=0.9686
Specificity (macro avg)=0.9624
Class 0: Precision=0.9870 | Recall=1.0000 | F1=0.9935 | AUC=1.0000 | Spec=0.9924
Class 1: Precision=0.3846 | Recall=0.3846 | F1=0.3846 | AUC=0.9464 | Spec=0.9590
Class 2: Precision=0.5714 | Recall=0.4800 | F1=0.5217 | AUC=0.9357 | Spec=0.9508
Class 3: Precision=0.9381 | Recall=0.9681 | F1=0.9529 | AUC=0.9923 | Spec=0.9474

Error during evaluation of version 35: not enough values to unpack (expected 6, got 5)

--- Testing version 36 ---
Loaded checkpoint with path ./checkpoints/test_he_seed3 version 100
TCGACancerStageDataset
=== Overall (All data) ===
Top-1 ACC=0.8846, Top-2 ACC=0.9904, Top-3 ACC=1.0000
Macro Precision=0.7742 Recall=0.6916 F1=0.7152 AUC=0.9738
Specificity (macro avg)=0.9575
Class 0: Precision=1.0000 | Recall=1.0000 | F1=1.0000 | AUC=1.0000 | Spec=1.0000
Class 1: Precision=0.6667 | Recall=0.3077 | F1=0.4211 | AUC=0.9661 | Spec=0.9897
Class 2: Precision=0.5455 | Recall=0.4800 | F1=0.5106 | AUC=0.9381 | Spec=0.9454
Class 3: Precision=0.8846 | Recall=0.9787 | F1=0.9293 | AUC=0.9910 | Spec=0.8947

Error during evaluation of version 36: not enough values to unpack (expected 6, got 5)

--- Testing version 37 ---
Loaded checkpoint with path ./checkpoints/test_he_seed3 version 100
TCGACancerStageDataset
=== Overall (All data) ===
Top-1 ACC=0.8942, Top-2 ACC=0.9808, Top-3 ACC=1.0000
Macro Precision=0.7618 Recall=0.7791 F1=0.7649 AUC=0.9719
Specificity (macro avg)=0.9666
Class 0: Precision=1.0000 | Recall=0.9868 | F1=0.9934 | AUC=1.0000 | Spec=1.0000
Class 1: Precision=0.5000 | Recall=0.6923 | F1=0.5806 | AUC=0.9617 | Spec=0.9538
Class 2: Precision=0.6000 | Recall=0.4800 | F1=0.5333 | AUC=0.9370 | Spec=0.9563
Class 3: Precision=0.9474 | Recall=0.9574 | F1=0.9524 | AUC=0.9887 | Spec=0.9561

Error during evaluation of version 37: not enough values to unpack (expected 6, got 5)

--- Testing version 38 ---
Loaded checkpoint with path ./checkpoints/test_he_seed3 version 100
TCGACancerStageDataset
=== Overall (All data) ===
Top-1 ACC=0.8846, Top-2 ACC=0.9904, Top-3 ACC=1.0000
Macro Precision=0.8538 Recall=0.6639 F1=0.6589 AUC=0.9698
Specificity (macro avg)=0.9592
Class 0: Precision=0.9870 | Recall=1.0000 | F1=0.9935 | AUC=1.0000 | Spec=0.9924
Class 1: Precision=1.0000 | Recall=0.0769 | F1=0.1429 | AUC=0.9566 | Spec=1.0000
Class 2: Precision=0.5172 | Recall=0.6000 | F1=0.5556 | AUC=0.9292 | Spec=0.9235
Class 3: Precision=0.9109 | Recall=0.9787 | F1=0.9436 | AUC=0.9934 | Spec=0.9211

Error during evaluation of version 38: not enough values to unpack (expected 6, got 5)

--- Testing version 39 ---
Loaded checkpoint with path ./checkpoints/test_he_seed3 version 100
TCGACancerStageDataset
=== Overall (All data) ===
Top-1 ACC=0.8894, Top-2 ACC=0.9808, Top-3 ACC=1.0000
Macro Precision=0.7637 Recall=0.6997 F1=0.7106 AUC=0.9676
Specificity (macro avg)=0.9621
Class 0: Precision=1.0000 | Recall=1.0000 | F1=1.0000 | AUC=1.0000 | Spec=1.0000
Class 1: Precision=0.6000 | Recall=0.2308 | F1=0.3333 | AUC=0.9582 | Spec=0.9897
Class 2: Precision=0.5357 | Recall=0.6000 | F1=0.5660 | AUC=0.9228 | Spec=0.9290
Class 3: Precision=0.9192 | Recall=0.9681 | F1=0.9430 | AUC=0.9895 | Spec=0.9298

Error during evaluation of version 39: not enough values to unpack (expected 6, got 5)

--- Testing version 40 ---
Loaded checkpoint with path ./checkpoints/test_he_seed3 version 100
TCGACancerStageDataset
=== Overall (All data) ===
Top-1 ACC=0.8798, Top-2 ACC=0.9904, Top-3 ACC=1.0000
Macro Precision=0.7503 Recall=0.7389 F1=0.6943 AUC=0.9779
Specificity (macro avg)=0.9559
Class 0: Precision=1.0000 | Recall=1.0000 | F1=1.0000 | AUC=1.0000 | Spec=1.0000
Class 1: Precision=0.5238 | Recall=0.8462 | F1=0.6471 | AUC=0.9811 | Spec=0.9487
Class 2: Precision=0.6000 | Recall=0.1200 | F1=0.2000 | AUC=0.9438 | Spec=0.9891
Class 3: Precision=0.8774 | Recall=0.9894 | F1=0.9300 | AUC=0.9867 | Spec=0.8860

Error during evaluation of version 40: not enough values to unpack (expected 6, got 5)

--- Testing version 41 ---
Loaded checkpoint with path ./checkpoints/test_he_seed3 version 100
TCGACancerStageDataset
=== Overall (All data) ===
Top-1 ACC=0.8798, Top-2 ACC=0.9904, Top-3 ACC=1.0000
Macro Precision=0.8544 Recall=0.6759 F1=0.6628 AUC=0.9655
Specificity (macro avg)=0.9592
Class 0: Precision=1.0000 | Recall=1.0000 | F1=1.0000 | AUC=1.0000 | Spec=1.0000
Class 1: Precision=1.0000 | Recall=0.0769 | F1=0.1429 | AUC=0.9483 | Spec=1.0000
Class 2: Precision=0.5000 | Recall=0.6800 | F1=0.5763 | AUC=0.9222 | Spec=0.9071
Class 3: Precision=0.9175 | Recall=0.9468 | F1=0.9319 | AUC=0.9916 | Spec=0.9298

Error during evaluation of version 41: not enough values to unpack (expected 6, got 5)

--- Testing version 42 ---
Loaded checkpoint with path ./checkpoints/test_he_seed3 version 100
TCGACancerStageDataset
=== Overall (All data) ===
Top-1 ACC=0.8365, Top-2 ACC=0.9327, Top-3 ACC=0.9904
Macro Precision=0.6895 Recall=0.5639 F1=0.5637 AUC=0.9625
Specificity (macro avg)=0.9356
Class 0: Precision=0.7917 | Recall=1.0000 | F1=0.8837 | AUC=0.9924 | Spec=0.8485
Class 1: Precision=0.5000 | Recall=0.0769 | F1=0.1333 | AUC=0.9258 | Spec=0.9949
Class 2: Precision=0.5556 | Recall=0.2000 | F1=0.2941 | AUC=0.9364 | Spec=0.9781
Class 3: Precision=0.9109 | Recall=0.9787 | F1=0.9436 | AUC=0.9954 | Spec=0.9211

Error during evaluation of version 42: not enough values to unpack (expected 6, got 5)

--- Testing version 43 ---
Loaded checkpoint with path ./checkpoints/test_he_seed3 version 100
TCGACancerStageDataset
=== Overall (All data) ===
Top-1 ACC=0.8462, Top-2 ACC=0.9712, Top-3 ACC=0.9904
Macro Precision=0.6973 Recall=0.6280 F1=0.6231 AUC=0.9645
Specificity (macro avg)=0.9446
Class 0: Precision=0.9383 | Recall=1.0000 | F1=0.9682 | AUC=1.0000 | Spec=0.9621
Class 1: Precision=0.5000 | Recall=0.0769 | F1=0.1333 | AUC=0.9515 | Spec=0.9949
Class 2: Precision=0.4643 | Recall=0.5200 | F1=0.4906 | AUC=0.9233 | Spec=0.9180
Class 3: Precision=0.8866 | Recall=0.9149 | F1=0.9005 | AUC=0.9833 | Spec=0.9035

Error during evaluation of version 43: not enough values to unpack (expected 6, got 5)

--- Testing version 44 ---
Loaded checkpoint with path ./checkpoints/test_he_seed3 version 100
TCGACancerStageDataset
=== Overall (All data) ===
Top-1 ACC=0.8702, Top-2 ACC=0.9760, Top-3 ACC=1.0000
Macro Precision=0.7077 Recall=0.6727 F1=0.6803 AUC=0.9651
Specificity (macro avg)=0.9520
Class 0: Precision=1.0000 | Recall=1.0000 | F1=1.0000 | AUC=1.0000 | Spec=1.0000
Class 1: Precision=0.5000 | Recall=0.4615 | F1=0.4800 | AUC=0.9586 | Spec=0.9692
Class 2: Precision=0.4615 | Recall=0.2400 | F1=0.3158 | AUC=0.9217 | Spec=0.9617
Class 3: Precision=0.8692 | Recall=0.9894 | F1=0.9254 | AUC=0.9803 | Spec=0.8772

Error during evaluation of version 44: not enough values to unpack (expected 6, got 5)

--- Testing version 45 ---
Loaded checkpoint with path ./checkpoints/test_he_seed3 version 100
TCGACancerStageDataset
=== Overall (All data) ===
Top-1 ACC=0.8942, Top-2 ACC=0.9856, Top-3 ACC=1.0000
Macro Precision=0.7837 Recall=0.7043 F1=0.7267 AUC=0.9732
Specificity (macro avg)=0.9618
Class 0: Precision=1.0000 | Recall=1.0000 | F1=1.0000 | AUC=1.0000 | Spec=1.0000
Class 1: Precision=0.6667 | Recall=0.3077 | F1=0.4211 | AUC=0.9613 | Spec=0.9897
Class 2: Precision=0.5652 | Recall=0.5200 | F1=0.5417 | AUC=0.9399 | Spec=0.9454
Class 3: Precision=0.9029 | Recall=0.9894 | F1=0.9442 | AUC=0.9915 | Spec=0.9123

Error during evaluation of version 45: not enough values to unpack (expected 6, got 5)

--- Testing version 46 ---
Loaded checkpoint with path ./checkpoints/test_he_seed3 version 100
TCGACancerStageDataset
=== Overall (All data) ===
Top-1 ACC=0.9038, Top-2 ACC=0.9904, Top-3 ACC=1.0000
Macro Precision=0.7978 Recall=0.7389 F1=0.7509 AUC=0.9651
Specificity (macro avg)=0.9679
Class 0: Precision=1.0000 | Recall=1.0000 | F1=1.0000 | AUC=1.0000 | Spec=1.0000
Class 1: Precision=0.6667 | Recall=0.3077 | F1=0.4211 | AUC=0.9420 | Spec=0.9897
Class 2: Precision=0.5862 | Recall=0.6800 | F1=0.6296 | AUC=0.9290 | Spec=0.9344
Class 3: Precision=0.9381 | Recall=0.9681 | F1=0.9529 | AUC=0.9893 | Spec=0.9474

Error during evaluation of version 46: not enough values to unpack (expected 6, got 5)

--- Testing version 47 ---
Loaded checkpoint with path ./checkpoints/test_he_seed3 version 100
TCGACancerStageDataset
=== Overall (All data) ===
Top-1 ACC=0.9038, Top-2 ACC=0.9856, Top-3 ACC=1.0000
Macro Precision=0.7658 Recall=0.7482 F1=0.7550 AUC=0.9724
Specificity (macro avg)=0.9690
Class 0: Precision=1.0000 | Recall=1.0000 | F1=1.0000 | AUC=1.0000 | Spec=1.0000
Class 1: Precision=0.5000 | Recall=0.3846 | F1=0.4348 | AUC=0.9582 | Spec=0.9744
Class 2: Precision=0.6154 | Recall=0.6400 | F1=0.6275 | AUC=0.9397 | Spec=0.9454
Class 3: Precision=0.9479 | Recall=0.9681 | F1=0.9579 | AUC=0.9916 | Spec=0.9561

Error during evaluation of version 47: not enough values to unpack (expected 6, got 5)

--- Testing version 48 ---
Loaded checkpoint with path ./checkpoints/test_he_seed3 version 100
TCGACancerStageDataset
=== Overall (All data) ===
Top-1 ACC=0.8462, Top-2 ACC=0.9856, Top-3 ACC=1.0000
Macro Precision=0.6462 Recall=0.6705 F1=0.6498 AUC=0.9653
Specificity (macro avg)=0.9455
Class 0: Precision=1.0000 | Recall=1.0000 | F1=1.0000 | AUC=1.0000 | Spec=1.0000
Class 1: Precision=0.4706 | Recall=0.6154 | F1=0.5333 | AUC=0.9641 | Spec=0.9538
Class 2: Precision=0.2500 | Recall=0.1200 | F1=0.1622 | AUC=0.9110 | Spec=0.9508
Class 3: Precision=0.8641 | Recall=0.9468 | F1=0.9036 | AUC=0.9860 | Spec=0.8772

Error during evaluation of version 48: not enough values to unpack (expected 6, got 5)

--- Testing version 49 ---
Loaded checkpoint with path ./checkpoints/test_he_seed3 version 100
TCGACancerStageDataset
=== Overall (All data) ===
Top-1 ACC=0.8654, Top-2 ACC=0.9663, Top-3 ACC=1.0000
Macro Precision=0.6929 Recall=0.7179 F1=0.6960 AUC=0.9704
Specificity (macro avg)=0.9587
Class 0: Precision=1.0000 | Recall=1.0000 | F1=1.0000 | AUC=1.0000 | Spec=1.0000
Class 1: Precision=0.3810 | Recall=0.6154 | F1=0.4706 | AUC=0.9578 | Spec=0.9333
Class 2: Precision=0.4444 | Recall=0.3200 | F1=0.3721 | AUC=0.9329 | Spec=0.9454
Class 3: Precision=0.9462 | Recall=0.9362 | F1=0.9412 | AUC=0.9910 | Spec=0.9561

Error during evaluation of version 49: not enough values to unpack (expected 6, got 5)

--- Testing version 50 ---
Loaded checkpoint with path ./checkpoints/test_he_seed3 version 100
TCGACancerStageDataset
=== Overall (All data) ===
Top-1 ACC=0.8798, Top-2 ACC=0.9904, Top-3 ACC=1.0000
Macro Precision=0.7225 Recall=0.7387 F1=0.7282 AUC=0.9727
Specificity (macro avg)=0.9634
Class 0: Precision=1.0000 | Recall=1.0000 | F1=1.0000 | AUC=1.0000 | Spec=1.0000
Class 1: Precision=0.4118 | Recall=0.5385 | F1=0.4667 | AUC=0.9598 | Spec=0.9487
Class 2: Precision=0.5217 | Recall=0.4800 | F1=0.5000 | AUC=0.9379 | Spec=0.9399
Class 3: Precision=0.9565 | Recall=0.9362 | F1=0.9462 | AUC=0.9930 | Spec=0.9649

Error during evaluation of version 50: not enough values to unpack (expected 6, got 5)

--- Testing version 51 ---
Loaded checkpoint with path ./checkpoints/test_he_seed3 version 100
TCGACancerStageDataset
=== Overall (All data) ===
Top-1 ACC=0.8894, Top-2 ACC=0.9856, Top-3 ACC=1.0000
Macro Precision=0.7810 Recall=0.6869 F1=0.7141 AUC=0.9696
Specificity (macro avg)=0.9580
Class 0: Precision=1.0000 | Recall=1.0000 | F1=1.0000 | AUC=1.0000 | Spec=1.0000
Class 1: Precision=0.6667 | Recall=0.3077 | F1=0.4211 | AUC=0.9554 | Spec=0.9897
Class 2: Precision=0.5789 | Recall=0.4400 | F1=0.5000 | AUC=0.9338 | Spec=0.9563
Class 3: Precision=0.8785 | Recall=1.0000 | F1=0.9353 | AUC=0.9893 | Spec=0.8860

Error during evaluation of version 51: not enough values to unpack (expected 6, got 5)

--- Testing version 52 ---
Loaded checkpoint with path ./checkpoints/test_he_seed3 version 100
TCGACancerStageDataset
=== Overall (All data) ===
Top-1 ACC=0.8750, Top-2 ACC=0.9856, Top-3 ACC=1.0000
Macro Precision=0.6023 Recall=0.6494 F1=0.6235 AUC=0.9641
Specificity (macro avg)=0.9571
Class 0: Precision=1.0000 | Recall=1.0000 | F1=1.0000 | AUC=1.0000 | Spec=1.0000
Class 1: Precision=0.0000 | Recall=0.0000 | F1=0.0000 | AUC=0.9337 | Spec=0.9949
Class 2: Precision=0.5000 | Recall=0.6400 | F1=0.5614 | AUC=0.9301 | Spec=0.9126
Class 3: Precision=0.9091 | Recall=0.9574 | F1=0.9326 | AUC=0.9925 | Spec=0.9211

Error during evaluation of version 52: not enough values to unpack (expected 6, got 5)

--- Testing version 53 ---
Loaded checkpoint with path ./checkpoints/test_he_seed3 version 100
TCGACancerStageDataset
=== Overall (All data) ===
Top-1 ACC=0.8846, Top-2 ACC=0.9808, Top-3 ACC=1.0000
Macro Precision=0.6050 Recall=0.6473 F1=0.6249 AUC=0.9715
Specificity (macro avg)=0.9589
Class 0: Precision=1.0000 | Recall=1.0000 | F1=1.0000 | AUC=1.0000 | Spec=1.0000
Class 1: Precision=0.0000 | Recall=0.0000 | F1=0.0000 | AUC=0.9519 | Spec=1.0000
Class 2: Precision=0.5172 | Recall=0.6000 | F1=0.5556 | AUC=0.9379 | Spec=0.9235
Class 3: Precision=0.9029 | Recall=0.9894 | F1=0.9442 | AUC=0.9962 | Spec=0.9123

Error during evaluation of version 53: not enough values to unpack (expected 6, got 5)

--- Testing version 54 ---
Loaded checkpoint with path ./checkpoints/test_he_seed3 version 100
TCGACancerStageDataset
=== Overall (All data) ===
Top-1 ACC=0.8702, Top-2 ACC=0.9904, Top-3 ACC=1.0000
Macro Precision=0.6951 Recall=0.6708 F1=0.6787 AUC=0.9671
Specificity (macro avg)=0.9546
Class 0: Precision=1.0000 | Recall=1.0000 | F1=1.0000 | AUC=1.0000 | Spec=1.0000
Class 1: Precision=0.4167 | Recall=0.3846 | F1=0.4000 | AUC=0.9582 | Spec=0.9641
Class 2: Precision=0.4706 | Recall=0.3200 | F1=0.3810 | AUC=0.9235 | Spec=0.9508
Class 3: Precision=0.8932 | Recall=0.9787 | F1=0.9340 | AUC=0.9869 | Spec=0.9035

Error during evaluation of version 54: not enough values to unpack (expected 6, got 5)

--- Testing version 55 ---
Loaded checkpoint with path ./checkpoints/test_he_seed3 version 100
TCGACancerStageDataset
=== Overall (All data) ===
Top-1 ACC=0.8846, Top-2 ACC=0.9904, Top-3 ACC=1.0000
Macro Precision=0.7304 Recall=0.7285 F1=0.7159 AUC=0.9734
Specificity (macro avg)=0.9623
Class 0: Precision=1.0000 | Recall=1.0000 | F1=1.0000 | AUC=1.0000 | Spec=1.0000
Class 1: Precision=0.4211 | Recall=0.6154 | F1=0.5000 | AUC=0.9554 | Spec=0.9436
Class 2: Precision=0.5714 | Recall=0.3200 | F1=0.4103 | AUC=0.9423 | Spec=0.9672
Class 3: Precision=0.9293 | Recall=0.9787 | F1=0.9534 | AUC=0.9957 | Spec=0.9386

Error during evaluation of version 55: not enough values to unpack (expected 6, got 5)

--- Testing version 56 ---
Loaded checkpoint with path ./checkpoints/test_he_seed3 version 100
TCGACancerStageDataset
=== Overall (All data) ===
Top-1 ACC=0.8846, Top-2 ACC=0.9808, Top-3 ACC=1.0000
Macro Precision=0.7571 Recall=0.6677 F1=0.6894 AUC=0.9731
Specificity (macro avg)=0.9566
Class 0: Precision=1.0000 | Recall=1.0000 | F1=1.0000 | AUC=1.0000 | Spec=1.0000
Class 1: Precision=0.6000 | Recall=0.2308 | F1=0.3333 | AUC=0.9562 | Spec=0.9897
Class 2: Precision=0.5500 | Recall=0.4400 | F1=0.4889 | AUC=0.9423 | Spec=0.9508
Class 3: Precision=0.8785 | Recall=1.0000 | F1=0.9353 | AUC=0.9937 | Spec=0.8860

Error during evaluation of version 56: not enough values to unpack (expected 6, got 5)

--- Testing version 57 ---
Loaded checkpoint with path ./checkpoints/test_he_seed3 version 100
TCGACancerStageDataset
=== Overall (All data) ===
Top-1 ACC=0.8702, Top-2 ACC=0.9856, Top-3 ACC=1.0000
Macro Precision=0.6992 Recall=0.6708 F1=0.6794 AUC=0.9650
Specificity (macro avg)=0.9541
Class 0: Precision=0.9870 | Recall=1.0000 | F1=0.9935 | AUC=1.0000 | Spec=0.9924
Class 1: Precision=0.4167 | Recall=0.3846 | F1=0.4000 | AUC=0.9515 | Spec=0.9641
Class 2: Precision=0.5000 | Recall=0.3200 | F1=0.3902 | AUC=0.9248 | Spec=0.9563
Class 3: Precision=0.8932 | Recall=0.9787 | F1=0.9340 | AUC=0.9838 | Spec=0.9035

Error during evaluation of version 57: not enough values to unpack (expected 6, got 5)

--- Testing version 58 ---
Loaded checkpoint with path ./checkpoints/test_he_seed3 version 100
TCGACancerStageDataset
=== Overall (All data) ===
Top-1 ACC=0.8750, Top-2 ACC=0.9808, Top-3 ACC=1.0000
Macro Precision=0.7057 Recall=0.6993 F1=0.6923 AUC=0.9661
Specificity (macro avg)=0.9579
Class 0: Precision=1.0000 | Recall=1.0000 | F1=1.0000 | AUC=1.0000 | Spec=1.0000
Class 1: Precision=0.4118 | Recall=0.5385 | F1=0.4667 | AUC=0.9479 | Spec=0.9487
Class 2: Precision=0.5000 | Recall=0.2800 | F1=0.3590 | AUC=0.9261 | Spec=0.9617
Class 3: Precision=0.9109 | Recall=0.9787 | F1=0.9436 | AUC=0.9903 | Spec=0.9211

Error during evaluation of version 58: not enough values to unpack (expected 6, got 5)

--- Testing version 59 ---
Loaded checkpoint with path ./checkpoints/test_he_seed3 version 100
TCGACancerStageDataset
=== Overall (All data) ===
Top-1 ACC=0.8798, Top-2 ACC=0.9904, Top-3 ACC=1.0000
Macro Precision=0.7254 Recall=0.6982 F1=0.7093 AUC=0.9689
Specificity (macro avg)=0.9584
Class 0: Precision=0.9870 | Recall=1.0000 | F1=0.9935 | AUC=1.0000 | Spec=0.9924
Class 1: Precision=0.4545 | Recall=0.3846 | F1=0.4167 | AUC=0.9515 | Spec=0.9692
Class 2: Precision=0.5500 | Recall=0.4400 | F1=0.4889 | AUC=0.9346 | Spec=0.9508
Class 3: Precision=0.9100 | Recall=0.9681 | F1=0.9381 | AUC=0.9895 | Spec=0.9211

Error during evaluation of version 59: not enough values to unpack (expected 6, got 5)

--- Testing version 60 ---
Loaded checkpoint with path ./checkpoints/test_he_seed3 version 100
TCGACancerStageDataset
=== Overall (All data) ===
Top-1 ACC=0.8798, Top-2 ACC=0.9760, Top-3 ACC=1.0000
Macro Precision=0.8511 Recall=0.6485 F1=0.6693 AUC=0.9602
Specificity (macro avg)=0.9526
Class 0: Precision=1.0000 | Recall=1.0000 | F1=1.0000 | AUC=1.0000 | Spec=1.0000
Class 1: Precision=1.0000 | Recall=0.1538 | F1=0.2667 | AUC=0.9677 | Spec=1.0000
Class 2: Precision=0.5500 | Recall=0.4400 | F1=0.4889 | AUC=0.9161 | Spec=0.9508
Class 3: Precision=0.8545 | Recall=1.0000 | F1=0.9216 | AUC=0.9570 | Spec=0.8596

Error during evaluation of version 60: not enough values to unpack (expected 6, got 5)

--- Testing version 61 ---
Loaded checkpoint with path ./checkpoints/test_he_seed3 version 100
TCGACancerStageDataset
=== Overall (All data) ===
Top-1 ACC=0.9038, Top-2 ACC=0.9904, Top-3 ACC=0.9952
Macro Precision=0.8087 Recall=0.7335 F1=0.7581 AUC=0.9697
Specificity (macro avg)=0.9654
Class 0: Precision=1.0000 | Recall=1.0000 | F1=1.0000 | AUC=1.0000 | Spec=1.0000
Class 1: Precision=0.7143 | Recall=0.3846 | F1=0.5000 | AUC=0.9582 | Spec=0.9897
Class 2: Precision=0.6087 | Recall=0.5600 | F1=0.5833 | AUC=0.9301 | Spec=0.9508
Class 3: Precision=0.9118 | Recall=0.9894 | F1=0.9490 | AUC=0.9905 | Spec=0.9211

Error during evaluation of version 61: not enough values to unpack (expected 6, got 5)

--- Testing version 62 ---
Loaded checkpoint with path ./checkpoints/test_he_seed3 version 100
TCGACancerStageDataset
=== Overall (All data) ===
Top-1 ACC=0.8894, Top-2 ACC=0.9904, Top-3 ACC=1.0000
Macro Precision=0.7347 Recall=0.7478 F1=0.7232 AUC=0.9749
Specificity (macro avg)=0.9664
Class 0: Precision=1.0000 | Recall=1.0000 | F1=1.0000 | AUC=1.0000 | Spec=1.0000
Class 1: Precision=0.4091 | Recall=0.6923 | F1=0.5143 | AUC=0.9546 | Spec=0.9333
Class 2: Precision=0.5714 | Recall=0.3200 | F1=0.4103 | AUC=0.9471 | Spec=0.9672
Class 3: Precision=0.9583 | Recall=0.9787 | F1=0.9684 | AUC=0.9979 | Spec=0.9649

Error during evaluation of version 62: not enough values to unpack (expected 6, got 5)

--- Testing version 63 ---
Loaded checkpoint with path ./checkpoints/test_he_seed3 version 100
TCGACancerStageDataset
=== Overall (All data) ===
Top-1 ACC=0.8798, Top-2 ACC=0.9808, Top-3 ACC=1.0000
Macro Precision=0.7251 Recall=0.6392 F1=0.6422 AUC=0.9750
Specificity (macro avg)=0.9552
Class 0: Precision=1.0000 | Recall=1.0000 | F1=1.0000 | AUC=1.0000 | Spec=1.0000
Class 1: Precision=0.5000 | Recall=0.0769 | F1=0.1333 | AUC=0.9629 | Spec=0.9949
Class 2: Precision=0.5217 | Recall=0.4800 | F1=0.5000 | AUC=0.9414 | Spec=0.9399
Class 3: Precision=0.8785 | Recall=1.0000 | F1=0.9353 | AUC=0.9956 | Spec=0.8860

Error during evaluation of version 63: not enough values to unpack (expected 6, got 5)

--- Testing version 64 ---
Loaded checkpoint with path ./checkpoints/test_he_seed3 version 100
TCGACancerStageDataset
=== Overall (All data) ===
Top-1 ACC=0.8750, Top-2 ACC=0.9904, Top-3 ACC=1.0000
Macro Precision=0.6835 Recall=0.6662 F1=0.6657 AUC=0.9563
Specificity (macro avg)=0.9588
Class 0: Precision=1.0000 | Recall=1.0000 | F1=1.0000 | AUC=1.0000 | Spec=1.0000
Class 1: Precision=0.3125 | Recall=0.3846 | F1=0.3448 | AUC=0.9097 | Spec=0.9436
Class 2: Precision=0.5000 | Recall=0.2800 | F1=0.3590 | AUC=0.9318 | Spec=0.9617
Class 3: Precision=0.9216 | Recall=1.0000 | F1=0.9592 | AUC=0.9838 | Spec=0.9298

Error during evaluation of version 64: not enough values to unpack (expected 6, got 5)

--- Testing version 65 ---
Loaded checkpoint with path ./checkpoints/test_he_seed3 version 100
TCGACancerStageDataset
=== Overall (All data) ===
Top-1 ACC=0.8846, Top-2 ACC=0.9904, Top-3 ACC=1.0000
Macro Precision=0.7321 Recall=0.6954 F1=0.7041 AUC=0.9696
Specificity (macro avg)=0.9587
Class 0: Precision=1.0000 | Recall=1.0000 | F1=1.0000 | AUC=1.0000 | Spec=1.0000
Class 1: Precision=0.4615 | Recall=0.4615 | F1=0.4615 | AUC=0.9538 | Spec=0.9641
Class 2: Precision=0.5714 | Recall=0.3200 | F1=0.4103 | AUC=0.9325 | Spec=0.9672
Class 3: Precision=0.8952 | Recall=1.0000 | F1=0.9447 | AUC=0.9923 | Spec=0.9035

Error during evaluation of version 65: not enough values to unpack (expected 6, got 5)

--- Testing version 66 ---
Loaded checkpoint with path ./checkpoints/test_he_seed3 version 100
TCGACancerStageDataset
=== Overall (All data) ===
Top-1 ACC=0.8750, Top-2 ACC=0.9712, Top-3 ACC=1.0000
Macro Precision=0.7060 Recall=0.7012 F1=0.6825 AUC=0.9676
Specificity (macro avg)=0.9571
Class 0: Precision=1.0000 | Recall=1.0000 | F1=1.0000 | AUC=1.0000 | Spec=1.0000
Class 1: Precision=0.4211 | Recall=0.6154 | F1=0.5000 | AUC=0.9464 | Spec=0.9436
Class 2: Precision=0.5000 | Recall=0.2000 | F1=0.2857 | AUC=0.9294 | Spec=0.9727
Class 3: Precision=0.9029 | Recall=0.9894 | F1=0.9442 | AUC=0.9945 | Spec=0.9123

Error during evaluation of version 66: not enough values to unpack (expected 6, got 5)

--- Testing version 67 ---
Loaded checkpoint with path ./checkpoints/test_he_seed3 version 100
TCGACancerStageDataset
=== Overall (All data) ===
Top-1 ACC=0.8798, Top-2 ACC=0.9856, Top-3 ACC=1.0000
Macro Precision=0.7057 Recall=0.6982 F1=0.7014 AUC=0.9701
Specificity (macro avg)=0.9616
Class 0: Precision=1.0000 | Recall=1.0000 | F1=1.0000 | AUC=1.0000 | Spec=1.0000
Class 1: Precision=0.3846 | Recall=0.3846 | F1=0.3846 | AUC=0.9495 | Spec=0.9590
Class 2: Precision=0.5000 | Recall=0.4400 | F1=0.4681 | AUC=0.9362 | Spec=0.9399
Class 3: Precision=0.9381 | Recall=0.9681 | F1=0.9529 | AUC=0.9947 | Spec=0.9474

Error during evaluation of version 67: not enough values to unpack (expected 6, got 5)

--- Testing version 68 ---
Loaded checkpoint with path ./checkpoints/test_he_seed3 version 100
TCGACancerStageDataset
=== Overall (All data) ===
Top-1 ACC=0.8654, Top-2 ACC=0.9952, Top-3 ACC=1.0000
Macro Precision=0.6681 Recall=0.6424 F1=0.6512 AUC=0.9636
Specificity (macro avg)=0.9535
Class 0: Precision=0.9870 | Recall=1.0000 | F1=0.9935 | AUC=1.0000 | Spec=0.9924
Class 1: Precision=0.3333 | Recall=0.2308 | F1=0.2727 | AUC=0.9467 | Spec=0.9692
Class 2: Precision=0.4500 | Recall=0.3600 | F1=0.4000 | AUC=0.9248 | Spec=0.9399
Class 3: Precision=0.9020 | Recall=0.9787 | F1=0.9388 | AUC=0.9829 | Spec=0.9123

Error during evaluation of version 68: not enough values to unpack (expected 6, got 5)

--- Testing version 69 ---
Loaded checkpoint with path ./checkpoints/test_he_seed3 version 100
TCGACancerStageDataset
=== Overall (All data) ===
Top-1 ACC=0.8654, Top-2 ACC=0.9808, Top-3 ACC=1.0000
Macro Precision=0.6829 Recall=0.6608 F1=0.6655 AUC=0.9642
Specificity (macro avg)=0.9528
Class 0: Precision=0.9870 | Recall=1.0000 | F1=0.9935 | AUC=1.0000 | Spec=0.9924
Class 1: Precision=0.3846 | Recall=0.3846 | F1=0.3846 | AUC=0.9475 | Spec=0.9590
Class 2: Precision=0.4667 | Recall=0.2800 | F1=0.3500 | AUC=0.9279 | Spec=0.9563
Class 3: Precision=0.8932 | Recall=0.9787 | F1=0.9340 | AUC=0.9815 | Spec=0.9035

Error during evaluation of version 69: not enough values to unpack (expected 6, got 5)

--- Testing version 70 ---
Loaded checkpoint with path ./checkpoints/test_he_seed3 version 100
TCGACancerStageDataset
=== Overall (All data) ===
Top-1 ACC=0.8654, Top-2 ACC=0.9904, Top-3 ACC=1.0000
Macro Precision=0.6745 Recall=0.6554 F1=0.6461 AUC=0.9629
Specificity (macro avg)=0.9518
Class 0: Precision=1.0000 | Recall=1.0000 | F1=1.0000 | AUC=1.0000 | Spec=1.0000
Class 1: Precision=0.3750 | Recall=0.4615 | F1=0.4138 | AUC=0.9491 | Spec=0.9487
Class 2: Precision=0.4444 | Recall=0.1600 | F1=0.2353 | AUC=0.9198 | Spec=0.9727
Class 3: Precision=0.8785 | Recall=1.0000 | F1=0.9353 | AUC=0.9825 | Spec=0.8860

Error during evaluation of version 70: not enough values to unpack (expected 6, got 5)

--- Testing version 71 ---
Loaded checkpoint with path ./checkpoints/test_he_seed3 version 100
TCGACancerStageDataset
=== Overall (All data) ===
Top-1 ACC=0.8894, Top-2 ACC=0.9760, Top-3 ACC=1.0000
Macro Precision=0.7932 Recall=0.6962 F1=0.7267 AUC=0.9717
Specificity (macro avg)=0.9572
Class 0: Precision=1.0000 | Recall=1.0000 | F1=1.0000 | AUC=1.0000 | Spec=1.0000
Class 1: Precision=0.7143 | Recall=0.3846 | F1=0.5000 | AUC=0.9609 | Spec=0.9897
Class 2: Precision=0.5882 | Recall=0.4000 | F1=0.4762 | AUC=0.9449 | Spec=0.9617
Class 3: Precision=0.8704 | Recall=1.0000 | F1=0.9307 | AUC=0.9808 | Spec=0.8772

Error during evaluation of version 71: not enough values to unpack (expected 6, got 5)

--- Testing version 72 ---
Loaded checkpoint with path ./checkpoints/test_he_seed3 version 100
TCGACancerStageDataset
=== Overall (All data) ===
Top-1 ACC=0.8894, Top-2 ACC=0.9808, Top-3 ACC=1.0000
Macro Precision=0.7570 Recall=0.7329 F1=0.7406 AUC=0.9642
Specificity (macro avg)=0.9640
Class 0: Precision=1.0000 | Recall=1.0000 | F1=1.0000 | AUC=1.0000 | Spec=1.0000
Class 1: Precision=0.5556 | Recall=0.3846 | F1=0.4545 | AUC=0.9314 | Spec=0.9795
Class 2: Precision=0.5357 | Recall=0.6000 | F1=0.5660 | AUC=0.9322 | Spec=0.9290
Class 3: Precision=0.9368 | Recall=0.9468 | F1=0.9418 | AUC=0.9931 | Spec=0.9474

Error during evaluation of version 72: not enough values to unpack (expected 6, got 5)

--- Testing version 73 ---
Loaded checkpoint with path ./checkpoints/test_he_seed3 version 100
TCGACancerStageDataset
=== Overall (All data) ===
Top-1 ACC=0.8702, Top-2 ACC=0.9904, Top-3 ACC=1.0000
Macro Precision=0.7250 Recall=0.7333 F1=0.7283 AUC=0.9587
Specificity (macro avg)=0.9575
Class 0: Precision=0.9870 | Recall=1.0000 | F1=0.9935 | AUC=1.0000 | Spec=0.9924
Class 1: Precision=0.4667 | Recall=0.5385 | F1=0.5000 | AUC=0.9456 | Spec=0.9590
Class 2: Precision=0.5217 | Recall=0.4800 | F1=0.5000 | AUC=0.9067 | Spec=0.9399
Class 3: Precision=0.9247 | Recall=0.9149 | F1=0.9198 | AUC=0.9827 | Spec=0.9386

Error during evaluation of version 73: not enough values to unpack (expected 6, got 5)

--- Testing version 74 ---
Loaded checkpoint with path ./checkpoints/test_he_seed3 version 100
TCGACancerStageDataset
=== Overall (All data) ===
Top-1 ACC=0.8846, Top-2 ACC=1.0000, Top-3 ACC=1.0000
Macro Precision=0.7565 Recall=0.7193 F1=0.7316 AUC=0.9703
Specificity (macro avg)=0.9580
Class 0: Precision=0.9870 | Recall=1.0000 | F1=0.9935 | AUC=1.0000 | Spec=0.9924
Class 1: Precision=0.5833 | Recall=0.5385 | F1=0.5600 | AUC=0.9629 | Spec=0.9744
Class 2: Precision=0.5625 | Recall=0.3600 | F1=0.4390 | AUC=0.9325 | Spec=0.9617
Class 3: Precision=0.8932 | Recall=0.9787 | F1=0.9340 | AUC=0.9857 | Spec=0.9035

Error during evaluation of version 74: not enough values to unpack (expected 6, got 5)

--- Testing version 75 ---
Loaded checkpoint with path ./checkpoints/test_he_seed3 version 100
TCGACancerStageDataset
=== Overall (All data) ===
Top-1 ACC=0.8798, Top-2 ACC=0.9760, Top-3 ACC=1.0000
Macro Precision=0.7223 Recall=0.6927 F1=0.7002 AUC=0.9697
Specificity (macro avg)=0.9573
Class 0: Precision=1.0000 | Recall=1.0000 | F1=1.0000 | AUC=1.0000 | Spec=1.0000
Class 1: Precision=0.4615 | Recall=0.4615 | F1=0.4615 | AUC=0.9609 | Spec=0.9641
Class 2: Precision=0.5333 | Recall=0.3200 | F1=0.4000 | AUC=0.9314 | Spec=0.9617
Class 3: Precision=0.8942 | Recall=0.9894 | F1=0.9394 | AUC=0.9866 | Spec=0.9035

Error during evaluation of version 75: not enough values to unpack (expected 6, got 5)

--- Testing version 76 ---
Loaded checkpoint with path ./checkpoints/test_he_seed3 version 100
TCGACancerStageDataset
=== Overall (All data) ===
Top-1 ACC=0.8942, Top-2 ACC=0.9760, Top-3 ACC=1.0000
Macro Precision=0.7675 Recall=0.7871 F1=0.7704 AUC=0.9645
Specificity (macro avg)=0.9667
Class 0: Precision=1.0000 | Recall=1.0000 | F1=1.0000 | AUC=1.0000 | Spec=1.0000
Class 1: Precision=0.4737 | Recall=0.6923 | F1=0.5625 | AUC=0.9460 | Spec=0.9487
Class 2: Precision=0.6500 | Recall=0.5200 | F1=0.5778 | AUC=0.9287 | Spec=0.9617
Class 3: Precision=0.9462 | Recall=0.9362 | F1=0.9412 | AUC=0.9834 | Spec=0.9561

Error during evaluation of version 76: not enough values to unpack (expected 6, got 5)

--- Testing version 77 ---
Loaded checkpoint with path ./checkpoints/test_he_seed3 version 100
TCGACancerStageDataset
=== Overall (All data) ===
Top-1 ACC=0.8702, Top-2 ACC=0.9856, Top-3 ACC=1.0000
Macro Precision=0.6747 Recall=0.6524 F1=0.6605 AUC=0.9611
Specificity (macro avg)=0.9562
Class 0: Precision=1.0000 | Recall=1.0000 | F1=1.0000 | AUC=1.0000 | Spec=1.0000
Class 1: Precision=0.3333 | Recall=0.2308 | F1=0.2727 | AUC=0.9475 | Spec=0.9692
Class 2: Precision=0.4545 | Recall=0.4000 | F1=0.4255 | AUC=0.9097 | Spec=0.9344
Class 3: Precision=0.9109 | Recall=0.9787 | F1=0.9436 | AUC=0.9873 | Spec=0.9211

Error during evaluation of version 77: not enough values to unpack (expected 6, got 5)

--- Testing version 78 ---
Loaded checkpoint with path ./checkpoints/test_he_seed3 version 100
TCGACancerStageDataset
=== Overall (All data) ===
Top-1 ACC=0.8846, Top-2 ACC=0.9856, Top-3 ACC=1.0000
Macro Precision=0.7460 Recall=0.7560 F1=0.7508 AUC=0.9672
Specificity (macro avg)=0.9637
Class 0: Precision=1.0000 | Recall=1.0000 | F1=1.0000 | AUC=1.0000 | Spec=1.0000
Class 1: Precision=0.5000 | Recall=0.5385 | F1=0.5185 | AUC=0.9495 | Spec=0.9641
Class 2: Precision=0.5385 | Recall=0.5600 | F1=0.5490 | AUC=0.9298 | Spec=0.9344
Class 3: Precision=0.9457 | Recall=0.9255 | F1=0.9355 | AUC=0.9894 | Spec=0.9561

Error during evaluation of version 78: not enough values to unpack (expected 6, got 5)

--- Testing version 79 ---
Loaded checkpoint with path ./checkpoints/test_he_seed3 version 100
TCGACancerStageDataset
=== Overall (All data) ===
Top-1 ACC=0.8942, Top-2 ACC=0.9808, Top-3 ACC=1.0000
Macro Precision=0.7350 Recall=0.7154 F1=0.7177 AUC=0.9698
Specificity (macro avg)=0.9658
Class 0: Precision=1.0000 | Recall=1.0000 | F1=1.0000 | AUC=1.0000 | Spec=1.0000
Class 1: Precision=0.3750 | Recall=0.4615 | F1=0.4138 | AUC=0.9471 | Spec=0.9487
Class 2: Precision=0.6250 | Recall=0.4000 | F1=0.4878 | AUC=0.9375 | Spec=0.9672
Class 3: Precision=0.9400 | Recall=1.0000 | F1=0.9691 | AUC=0.9946 | Spec=0.9474

Error during evaluation of version 79: not enough values to unpack (expected 6, got 5)

--- Testing version 80 ---
Loaded checkpoint with path ./checkpoints/test_he_seed3 version 100
TCGACancerStageDataset
=== Overall (All data) ===
Top-1 ACC=0.8750, Top-2 ACC=0.9712, Top-3 ACC=1.0000
Macro Precision=0.7115 Recall=0.7140 F1=0.7056 AUC=0.9695
Specificity (macro avg)=0.9596
Class 0: Precision=1.0000 | Recall=1.0000 | F1=1.0000 | AUC=1.0000 | Spec=1.0000
Class 1: Precision=0.3889 | Recall=0.5385 | F1=0.4516 | AUC=0.9475 | Spec=0.9436
Class 2: Precision=0.5294 | Recall=0.3600 | F1=0.4286 | AUC=0.9373 | Spec=0.9563
Class 3: Precision=0.9278 | Recall=0.9574 | F1=0.9424 | AUC=0.9930 | Spec=0.9386

Error during evaluation of version 80: not enough values to unpack (expected 6, got 5)

--- Testing version 81 ---
Loaded checkpoint with path ./checkpoints/test_he_seed3 version 100
TCGACancerStageDataset
=== Overall (All data) ===
Top-1 ACC=0.8798, Top-2 ACC=0.9760, Top-3 ACC=1.0000
Macro Precision=0.7581 Recall=0.6927 F1=0.7132 AUC=0.9673
Specificity (macro avg)=0.9538
Class 0: Precision=1.0000 | Recall=1.0000 | F1=1.0000 | AUC=1.0000 | Spec=1.0000
Class 1: Precision=0.6000 | Recall=0.4615 | F1=0.5217 | AUC=0.9558 | Spec=0.9795
Class 2: Precision=0.5714 | Recall=0.3200 | F1=0.4103 | AUC=0.9298 | Spec=0.9672
Class 3: Precision=0.8611 | Recall=0.9894 | F1=0.9208 | AUC=0.9837 | Spec=0.8684

Error during evaluation of version 81: not enough values to unpack (expected 6, got 5)

--- Testing version 82 ---
Loaded checkpoint with path ./checkpoints/test_he_seed3 version 100
TCGACancerStageDataset
=== Overall (All data) ===
Top-1 ACC=0.9038, Top-2 ACC=0.9904, Top-3 ACC=1.0000
Macro Precision=0.8801 Recall=0.7077 F1=0.7330 AUC=0.9718
Specificity (macro avg)=0.9636
Class 0: Precision=1.0000 | Recall=1.0000 | F1=1.0000 | AUC=1.0000 | Spec=1.0000
Class 1: Precision=1.0000 | Recall=0.2308 | F1=0.3750 | AUC=0.9598 | Spec=1.0000
Class 2: Precision=0.6250 | Recall=0.6000 | F1=0.6122 | AUC=0.9401 | Spec=0.9508
Class 3: Precision=0.8952 | Recall=1.0000 | F1=0.9447 | AUC=0.9874 | Spec=0.9035

Error during evaluation of version 82: not enough values to unpack (expected 6, got 5)

--- Testing version 83 ---
Loaded checkpoint with path ./checkpoints/test_he_seed3 version 100
TCGACancerStageDataset
=== Overall (All data) ===
Top-1 ACC=0.8846, Top-2 ACC=0.9856, Top-3 ACC=1.0000
Macro Precision=0.8531 Recall=0.6677 F1=0.6975 AUC=0.9659
Specificity (macro avg)=0.9548
Class 0: Precision=1.0000 | Recall=1.0000 | F1=1.0000 | AUC=1.0000 | Spec=1.0000
Class 1: Precision=1.0000 | Recall=0.2308 | F1=0.3750 | AUC=0.9531 | Spec=1.0000
Class 2: Precision=0.5500 | Recall=0.4400 | F1=0.4889 | AUC=0.9266 | Spec=0.9508
Class 3: Precision=0.8624 | Recall=1.0000 | F1=0.9261 | AUC=0.9841 | Spec=0.8684

Error during evaluation of version 83: not enough values to unpack (expected 6, got 5)

--- Testing version 84 ---
Loaded checkpoint with path ./checkpoints/test_he_seed3 version 100
TCGACancerStageDataset
=== Overall (All data) ===
Top-1 ACC=0.8654, Top-2 ACC=0.9615, Top-3 ACC=1.0000
Macro Precision=0.6868 Recall=0.6627 F1=0.6643 AUC=0.9634
Specificity (macro avg)=0.9508
Class 0: Precision=1.0000 | Recall=1.0000 | F1=1.0000 | AUC=1.0000 | Spec=1.0000
Class 1: Precision=0.4615 | Recall=0.4615 | F1=0.4615 | AUC=0.9566 | Spec=0.9641
Class 2: Precision=0.4167 | Recall=0.2000 | F1=0.2703 | AUC=0.9148 | Spec=0.9617
Class 3: Precision=0.8692 | Recall=0.9894 | F1=0.9254 | AUC=0.9823 | Spec=0.8772

Error during evaluation of version 84: not enough values to unpack (expected 6, got 5)

--- Testing version 85 ---
Loaded checkpoint with path ./checkpoints/test_he_seed3 version 100
TCGACancerStageDataset
=== Overall (All data) ===
Top-1 ACC=0.8702, Top-2 ACC=0.9712, Top-3 ACC=1.0000
Macro Precision=0.8367 Recall=0.6578 F1=0.6689 AUC=0.9559
Specificity (macro avg)=0.9532
Class 0: Precision=1.0000 | Recall=1.0000 | F1=1.0000 | AUC=1.0000 | Spec=1.0000
Class 1: Precision=1.0000 | Recall=0.1538 | F1=0.2667 | AUC=0.9211 | Spec=1.0000
Class 2: Precision=0.4643 | Recall=0.5200 | F1=0.4906 | AUC=0.9156 | Spec=0.9180
Class 3: Precision=0.8824 | Recall=0.9574 | F1=0.9184 | AUC=0.9868 | Spec=0.8947

Error during evaluation of version 85: not enough values to unpack (expected 6, got 5)

--- Testing version 86 ---
Loaded checkpoint with path ./checkpoints/test_he_seed3 version 100
TCGACancerStageDataset
=== Overall (All data) ===
Top-1 ACC=0.8702, Top-2 ACC=0.9712, Top-3 ACC=1.0000
Macro Precision=0.8367 Recall=0.6578 F1=0.6689 AUC=0.9559
Specificity (macro avg)=0.9532
Class 0: Precision=1.0000 | Recall=1.0000 | F1=1.0000 | AUC=1.0000 | Spec=1.0000
Class 1: Precision=1.0000 | Recall=0.1538 | F1=0.2667 | AUC=0.9211 | Spec=1.0000
Class 2: Precision=0.4643 | Recall=0.5200 | F1=0.4906 | AUC=0.9156 | Spec=0.9180
Class 3: Precision=0.8824 | Recall=0.9574 | F1=0.9184 | AUC=0.9868 | Spec=0.8947

Error during evaluation of version 86: not enough values to unpack (expected 6, got 5)

--- Testing version 87 ---
Loaded checkpoint with path ./checkpoints/test_he_seed3 version 100
Error during evaluation of version 87: [Errno 2] No such file or directory: 'checkpoints/test_he_seed3/model_v87.pt'

--- Testing version 88 ---
Loaded checkpoint with path ./checkpoints/test_he_seed3 version 100
Error during evaluation of version 88: [Errno 2] No such file or directory: 'checkpoints/test_he_seed3/model_v88.pt'

--- Testing version 89 ---
Loaded checkpoint with path ./checkpoints/test_he_seed3 version 100
Error during evaluation of version 89: [Errno 2] No such file or directory: 'checkpoints/test_he_seed3/model_v89.pt'

--- Testing version 90 ---
Loaded checkpoint with path ./checkpoints/test_he_seed3 version 100
Error during evaluation of version 90: [Errno 2] No such file or directory: 'checkpoints/test_he_seed3/model_v90.pt'

--- Testing version 91 ---
Loaded checkpoint with path ./checkpoints/test_he_seed3 version 100
Error during evaluation of version 91: [Errno 2] No such file or directory: 'checkpoints/test_he_seed3/model_v91.pt'

--- Testing version 92 ---
Loaded checkpoint with path ./checkpoints/test_he_seed3 version 100
Error during evaluation of version 92: [Errno 2] No such file or directory: 'checkpoints/test_he_seed3/model_v92.pt'

--- Testing version 93 ---
Loaded checkpoint with path ./checkpoints/test_he_seed3 version 100
Error during evaluation of version 93: [Errno 2] No such file or directory: 'checkpoints/test_he_seed3/model_v93.pt'

--- Testing version 94 ---
Loaded checkpoint with path ./checkpoints/test_he_seed3 version 100
Error during evaluation of version 94: [Errno 2] No such file or directory: 'checkpoints/test_he_seed3/model_v94.pt'

--- Testing version 95 ---
Loaded checkpoint with path ./checkpoints/test_he_seed3 version 100
Error during evaluation of version 95: [Errno 2] No such file or directory: 'checkpoints/test_he_seed3/model_v95.pt'

--- Testing version 96 ---
Loaded checkpoint with path ./checkpoints/test_he_seed3 version 100
Error during evaluation of version 96: [Errno 2] No such file or directory: 'checkpoints/test_he_seed3/model_v96.pt'

--- Testing version 97 ---
Loaded checkpoint with path ./checkpoints/test_he_seed3 version 100
Error during evaluation of version 97: [Errno 2] No such file or directory: 'checkpoints/test_he_seed3/model_v97.pt'

--- Testing version 98 ---
Loaded checkpoint with path ./checkpoints/test_he_seed3 version 100
Error during evaluation of version 98: [Errno 2] No such file or directory: 'checkpoints/test_he_seed3/model_v98.pt'

--- Testing version 99 ---
Loaded checkpoint with path ./checkpoints/test_he_seed3 version 100
Error during evaluation of version 99: [Errno 2] No such file or directory: 'checkpoints/test_he_seed3/model_v99.pt'

--- Testing version 100 ---
Loaded checkpoint with path ./checkpoints/test_he_seed3 version 100
Error during evaluation of version 100: [Errno 2] No such file or directory: 'checkpoints/test_he_seed3/model_v100.pt'
Found 163 versions to test: [0, 1, 2, 3, 4, 5, 6, 7, 8, 9, 10, 11, 12, 13, 14, 15, 16, 17, 18, 19, 20, 21, 22, 23, 24, 25, 26, 27, 28, 29, 30, 31, 32, 33, 34, 35, 36, 37, 38, 39, 40, 41, 42, 43, 44, 45, 46, 47, 48, 49, 50, 51, 52, 53, 54, 55, 56, 57, 58, 59, 60, 61, 62, 63, 64, 65, 66, 67, 68, 69, 70, 71, 72, 73, 74, 75, 76, 77, 78, 79, 80, 81, 82, 83, 84, 85, 86, 87, 88, 89, 90, 91, 92, 93, 94, 95, 96, 97, 98, 99, 100, 101, 102, 103, 104, 105, 106, 107, 108, 109, 110, 111, 112, 113, 114, 115, 116, 117, 118, 119, 120, 121, 122, 123, 124, 125, 126, 127, 128, 129, 130, 131, 132, 133, 134, 135, 136, 137, 138, 139, 140, 141, 142, 143, 144, 145, 146, 147, 148, 149, 150, 151, 152, 153, 154, 155, 156, 157, 158, 159, 160, 161, 162]


--- Testing version 0 ---
Loaded checkpoint with path ./checkpoints_20251027/seed2 version 162
TCGACancerStageDataset
Error during evaluation of version 0: [!] 文件不存在: /sharefiles2/yaoshuilian/TCGA-LUSC-Hypergraph/DC2001109 15.bin

--- Testing version 1 ---
Loaded checkpoint with path ./checkpoints_20251027/seed2 version 162
TCGACancerStageDataset
Error during evaluation of version 1: [!] 文件不存在: /sharefiles2/yaoshuilian/TCGA-LUSC-Hypergraph/DC2001109 15.bin

--- Testing version 2 ---
Loaded checkpoint with path ./checkpoints_20251027/seed2 version 162
TCGACancerStageDataset
Error during evaluation of version 2: [!] 文件不存在: /sharefiles2/yaoshuilian/TCGA-LUSC-Hypergraph/DC2001109 15.bin

--- Testing version 3 ---
Loaded checkpoint with path ./checkpoints_20251027/seed2 version 162
TCGACancerStageDataset
Error during evaluation of version 3: [!] 文件不存在: /sharefiles2/yaoshuilian/TCGA-LUSC-Hypergraph/DC2001109 15.bin

--- Testing version 4 ---
Loaded checkpoint with path ./checkpoints_20251027/seed2 version 162
TCGACancerStageDataset
Error during evaluation of version 4: [!] 文件不存在: /sharefiles2/yaoshuilian/TCGA-LUSC-Hypergraph/DC2001109 15.bin

--- Testing version 5 ---
Loaded checkpoint with path ./checkpoints_20251027/seed2 version 162
TCGACancerStageDataset
Error during evaluation of version 5: [!] 文件不存在: /sharefiles2/yaoshuilian/TCGA-LUSC-Hypergraph/DC2001109 15.bin

--- Testing version 6 ---
Loaded checkpoint with path ./checkpoints_20251027/seed2 version 162
TCGACancerStageDataset
Error during evaluation of version 6: [!] 文件不存在: /sharefiles2/yaoshuilian/TCGA-LUSC-Hypergraph/DC2001109 15.bin

--- Testing version 7 ---
Loaded checkpoint with path ./checkpoints_20251027/seed2 version 162
TCGACancerStageDataset
Error during evaluation of version 7: [!] 文件不存在: /sharefiles2/yaoshuilian/TCGA-LUSC-Hypergraph/DC2001109 15.bin

--- Testing version 8 ---
Loaded checkpoint with path ./checkpoints_20251027/seed2 version 162
TCGACancerStageDataset
Error during evaluation of version 8: [!] 文件不存在: /sharefiles2/yaoshuilian/TCGA-LUSC-Hypergraph/DC2001109 15.bin

--- Testing version 9 ---
Loaded checkpoint with path ./checkpoints_20251027/seed2 version 162
TCGACancerStageDataset
Error during evaluation of version 9: [!] 文件不存在: /sharefiles2/yaoshuilian/TCGA-LUSC-Hypergraph/DC2001109 15.bin

--- Testing version 10 ---
Loaded checkpoint with path ./checkpoints_20251027/seed2 version 162
TCGACancerStageDataset
Error during evaluation of version 10: [!] 文件不存在: /sharefiles2/yaoshuilian/TCGA-LUSC-Hypergraph/DC2001109 15.bin

--- Testing version 11 ---
Loaded checkpoint with path ./checkpoints_20251027/seed2 version 162
TCGACancerStageDataset
Error during evaluation of version 11: [!] 文件不存在: /sharefiles2/yaoshuilian/TCGA-LUSC-Hypergraph/DC2001109 15.bin

--- Testing version 12 ---
Loaded checkpoint with path ./checkpoints_20251027/seed2 version 162
TCGACancerStageDataset
Error during evaluation of version 12: [!] 文件不存在: /sharefiles2/yaoshuilian/TCGA-LUSC-Hypergraph/DC2001109 15.bin

--- Testing version 13 ---
Loaded checkpoint with path ./checkpoints_20251027/seed2 version 162
TCGACancerStageDataset
Error during evaluation of version 13: [!] 文件不存在: /sharefiles2/yaoshuilian/TCGA-LUSC-Hypergraph/DC2001109 15.bin

--- Testing version 14 ---
Loaded checkpoint with path ./checkpoints_20251027/seed2 version 162
TCGACancerStageDataset
Error during evaluation of version 14: [!] 文件不存在: /sharefiles2/yaoshuilian/TCGA-LUSC-Hypergraph/DC2001109 15.bin

--- Testing version 15 ---
Loaded checkpoint with path ./checkpoints_20251027/seed2 version 162
TCGACancerStageDataset
Error during evaluation of version 15: [!] 文件不存在: /sharefiles2/yaoshuilian/TCGA-LUSC-Hypergraph/DC2001109 15.bin

--- Testing version 16 ---
Loaded checkpoint with path ./checkpoints_20251027/seed2 version 162
TCGACancerStageDataset
Error during evaluation of version 16: [!] 文件不存在: /sharefiles2/yaoshuilian/TCGA-LUSC-Hypergraph/DC2001109 15.bin

--- Testing version 17 ---
Loaded checkpoint with path ./checkpoints_20251027/seed2 version 162
TCGACancerStageDataset
Error during evaluation of version 17: [!] 文件不存在: /sharefiles2/yaoshuilian/TCGA-LUSC-Hypergraph/DC2001109 15.bin

--- Testing version 18 ---
Loaded checkpoint with path ./checkpoints_20251027/seed2 version 162
TCGACancerStageDataset
Error during evaluation of version 18: [!] 文件不存在: /sharefiles2/yaoshuilian/TCGA-LUSC-Hypergraph/DC2001109 15.bin

--- Testing version 19 ---
Loaded checkpoint with path ./checkpoints_20251027/seed2 version 162
TCGACancerStageDataset
Error during evaluation of version 19: [!] 文件不存在: /sharefiles2/yaoshuilian/TCGA-LUSC-Hypergraph/DC2001109 15.bin

--- Testing version 20 ---
Loaded checkpoint with path ./checkpoints_20251027/seed2 version 162
TCGACancerStageDataset
Error during evaluation of version 20: [!] 文件不存在: /sharefiles2/yaoshuilian/TCGA-LUSC-Hypergraph/DC2001109 15.bin

--- Testing version 21 ---
Loaded checkpoint with path ./checkpoints_20251027/seed2 version 162
TCGACancerStageDataset
Error during evaluation of version 21: [!] 文件不存在: /sharefiles2/yaoshuilian/TCGA-LUSC-Hypergraph/DC2001109 15.bin

--- Testing version 22 ---
Loaded checkpoint with path ./checkpoints_20251027/seed2 version 162
TCGACancerStageDataset
Error during evaluation of version 22: [!] 文件不存在: /sharefiles2/yaoshuilian/TCGA-LUSC-Hypergraph/DC2001109 15.bin

--- Testing version 23 ---
Loaded checkpoint with path ./checkpoints_20251027/seed2 version 162
TCGACancerStageDataset
Error during evaluation of version 23: [!] 文件不存在: /sharefiles2/yaoshuilian/TCGA-LUSC-Hypergraph/DC2001109 15.bin

--- Testing version 24 ---
Loaded checkpoint with path ./checkpoints_20251027/seed2 version 162
TCGACancerStageDataset
Error during evaluation of version 24: [!] 文件不存在: /sharefiles2/yaoshuilian/TCGA-LUSC-Hypergraph/DC2001109 15.bin

--- Testing version 25 ---
Loaded checkpoint with path ./checkpoints_20251027/seed2 version 162
TCGACancerStageDataset
Error during evaluation of version 25: [!] 文件不存在: /sharefiles2/yaoshuilian/TCGA-LUSC-Hypergraph/DC2001109 15.bin

--- Testing version 26 ---
Loaded checkpoint with path ./checkpoints_20251027/seed2 version 162
TCGACancerStageDataset
Error during evaluation of version 26: [!] 文件不存在: /sharefiles2/yaoshuilian/TCGA-LUSC-Hypergraph/DC2001109 15.bin

--- Testing version 27 ---
Loaded checkpoint with path ./checkpoints_20251027/seed2 version 162
TCGACancerStageDataset
Error during evaluation of version 27: [!] 文件不存在: /sharefiles2/yaoshuilian/TCGA-LUSC-Hypergraph/DC2001109 15.bin

--- Testing version 28 ---
Loaded checkpoint with path ./checkpoints_20251027/seed2 version 162
TCGACancerStageDataset
Error during evaluation of version 28: [!] 文件不存在: /sharefiles2/yaoshuilian/TCGA-LUSC-Hypergraph/DC2001109 15.bin

--- Testing version 29 ---
Loaded checkpoint with path ./checkpoints_20251027/seed2 version 162
TCGACancerStageDataset
Error during evaluation of version 29: [!] 文件不存在: /sharefiles2/yaoshuilian/TCGA-LUSC-Hypergraph/DC2001109 15.bin

--- Testing version 30 ---
Loaded checkpoint with path ./checkpoints_20251027/seed2 version 162
TCGACancerStageDataset
Error during evaluation of version 30: [!] 文件不存在: /sharefiles2/yaoshuilian/TCGA-LUSC-Hypergraph/DC2001109 15.bin

--- Testing version 31 ---
Loaded checkpoint with path ./checkpoints_20251027/seed2 version 162
TCGACancerStageDataset
Error during evaluation of version 31: [!] 文件不存在: /sharefiles2/yaoshuilian/TCGA-LUSC-Hypergraph/DC2001109 15.bin

--- Testing version 32 ---
Loaded checkpoint with path ./checkpoints_20251027/seed2 version 162
TCGACancerStageDataset
Error during evaluation of version 32: [!] 文件不存在: /sharefiles2/yaoshuilian/TCGA-LUSC-Hypergraph/DC2001109 15.bin

--- Testing version 33 ---
Loaded checkpoint with path ./checkpoints_20251027/seed2 version 162
Found 163 versions to test: [0, 1, 2, 3, 4, 5, 6, 7, 8, 9, 10, 11, 12, 13, 14, 15, 16, 17, 18, 19, 20, 21, 22, 23, 24, 25, 26, 27, 28, 29, 30, 31, 32, 33, 34, 35, 36, 37, 38, 39, 40, 41, 42, 43, 44, 45, 46, 47, 48, 49, 50, 51, 52, 53, 54, 55, 56, 57, 58, 59, 60, 61, 62, 63, 64, 65, 66, 67, 68, 69, 70, 71, 72, 73, 74, 75, 76, 77, 78, 79, 80, 81, 82, 83, 84, 85, 86, 87, 88, 89, 90, 91, 92, 93, 94, 95, 96, 97, 98, 99, 100, 101, 102, 103, 104, 105, 106, 107, 108, 109, 110, 111, 112, 113, 114, 115, 116, 117, 118, 119, 120, 121, 122, 123, 124, 125, 126, 127, 128, 129, 130, 131, 132, 133, 134, 135, 136, 137, 138, 139, 140, 141, 142, 143, 144, 145, 146, 147, 148, 149, 150, 151, 152, 153, 154, 155, 156, 157, 158, 159, 160, 161, 162]


--- Testing version 0 ---
Loaded checkpoint with path ./checkpoints_20251027/seed2 version 162
TCGACancerStageDataset
=== Overall (All data) ===
Top-1 ACC=0.7714, Top-2 ACC=0.9238, Top-3 ACC=0.9857
Macro Precision=0.7438 Recall=0.4989 F1=0.4940 AUC=0.9308
Specificity (macro avg)=0.8991
Class 0: Precision=0.9559 | Recall=0.8442 | F1=0.8966 | AUC=0.9916 | Spec=0.9774
Class 1: Precision=0.3333 | Recall=0.0714 | F1=0.1176 | AUC=0.8684 | Spec=0.9898
Class 2: Precision=1.0000 | Recall=0.0800 | F1=0.1481 | AUC=0.9001 | Spec=1.0000
Class 3: Precision=0.6861 | Recall=1.0000 | F1=0.8139 | AUC=0.9629 | Spec=0.6293

Error during evaluation of version 0: not enough values to unpack (expected 6, got 5)

--- Testing version 1 ---
Loaded checkpoint with path ./checkpoints_20251027/seed2 version 162
TCGACancerStageDataset
Found 163 versions to test: [0, 1, 2, 3, 4, 5, 6, 7, 8, 9, 10, 11, 12, 13, 14, 15, 16, 17, 18, 19, 20, 21, 22, 23, 24, 25, 26, 27, 28, 29, 30, 31, 32, 33, 34, 35, 36, 37, 38, 39, 40, 41, 42, 43, 44, 45, 46, 47, 48, 49, 50, 51, 52, 53, 54, 55, 56, 57, 58, 59, 60, 61, 62, 63, 64, 65, 66, 67, 68, 69, 70, 71, 72, 73, 74, 75, 76, 77, 78, 79, 80, 81, 82, 83, 84, 85, 86, 87, 88, 89, 90, 91, 92, 93, 94, 95, 96, 97, 98, 99, 100, 101, 102, 103, 104, 105, 106, 107, 108, 109, 110, 111, 112, 113, 114, 115, 116, 117, 118, 119, 120, 121, 122, 123, 124, 125, 126, 127, 128, 129, 130, 131, 132, 133, 134, 135, 136, 137, 138, 139, 140, 141, 142, 143, 144, 145, 146, 147, 148, 149, 150, 151, 152, 153, 154, 155, 156, 157, 158, 159, 160, 161, 162]


--- Testing version 0 ---
Loaded checkpoint with path ./checkpoints_20251027/seed2 version 162
TCGACancerStageDataset
=== Overall (All data) ===
Top-1 ACC=0.4429, Top-2 ACC=0.8333, Top-3 ACC=0.9286
Macro Precision=0.1112 Recall=0.2473 F1=0.1535 AUC=0.6511
Specificity (macro avg)=0.7481
Class 0: Precision=0.0000 | Recall=0.0000 | F1=0.0000 | AUC=0.8008 | Spec=0.9925
Class 1: Precision=0.0000 | Recall=0.0000 | F1=0.0000 | AUC=0.5419 | Spec=1.0000
Class 2: Precision=0.0000 | Recall=0.0000 | F1=0.0000 | AUC=0.7518 | Spec=1.0000
Class 3: Precision=0.4450 | Recall=0.9894 | F1=0.6139 | AUC=0.5097 | Spec=0.0000

Error during evaluation of version 0: not enough values to unpack (expected 6, got 5)

--- Testing version 1 ---
Loaded checkpoint with path ./checkpoints_20251027/seed2 version 162
TCGACancerStageDataset
Found 163 versions to test: [0, 1, 2, 3, 4, 5, 6, 7, 8, 9, 10, 11, 12, 13, 14, 15, 16, 17, 18, 19, 20, 21, 22, 23, 24, 25, 26, 27, 28, 29, 30, 31, 32, 33, 34, 35, 36, 37, 38, 39, 40, 41, 42, 43, 44, 45, 46, 47, 48, 49, 50, 51, 52, 53, 54, 55, 56, 57, 58, 59, 60, 61, 62, 63, 64, 65, 66, 67, 68, 69, 70, 71, 72, 73, 74, 75, 76, 77, 78, 79, 80, 81, 82, 83, 84, 85, 86, 87, 88, 89, 90, 91, 92, 93, 94, 95, 96, 97, 98, 99, 100, 101, 102, 103, 104, 105, 106, 107, 108, 109, 110, 111, 112, 113, 114, 115, 116, 117, 118, 119, 120, 121, 122, 123, 124, 125, 126, 127, 128, 129, 130, 131, 132, 133, 134, 135, 136, 137, 138, 139, 140, 141, 142, 143, 144, 145, 146, 147, 148, 149, 150, 151, 152, 153, 154, 155, 156, 157, 158, 159, 160, 161, 162]


--- Testing version 0 ---
Loaded checkpoint with path ./checkpoints_20251027/seed2 version 162
TCGACancerStageDataset
=== Overall (All data) ===
Top-1 ACC=0.7714, Top-2 ACC=0.9238, Top-3 ACC=0.9857
Macro Precision=0.7438 Recall=0.4989 F1=0.4940 AUC=0.9308
Specificity (macro avg)=0.8991
Class 0: Precision=0.9559 | Recall=0.8442 | F1=0.8966 | AUC=0.9916 | Spec=0.9774
Class 1: Precision=0.3333 | Recall=0.0714 | F1=0.1176 | AUC=0.8684 | Spec=0.9898
Class 2: Precision=1.0000 | Recall=0.0800 | F1=0.1481 | AUC=0.9001 | Spec=1.0000
Class 3: Precision=0.6861 | Recall=1.0000 | F1=0.8139 | AUC=0.9629 | Spec=0.6293

Error during evaluation of version 0: not enough values to unpack (expected 6, got 5)

--- Testing version 1 ---
Loaded checkpoint with path ./checkpoints_20251027/seed2 version 162
TCGACancerStageDataset
=== Overall (All data) ===
Top-1 ACC=0.8810, Top-2 ACC=0.9619, Top-3 ACC=0.9952
Macro Precision=0.6143 Recall=0.6840 F1=0.6429 AUC=0.9605
Specificity (macro avg)=0.9598
Class 0: Precision=1.0000 | Recall=1.0000 | F1=1.0000 | AUC=1.0000 | Spec=1.0000
Class 1: Precision=0.0000 | Recall=0.0000 | F1=0.0000 | AUC=0.9151 | Spec=1.0000
Class 2: Precision=0.5405 | Recall=0.8000 | F1=0.6452 | AUC=0.9392 | Spec=0.9081
Class 3: Precision=0.9167 | Recall=0.9362 | F1=0.9263 | AUC=0.9877 | Spec=0.9310

Error during evaluation of version 1: not enough values to unpack (expected 6, got 5)

--- Testing version 2 ---
Loaded checkpoint with path ./checkpoints_20251027/seed2 version 162
TCGACancerStageDataset
=== Overall (All data) ===
Top-1 ACC=0.8476, Top-2 ACC=0.9524, Top-3 ACC=0.9952
Macro Precision=0.7217 Recall=0.6014 F1=0.6014 AUC=0.9669
Specificity (macro avg)=0.9389
Class 0: Precision=1.0000 | Recall=1.0000 | F1=1.0000 | AUC=1.0000 | Spec=1.0000
Class 1: Precision=0.3333 | Recall=0.2857 | F1=0.3077 | AUC=0.9267 | Spec=0.9592
Class 2: Precision=0.7500 | Recall=0.1200 | F1=0.2069 | AUC=0.9507 | Spec=0.9946
Class 3: Precision=0.8034 | Recall=1.0000 | F1=0.8910 | AUC=0.9903 | Spec=0.8017

Error during evaluation of version 2: not enough values to unpack (expected 6, got 5)

--- Testing version 3 ---
Loaded checkpoint with path ./checkpoints_20251027/seed2 version 162
TCGACancerStageDataset
=== Overall (All data) ===
Top-1 ACC=0.8667, Top-2 ACC=0.9667, Top-3 ACC=0.9952
Macro Precision=0.6911 Recall=0.6414 F1=0.6536 AUC=0.9654
Specificity (macro avg)=0.9506
Class 0: Precision=1.0000 | Recall=1.0000 | F1=1.0000 | AUC=1.0000 | Spec=1.0000
Class 1: Precision=0.3636 | Recall=0.2857 | F1=0.3200 | AUC=0.9329 | Spec=0.9643
Class 2: Precision=0.5385 | Recall=0.2800 | F1=0.3684 | AUC=0.9410 | Spec=0.9676
Class 3: Precision=0.8624 | Recall=1.0000 | F1=0.9261 | AUC=0.9877 | Spec=0.8707

Error during evaluation of version 3: not enough values to unpack (expected 6, got 5)

--- Testing version 4 ---
Loaded checkpoint with path ./checkpoints_20251027/seed2 version 162
TCGACancerStageDataset
=== Overall (All data) ===
Top-1 ACC=0.8714, Top-2 ACC=0.9619, Top-3 ACC=0.9952
Macro Precision=0.7681 Recall=0.6671 F1=0.6721 AUC=0.9655
Specificity (macro avg)=0.9523
Class 0: Precision=1.0000 | Recall=1.0000 | F1=1.0000 | AUC=1.0000 | Spec=1.0000
Class 1: Precision=0.3529 | Recall=0.4286 | F1=0.3871 | AUC=0.9319 | Spec=0.9439
Class 2: Precision=0.8571 | Recall=0.2400 | F1=0.3750 | AUC=0.9410 | Spec=0.9946
Class 3: Precision=0.8624 | Recall=1.0000 | F1=0.9261 | AUC=0.9891 | Spec=0.8707

Error during evaluation of version 4: not enough values to unpack (expected 6, got 5)

--- Testing version 5 ---
Loaded checkpoint with path ./checkpoints_20251027/seed2 version 162
TCGACancerStageDataset
=== Overall (All data) ===
Top-1 ACC=0.8857, Top-2 ACC=0.9667, Top-3 ACC=1.0000
Macro Precision=0.7265 Recall=0.6814 F1=0.6971 AUC=0.9698
Specificity (macro avg)=0.9593
Class 0: Precision=1.0000 | Recall=1.0000 | F1=1.0000 | AUC=1.0000 | Spec=1.0000
Class 1: Precision=0.3636 | Recall=0.2857 | F1=0.3200 | AUC=0.9439 | Spec=0.9643
Class 2: Precision=0.6471 | Recall=0.4400 | F1=0.5238 | AUC=0.9434 | Spec=0.9676
Class 3: Precision=0.8952 | Recall=1.0000 | F1=0.9447 | AUC=0.9918 | Spec=0.9052

Error during evaluation of version 5: not enough values to unpack (expected 6, got 5)

--- Testing version 6 ---
Loaded checkpoint with path ./checkpoints_20251027/seed2 version 162
TCGACancerStageDataset
=== Overall (All data) ===
Top-1 ACC=0.8952, Top-2 ACC=0.9524, Top-3 ACC=0.9905
Macro Precision=0.9159 Recall=0.6779 F1=0.6912 AUC=0.9663
Specificity (macro avg)=0.9555
Class 0: Precision=0.9747 | Recall=1.0000 | F1=0.9872 | AUC=1.0000 | Spec=0.9850
Class 1: Precision=1.0000 | Recall=0.0714 | F1=0.1333 | AUC=0.9224 | Spec=1.0000
Class 2: Precision=0.8421 | Recall=0.6400 | F1=0.7273 | AUC=0.9546 | Spec=0.9838
Class 3: Precision=0.8468 | Recall=1.0000 | F1=0.9171 | AUC=0.9884 | Spec=0.8534

Error during evaluation of version 6: not enough values to unpack (expected 6, got 5)

--- Testing version 7 ---
Loaded checkpoint with path ./checkpoints_20251027/seed2 version 162
TCGACancerStageDataset
=== Overall (All data) ===
Top-1 ACC=0.8810, Top-2 ACC=0.9619, Top-3 ACC=0.9905
Macro Precision=0.7600 Recall=0.6557 F1=0.6761 AUC=0.9711
Specificity (macro avg)=0.9522
Class 0: Precision=0.9872 | Recall=1.0000 | F1=0.9935 | AUC=1.0000 | Spec=0.9925
Class 1: Precision=0.5000 | Recall=0.1429 | F1=0.2222 | AUC=0.9402 | Spec=0.9898
Class 2: Precision=0.7059 | Recall=0.4800 | F1=0.5714 | AUC=0.9526 | Spec=0.9730
Class 3: Precision=0.8468 | Recall=1.0000 | F1=0.9171 | AUC=0.9914 | Spec=0.8534

Error during evaluation of version 7: not enough values to unpack (expected 6, got 5)

--- Testing version 8 ---
Loaded checkpoint with path ./checkpoints_20251027/seed2 version 162
TCGACancerStageDataset
=== Overall (All data) ===
Top-1 ACC=0.8619, Top-2 ACC=0.9381, Top-3 ACC=0.9857
Macro Precision=0.6129 Recall=0.6000 F1=0.5956 AUC=0.9645
Specificity (macro avg)=0.9421
Class 0: Precision=0.9747 | Recall=1.0000 | F1=0.9872 | AUC=1.0000 | Spec=0.9850
Class 1: Precision=0.0000 | Recall=0.0000 | F1=0.0000 | AUC=0.9293 | Spec=1.0000
Class 2: Precision=0.6667 | Recall=0.4000 | F1=0.5000 | AUC=0.9410 | Spec=0.9730
Class 3: Precision=0.8103 | Recall=1.0000 | F1=0.8952 | AUC=0.9879 | Spec=0.8103

Error during evaluation of version 8: not enough values to unpack (expected 6, got 5)

--- Testing version 9 ---
Loaded checkpoint with path ./checkpoints_20251027/seed2 version 162
TCGACancerStageDataset
=== Overall (All data) ===
Top-1 ACC=0.9000, Top-2 ACC=0.9619, Top-3 ACC=0.9905
Macro Precision=0.7743 Recall=0.6957 F1=0.7087 AUC=0.9705
Specificity (macro avg)=0.9619
Class 0: Precision=0.9747 | Recall=1.0000 | F1=0.9872 | AUC=1.0000 | Spec=0.9850
Class 1: Precision=0.5000 | Recall=0.1429 | F1=0.2222 | AUC=0.9311 | Spec=0.9898
Class 2: Precision=0.7273 | Recall=0.6400 | F1=0.6809 | AUC=0.9572 | Spec=0.9676
Class 3: Precision=0.8952 | Recall=1.0000 | F1=0.9447 | AUC=0.9938 | Spec=0.9052

Error during evaluation of version 9: not enough values to unpack (expected 6, got 5)

--- Testing version 10 ---
Loaded checkpoint with path ./checkpoints_20251027/seed2 version 162
TCGACancerStageDataset
=== Overall (All data) ===
Top-1 ACC=0.8952, Top-2 ACC=0.9571, Top-3 ACC=0.9952
Macro Precision=0.6331 Recall=0.6700 F1=0.6505 AUC=0.9694
Specificity (macro avg)=0.9598
Class 0: Precision=1.0000 | Recall=1.0000 | F1=1.0000 | AUC=1.0000 | Spec=1.0000
Class 1: Precision=0.0000 | Recall=0.0000 | F1=0.0000 | AUC=0.9417 | Spec=1.0000
Class 2: Precision=0.6538 | Recall=0.6800 | F1=0.6667 | AUC=0.9436 | Spec=0.9514
Class 3: Precision=0.8785 | Recall=1.0000 | F1=0.9353 | AUC=0.9924 | Spec=0.8879

Error during evaluation of version 10: not enough values to unpack (expected 6, got 5)

--- Testing version 11 ---
Loaded checkpoint with path ./checkpoints_20251027/seed2 version 162
TCGACancerStageDataset
=== Overall (All data) ===
Top-1 ACC=0.8952, Top-2 ACC=0.9571, Top-3 ACC=1.0000
Macro Precision=0.7665 Recall=0.6779 F1=0.6806 AUC=0.9684
Specificity (macro avg)=0.9591
Class 0: Precision=1.0000 | Recall=1.0000 | F1=1.0000 | AUC=1.0000 | Spec=1.0000
Class 1: Precision=0.5000 | Recall=0.0714 | F1=0.1250 | AUC=0.9355 | Spec=0.9949
Class 2: Precision=0.6957 | Recall=0.6400 | F1=0.6667 | AUC=0.9459 | Spec=0.9622
Class 3: Precision=0.8704 | Recall=1.0000 | F1=0.9307 | AUC=0.9922 | Spec=0.8793

Error during evaluation of version 11: not enough values to unpack (expected 6, got 5)

--- Testing version 12 ---
Loaded checkpoint with path ./checkpoints_20251027/seed2 version 162
TCGACancerStageDataset
=== Overall (All data) ===
Top-1 ACC=0.9000, Top-2 ACC=0.9619, Top-3 ACC=0.9905
Macro Precision=0.8335 Recall=0.7109 F1=0.7336 AUC=0.9689
Specificity (macro avg)=0.9613
Class 0: Precision=0.9625 | Recall=1.0000 | F1=0.9809 | AUC=1.0000 | Spec=0.9774
Class 1: Precision=0.7500 | Recall=0.2143 | F1=0.3333 | AUC=0.9373 | Spec=0.9949
Class 2: Precision=0.7273 | Recall=0.6400 | F1=0.6809 | AUC=0.9481 | Spec=0.9676
Class 3: Precision=0.8942 | Recall=0.9894 | F1=0.9394 | AUC=0.9902 | Spec=0.9052

Error during evaluation of version 12: not enough values to unpack (expected 6, got 5)

--- Testing version 13 ---
Loaded checkpoint with path ./checkpoints_20251027/seed2 version 162
TCGACancerStageDataset
=== Overall (All data) ===
Top-1 ACC=0.8952, Top-2 ACC=0.9571, Top-3 ACC=0.9952
Macro Precision=0.8178 Recall=0.6857 F1=0.7059 AUC=0.9657
Specificity (macro avg)=0.9575
Class 0: Precision=1.0000 | Recall=1.0000 | F1=1.0000 | AUC=1.0000 | Spec=1.0000
Class 1: Precision=0.6667 | Recall=0.1429 | F1=0.2353 | AUC=0.9235 | Spec=0.9949
Class 2: Precision=0.7500 | Recall=0.6000 | F1=0.6667 | AUC=0.9479 | Spec=0.9730
Class 3: Precision=0.8545 | Recall=1.0000 | F1=0.9216 | AUC=0.9916 | Spec=0.8621

Error during evaluation of version 13: not enough values to unpack (expected 6, got 5)

--- Testing version 14 ---
Loaded checkpoint with path ./checkpoints_20251027/seed2 version 162
TCGACancerStageDataset
=== Overall (All data) ===
Top-1 ACC=0.8905, Top-2 ACC=0.9714, Top-3 ACC=1.0000
Macro Precision=0.7631 Recall=0.7066 F1=0.7274 AUC=0.9701
Specificity (macro avg)=0.9597
Class 0: Precision=1.0000 | Recall=1.0000 | F1=1.0000 | AUC=1.0000 | Spec=1.0000
Class 1: Precision=0.5000 | Recall=0.3571 | F1=0.4167 | AUC=0.9464 | Spec=0.9745
Class 2: Precision=0.6667 | Recall=0.4800 | F1=0.5581 | AUC=0.9414 | Spec=0.9676
Class 3: Precision=0.8857 | Recall=0.9894 | F1=0.9347 | AUC=0.9927 | Spec=0.8966

Error during evaluation of version 14: not enough values to unpack (expected 6, got 5)

--- Testing version 15 ---
Loaded checkpoint with path ./checkpoints_20251027/seed2 version 162
TCGACancerStageDataset
=== Overall (All data) ===
Top-1 ACC=0.8810, Top-2 ACC=0.9619, Top-3 ACC=1.0000
Macro Precision=0.7375 Recall=0.6703 F1=0.6876 AUC=0.9703
Specificity (macro avg)=0.9560
Class 0: Precision=1.0000 | Recall=0.9870 | F1=0.9935 | AUC=0.9999 | Spec=1.0000
Class 1: Precision=0.5000 | Recall=0.2143 | F1=0.3000 | AUC=0.9548 | Spec=0.9847
Class 2: Precision=0.5714 | Recall=0.4800 | F1=0.5217 | AUC=0.9351 | Spec=0.9514
Class 3: Precision=0.8785 | Recall=1.0000 | F1=0.9353 | AUC=0.9915 | Spec=0.8879

Error during evaluation of version 15: not enough values to unpack (expected 6, got 5)

--- Testing version 16 ---
Loaded checkpoint with path ./checkpoints_20251027/seed2 version 162
TCGACancerStageDataset
=== Overall (All data) ===
Top-1 ACC=0.8905, Top-2 ACC=0.9571, Top-3 ACC=0.9905
Macro Precision=0.7744 Recall=0.6836 F1=0.7041 AUC=0.9710
Specificity (macro avg)=0.9586
Class 0: Precision=1.0000 | Recall=1.0000 | F1=1.0000 | AUC=1.0000 | Spec=1.0000
Class 1: Precision=0.6000 | Recall=0.2143 | F1=0.3158 | AUC=0.9501 | Spec=0.9898
Class 2: Precision=0.6190 | Recall=0.5200 | F1=0.5652 | AUC=0.9416 | Spec=0.9568
Class 3: Precision=0.8785 | Recall=1.0000 | F1=0.9353 | AUC=0.9921 | Spec=0.8879

Error during evaluation of version 16: not enough values to unpack (expected 6, got 5)

--- Testing version 17 ---
Loaded checkpoint with path ./checkpoints_20251027/seed2 version 162
TCGACancerStageDataset
=== Overall (All data) ===
Top-1 ACC=0.8619, Top-2 ACC=0.9667, Top-3 ACC=0.9952
Macro Precision=0.7293 Recall=0.6314 F1=0.6515 AUC=0.9690
Specificity (macro avg)=0.9442
Class 0: Precision=1.0000 | Recall=1.0000 | F1=1.0000 | AUC=1.0000 | Spec=1.0000
Class 1: Precision=0.5000 | Recall=0.2857 | F1=0.3636 | AUC=0.9512 | Spec=0.9796
Class 2: Precision=0.6000 | Recall=0.2400 | F1=0.3429 | AUC=0.9392 | Spec=0.9784
Class 3: Precision=0.8174 | Recall=1.0000 | F1=0.8995 | AUC=0.9856 | Spec=0.8190

Error during evaluation of version 17: not enough values to unpack (expected 6, got 5)

--- Testing version 18 ---
Loaded checkpoint with path ./checkpoints_20251027/seed2 version 162
TCGACancerStageDataset
=== Overall (All data) ===
Top-1 ACC=0.8857, Top-2 ACC=0.9714, Top-3 ACC=1.0000
Macro Precision=0.7647 Recall=0.6971 F1=0.7181 AUC=0.9672
Specificity (macro avg)=0.9567
Class 0: Precision=1.0000 | Recall=1.0000 | F1=1.0000 | AUC=1.0000 | Spec=1.0000
Class 1: Precision=0.5455 | Recall=0.4286 | F1=0.4800 | AUC=0.9417 | Spec=0.9745
Class 2: Precision=0.6429 | Recall=0.3600 | F1=0.4615 | AUC=0.9358 | Spec=0.9730
Class 3: Precision=0.8704 | Recall=1.0000 | F1=0.9307 | AUC=0.9912 | Spec=0.8793

Error during evaluation of version 18: not enough values to unpack (expected 6, got 5)

--- Testing version 19 ---
Loaded checkpoint with path ./checkpoints_20251027/seed2 version 162
TCGACancerStageDataset
=== Overall (All data) ===
Top-1 ACC=0.8571, Top-2 ACC=0.9667, Top-3 ACC=0.9952
Macro Precision=0.7668 Recall=0.6484 F1=0.6797 AUC=0.9663
Specificity (macro avg)=0.9412
Class 0: Precision=1.0000 | Recall=0.9481 | F1=0.9733 | AUC=1.0000 | Spec=1.0000
Class 1: Precision=0.5714 | Recall=0.2857 | F1=0.3810 | AUC=0.9278 | Spec=0.9847
Class 2: Precision=0.6923 | Recall=0.3600 | F1=0.4737 | AUC=0.9434 | Spec=0.9784
Class 3: Precision=0.8034 | Recall=1.0000 | F1=0.8910 | AUC=0.9939 | Spec=0.8017

Error during evaluation of version 19: not enough values to unpack (expected 6, got 5)

--- Testing version 20 ---
Loaded checkpoint with path ./checkpoints_20251027/seed2 version 162
TCGACancerStageDataset
=== Overall (All data) ===
Top-1 ACC=0.8714, Top-2 ACC=0.9476, Top-3 ACC=0.9952
Macro Precision=0.6959 Recall=0.6279 F1=0.6355 AUC=0.9637
Specificity (macro avg)=0.9492
Class 0: Precision=1.0000 | Recall=1.0000 | F1=1.0000 | AUC=1.0000 | Spec=1.0000
Class 1: Precision=0.3333 | Recall=0.0714 | F1=0.1176 | AUC=0.9300 | Spec=0.9898
Class 2: Precision=0.6111 | Recall=0.4400 | F1=0.5116 | AUC=0.9347 | Spec=0.9622
Class 3: Precision=0.8393 | Recall=1.0000 | F1=0.9126 | AUC=0.9901 | Spec=0.8448

Error during evaluation of version 20: not enough values to unpack (expected 6, got 5)

--- Testing version 21 ---
Loaded checkpoint with path ./checkpoints_20251027/seed2 version 162
TCGACancerStageDataset
=== Overall (All data) ===
Top-1 ACC=0.8857, Top-2 ACC=0.9667, Top-3 ACC=1.0000
Macro Precision=0.7562 Recall=0.7186 F1=0.7319 AUC=0.9665
Specificity (macro avg)=0.9606
Class 0: Precision=1.0000 | Recall=1.0000 | F1=1.0000 | AUC=1.0000 | Spec=1.0000
Class 1: Precision=0.5556 | Recall=0.3571 | F1=0.4348 | AUC=0.9384 | Spec=0.9796
Class 2: Precision=0.5600 | Recall=0.5600 | F1=0.5600 | AUC=0.9354 | Spec=0.9405
Class 3: Precision=0.9091 | Recall=0.9574 | F1=0.9326 | AUC=0.9921 | Spec=0.9224

Error during evaluation of version 21: not enough values to unpack (expected 6, got 5)

--- Testing version 22 ---
Loaded checkpoint with path ./checkpoints_20251027/seed2 version 162
TCGACancerStageDataset
=== Overall (All data) ===
Top-1 ACC=0.8810, Top-2 ACC=0.9667, Top-3 ACC=0.9952
Macro Precision=0.7615 Recall=0.6714 F1=0.6971 AUC=0.9682
Specificity (macro avg)=0.9539
Class 0: Precision=0.9872 | Recall=1.0000 | F1=0.9935 | AUC=1.0000 | Spec=0.9925
Class 1: Precision=0.5714 | Recall=0.2857 | F1=0.3810 | AUC=0.9475 | Spec=0.9847
Class 2: Precision=0.6250 | Recall=0.4000 | F1=0.4878 | AUC=0.9395 | Spec=0.9676
Class 3: Precision=0.8624 | Recall=1.0000 | F1=0.9261 | AUC=0.9859 | Spec=0.8707

Error during evaluation of version 22: not enough values to unpack (expected 6, got 5)

--- Testing version 23 ---
Loaded checkpoint with path ./checkpoints_20251027/seed2 version 162
TCGACancerStageDataset
=== Overall (All data) ===
Top-1 ACC=0.8667, Top-2 ACC=0.9762, Top-3 ACC=0.9952
Macro Precision=0.6995 Recall=0.7017 F1=0.6960 AUC=0.9582
Specificity (macro avg)=0.9574
Class 0: Precision=0.9625 | Recall=1.0000 | F1=0.9809 | AUC=0.9962 | Spec=0.9774
Class 1: Precision=0.3889 | Recall=0.5000 | F1=0.4375 | AUC=0.9319 | Spec=0.9439
Class 2: Precision=0.5000 | Recall=0.3600 | F1=0.4186 | AUC=0.9148 | Spec=0.9514
Class 3: Precision=0.9468 | Recall=0.9468 | F1=0.9468 | AUC=0.9898 | Spec=0.9569

Error during evaluation of version 23: not enough values to unpack (expected 6, got 5)

--- Testing version 24 ---
Loaded checkpoint with path ./checkpoints_20251027/seed2 version 162
TCGACancerStageDataset
=== Overall (All data) ===
Top-1 ACC=0.8810, Top-2 ACC=0.9571, Top-3 ACC=0.9762
Macro Precision=0.7509 Recall=0.6557 F1=0.6734 AUC=0.9662
Specificity (macro avg)=0.9533
Class 0: Precision=0.9747 | Recall=1.0000 | F1=0.9872 | AUC=1.0000 | Spec=0.9850
Class 1: Precision=0.5000 | Recall=0.1429 | F1=0.2222 | AUC=0.9497 | Spec=0.9898
Class 2: Precision=0.6667 | Recall=0.4800 | F1=0.5581 | AUC=0.9388 | Spec=0.9676
Class 3: Precision=0.8624 | Recall=1.0000 | F1=0.9261 | AUC=0.9763 | Spec=0.8707

Error during evaluation of version 24: not enough values to unpack (expected 6, got 5)

--- Testing version 25 ---
Loaded checkpoint with path ./checkpoints_20251027/seed2 version 162
TCGACancerStageDataset
=== Overall (All data) ===
Top-1 ACC=0.8905, Top-2 ACC=0.9952, Top-3 ACC=1.0000
Macro Precision=0.7394 Recall=0.7381 F1=0.7255 AUC=0.9738
Specificity (macro avg)=0.9652
Class 0: Precision=0.9872 | Recall=1.0000 | F1=0.9935 | AUC=1.0000 | Spec=0.9925
Class 1: Precision=0.4500 | Recall=0.6429 | F1=0.5294 | AUC=0.9519 | Spec=0.9439
Class 2: Precision=0.5714 | Recall=0.3200 | F1=0.4103 | AUC=0.9457 | Spec=0.9676
Class 3: Precision=0.9490 | Recall=0.9894 | F1=0.9688 | AUC=0.9976 | Spec=0.9569

Error during evaluation of version 25: not enough values to unpack (expected 6, got 5)

--- Testing version 26 ---
Loaded checkpoint with path ./checkpoints_20251027/seed2 version 162
TCGACancerStageDataset
=== Overall (All data) ===
Top-1 ACC=0.9048, Top-2 ACC=0.9714, Top-3 ACC=1.0000
Macro Precision=0.7339 Recall=0.7057 F1=0.7036 AUC=0.9700
Specificity (macro avg)=0.9692
Class 0: Precision=1.0000 | Recall=1.0000 | F1=1.0000 | AUC=1.0000 | Spec=1.0000
Class 1: Precision=0.4000 | Recall=0.1429 | F1=0.2105 | AUC=0.9362 | Spec=0.9847
Class 2: Precision=0.5862 | Recall=0.6800 | F1=0.6296 | AUC=0.9468 | Spec=0.9351
Class 3: Precision=0.9495 | Recall=1.0000 | F1=0.9741 | AUC=0.9969 | Spec=0.9569

Error during evaluation of version 26: not enough values to unpack (expected 6, got 5)

--- Testing version 27 ---
Loaded checkpoint with path ./checkpoints_20251027/seed2 version 162
TCGACancerStageDataset
=== Overall (All data) ===
Top-1 ACC=0.8810, Top-2 ACC=0.9857, Top-3 ACC=1.0000
Macro Precision=0.7075 Recall=0.6866 F1=0.6936 AUC=0.9720
Specificity (macro avg)=0.9607
Class 0: Precision=0.9872 | Recall=1.0000 | F1=0.9935 | AUC=1.0000 | Spec=0.9925
Class 1: Precision=0.3571 | Recall=0.3571 | F1=0.3571 | AUC=0.9439 | Spec=0.9541
Class 2: Precision=0.5556 | Recall=0.4000 | F1=0.4651 | AUC=0.9470 | Spec=0.9568
Class 3: Precision=0.9300 | Recall=0.9894 | F1=0.9588 | AUC=0.9972 | Spec=0.9397

Error during evaluation of version 27: not enough values to unpack (expected 6, got 5)

--- Testing version 28 ---
Loaded checkpoint with path ./checkpoints_20251027/seed2 version 162
TCGACancerStageDataset
=== Overall (All data) ===
Top-1 ACC=0.8762, Top-2 ACC=0.9762, Top-3 ACC=1.0000
Macro Precision=0.7476 Recall=0.6929 F1=0.6786 AUC=0.9656
Specificity (macro avg)=0.9570
Class 0: Precision=1.0000 | Recall=1.0000 | F1=1.0000 | AUC=1.0000 | Spec=1.0000
Class 1: Precision=0.3810 | Recall=0.5714 | F1=0.4571 | AUC=0.9380 | Spec=0.9337
Class 2: Precision=0.7143 | Recall=0.2000 | F1=0.3125 | AUC=0.9343 | Spec=0.9892
Class 3: Precision=0.8952 | Recall=1.0000 | F1=0.9447 | AUC=0.9901 | Spec=0.9052

Error during evaluation of version 28: not enough values to unpack (expected 6, got 5)

--- Testing version 29 ---
Loaded checkpoint with path ./checkpoints_20251027/seed2 version 162
TCGACancerStageDataset
=== Overall (All data) ===
Top-1 ACC=0.9143, Top-2 ACC=0.9762, Top-3 ACC=1.0000
Macro Precision=0.7913 Recall=0.7414 F1=0.7542 AUC=0.9727
Specificity (macro avg)=0.9711
Class 0: Precision=1.0000 | Recall=1.0000 | F1=1.0000 | AUC=1.0000 | Spec=1.0000
Class 1: Precision=0.5714 | Recall=0.2857 | F1=0.3810 | AUC=0.9464 | Spec=0.9847
Class 2: Precision=0.6538 | Recall=0.6800 | F1=0.6667 | AUC=0.9494 | Spec=0.9514
Class 3: Precision=0.9400 | Recall=1.0000 | F1=0.9691 | AUC=0.9950 | Spec=0.9483

Error during evaluation of version 29: not enough values to unpack (expected 6, got 5)

--- Testing version 30 ---
Loaded checkpoint with path ./checkpoints_20251027/seed2 version 162
TCGACancerStageDataset
=== Overall (All data) ===
Top-1 ACC=0.9048, Top-2 ACC=0.9714, Top-3 ACC=0.9952
Macro Precision=0.7893 Recall=0.7214 F1=0.7422 AUC=0.9671
Specificity (macro avg)=0.9652
Class 0: Precision=1.0000 | Recall=1.0000 | F1=1.0000 | AUC=1.0000 | Spec=1.0000
Class 1: Precision=0.5714 | Recall=0.2857 | F1=0.3810 | AUC=0.9351 | Spec=0.9847
Class 2: Precision=0.6818 | Recall=0.6000 | F1=0.6383 | AUC=0.9436 | Spec=0.9622
Class 3: Precision=0.9038 | Recall=1.0000 | F1=0.9495 | AUC=0.9898 | Spec=0.9138

Error during evaluation of version 30: not enough values to unpack (expected 6, got 5)

--- Testing version 31 ---
Loaded checkpoint with path ./checkpoints_20251027/seed2 version 162
TCGACancerStageDataset
=== Overall (All data) ===
Top-1 ACC=0.8905, Top-2 ACC=0.9810, Top-3 ACC=1.0000
Macro Precision=0.7473 Recall=0.7066 F1=0.7224 AUC=0.9681
Specificity (macro avg)=0.9613
Class 0: Precision=1.0000 | Recall=1.0000 | F1=1.0000 | AUC=1.0000 | Spec=1.0000
Class 1: Precision=0.4545 | Recall=0.3571 | F1=0.4000 | AUC=0.9362 | Spec=0.9694
Class 2: Precision=0.6316 | Recall=0.4800 | F1=0.5455 | AUC=0.9440 | Spec=0.9622
Class 3: Precision=0.9029 | Recall=0.9894 | F1=0.9442 | AUC=0.9922 | Spec=0.9138

Error during evaluation of version 31: not enough values to unpack (expected 6, got 5)

--- Testing version 32 ---
Loaded checkpoint with path ./checkpoints_20251027/seed2 version 162
TCGACancerStageDataset
=== Overall (All data) ===
Top-1 ACC=0.8857, Top-2 ACC=0.9857, Top-3 ACC=1.0000
Macro Precision=0.7462 Recall=0.7129 F1=0.7096 AUC=0.9706
Specificity (macro avg)=0.9603
Class 0: Precision=1.0000 | Recall=1.0000 | F1=1.0000 | AUC=1.0000 | Spec=1.0000
Class 1: Precision=0.4444 | Recall=0.5714 | F1=0.5000 | AUC=0.9490 | Spec=0.9490
Class 2: Precision=0.6364 | Recall=0.2800 | F1=0.3889 | AUC=0.9390 | Spec=0.9784
Class 3: Precision=0.9038 | Recall=1.0000 | F1=0.9495 | AUC=0.9942 | Spec=0.9138

Error during evaluation of version 32: not enough values to unpack (expected 6, got 5)

--- Testing version 33 ---
Loaded checkpoint with path ./checkpoints_20251027/seed2 version 162
TCGACancerStageDataset
=== Overall (All data) ===
Top-1 ACC=0.9000, Top-2 ACC=0.9714, Top-3 ACC=1.0000
Macro Precision=0.7751 Recall=0.7340 F1=0.7489 AUC=0.9700
Specificity (macro avg)=0.9655
Class 0: Precision=1.0000 | Recall=1.0000 | F1=1.0000 | AUC=1.0000 | Spec=1.0000
Class 1: Precision=0.5556 | Recall=0.3571 | F1=0.4348 | AUC=0.9446 | Spec=0.9796
Class 2: Precision=0.6250 | Recall=0.6000 | F1=0.6122 | AUC=0.9423 | Spec=0.9514
Class 3: Precision=0.9200 | Recall=0.9787 | F1=0.9485 | AUC=0.9931 | Spec=0.9310

Error during evaluation of version 33: not enough values to unpack (expected 6, got 5)

--- Testing version 34 ---
Loaded checkpoint with path ./checkpoints_20251027/seed2 version 162
TCGACancerStageDataset
=== Overall (All data) ===
Top-1 ACC=0.8905, Top-2 ACC=0.9667, Top-3 ACC=0.9952
Macro Precision=0.7665 Recall=0.6993 F1=0.7221 AUC=0.9666
Specificity (macro avg)=0.9588
Class 0: Precision=1.0000 | Recall=1.0000 | F1=1.0000 | AUC=1.0000 | Spec=1.0000
Class 1: Precision=0.5000 | Recall=0.3571 | F1=0.4167 | AUC=0.9319 | Spec=0.9745
Class 2: Precision=0.6875 | Recall=0.4400 | F1=0.5366 | AUC=0.9431 | Spec=0.9730
Class 3: Precision=0.8785 | Recall=1.0000 | F1=0.9353 | AUC=0.9912 | Spec=0.8879

Error during evaluation of version 34: not enough values to unpack (expected 6, got 5)

--- Testing version 35 ---
Loaded checkpoint with path ./checkpoints_20251027/seed2 version 162
TCGACancerStageDataset
=== Overall (All data) ===
Top-1 ACC=0.8810, Top-2 ACC=0.9810, Top-3 ACC=1.0000
Macro Precision=0.7185 Recall=0.7086 F1=0.7130 AUC=0.9623
Specificity (macro avg)=0.9619
Class 0: Precision=1.0000 | Recall=1.0000 | F1=1.0000 | AUC=1.0000 | Spec=1.0000
Class 1: Precision=0.4167 | Recall=0.3571 | F1=0.3846 | AUC=0.9275 | Spec=0.9643
Class 2: Precision=0.5200 | Recall=0.5200 | F1=0.5200 | AUC=0.9291 | Spec=0.9351
Class 3: Precision=0.9375 | Recall=0.9574 | F1=0.9474 | AUC=0.9927 | Spec=0.9483

Error during evaluation of version 35: not enough values to unpack (expected 6, got 5)

--- Testing version 36 ---
Loaded checkpoint with path ./checkpoints_20251027/seed2 version 162
TCGACancerStageDataset
=== Overall (All data) ===
Top-1 ACC=0.8667, Top-2 ACC=0.9667, Top-3 ACC=1.0000
Macro Precision=0.7188 Recall=0.7526 F1=0.7290 AUC=0.9622
Specificity (macro avg)=0.9629
Class 0: Precision=1.0000 | Recall=1.0000 | F1=1.0000 | AUC=1.0000 | Spec=1.0000
Class 1: Precision=0.3750 | Recall=0.4286 | F1=0.4000 | AUC=0.9213 | Spec=0.9490
Class 2: Precision=0.5000 | Recall=0.7200 | F1=0.5902 | AUC=0.9338 | Spec=0.9027
Class 3: Precision=1.0000 | Recall=0.8617 | F1=0.9257 | AUC=0.9939 | Spec=1.0000

Error during evaluation of version 36: not enough values to unpack (expected 6, got 5)

--- Testing version 37 ---
Loaded checkpoint with path ./checkpoints_20251027/seed2 version 162
TCGACancerStageDataset
=== Overall (All data) ===
Top-1 ACC=0.8905, Top-2 ACC=0.9667, Top-3 ACC=1.0000
Macro Precision=0.7589 Recall=0.6988 F1=0.7190 AUC=0.9645
Specificity (macro avg)=0.9596
Class 0: Precision=1.0000 | Recall=1.0000 | F1=1.0000 | AUC=1.0000 | Spec=1.0000
Class 1: Precision=0.5000 | Recall=0.2857 | F1=0.3636 | AUC=0.9355 | Spec=0.9796
Class 2: Precision=0.6500 | Recall=0.5200 | F1=0.5778 | AUC=0.9309 | Spec=0.9622
Class 3: Precision=0.8857 | Recall=0.9894 | F1=0.9347 | AUC=0.9915 | Spec=0.8966

Error during evaluation of version 37: not enough values to unpack (expected 6, got 5)

--- Testing version 38 ---
Loaded checkpoint with path ./checkpoints_20251027/seed2 version 162
TCGACancerStageDataset
=== Overall (All data) ===
Top-1 ACC=0.8762, Top-2 ACC=0.9714, Top-3 ACC=1.0000
Macro Precision=0.7196 Recall=0.6693 F1=0.6817 AUC=0.9661
Specificity (macro avg)=0.9550
Class 0: Precision=1.0000 | Recall=1.0000 | F1=1.0000 | AUC=1.0000 | Spec=1.0000
Class 1: Precision=0.3846 | Recall=0.3571 | F1=0.3704 | AUC=0.9428 | Spec=0.9592
Class 2: Precision=0.6154 | Recall=0.3200 | F1=0.4211 | AUC=0.9425 | Spec=0.9730
Class 3: Precision=0.8785 | Recall=1.0000 | F1=0.9353 | AUC=0.9790 | Spec=0.8879

Error during evaluation of version 38: not enough values to unpack (expected 6, got 5)

--- Testing version 39 ---
Loaded checkpoint with path ./checkpoints_20251027/seed2 version 162
TCGACancerStageDataset
=== Overall (All data) ===
Top-1 ACC=0.8619, Top-2 ACC=0.9905, Top-3 ACC=1.0000
Macro Precision=0.6492 Recall=0.6623 F1=0.6437 AUC=0.9583
Specificity (macro avg)=0.9562
Class 0: Precision=1.0000 | Recall=1.0000 | F1=1.0000 | AUC=1.0000 | Spec=1.0000
Class 1: Precision=0.3333 | Recall=0.5000 | F1=0.4000 | AUC=0.9373 | Spec=0.9286
Class 2: Precision=0.3333 | Recall=0.1600 | F1=0.2162 | AUC=0.9109 | Spec=0.9568
Class 3: Precision=0.9300 | Recall=0.9894 | F1=0.9588 | AUC=0.9851 | Spec=0.9397

Error during evaluation of version 39: not enough values to unpack (expected 6, got 5)

--- Testing version 40 ---
Loaded checkpoint with path ./checkpoints_20251027/seed2 version 162
TCGACancerStageDataset
=== Overall (All data) ===
Top-1 ACC=0.8857, Top-2 ACC=0.9714, Top-3 ACC=1.0000
Macro Precision=0.7229 Recall=0.7040 F1=0.7122 AUC=0.9673
Specificity (macro avg)=0.9625
Class 0: Precision=1.0000 | Recall=1.0000 | F1=1.0000 | AUC=1.0000 | Spec=1.0000
Class 1: Precision=0.4167 | Recall=0.3571 | F1=0.3846 | AUC=0.9377 | Spec=0.9643
Class 2: Precision=0.5455 | Recall=0.4800 | F1=0.5106 | AUC=0.9369 | Spec=0.9459
Class 3: Precision=0.9293 | Recall=0.9787 | F1=0.9534 | AUC=0.9945 | Spec=0.9397

Error during evaluation of version 40: not enough values to unpack (expected 6, got 5)

--- Testing version 41 ---
Loaded checkpoint with path ./checkpoints_20251027/seed2 version 162
TCGACancerStageDataset
=== Overall (All data) ===
Top-1 ACC=0.8476, Top-2 ACC=0.9476, Top-3 ACC=1.0000
Macro Precision=0.7242 Recall=0.7110 F1=0.6941 AUC=0.9601
Specificity (macro avg)=0.9506
Class 0: Precision=0.8953 | Recall=1.0000 | F1=0.9448 | AUC=1.0000 | Spec=0.9323
Class 1: Precision=0.5000 | Recall=0.2143 | F1=0.3000 | AUC=0.9206 | Spec=0.9847
Class 2: Precision=0.5263 | Recall=0.8000 | F1=0.6349 | AUC=0.9335 | Spec=0.9027
Class 3: Precision=0.9750 | Recall=0.8298 | F1=0.8966 | AUC=0.9862 | Spec=0.9828

Error during evaluation of version 41: not enough values to unpack (expected 6, got 5)

--- Testing version 42 ---
Loaded checkpoint with path ./checkpoints_20251027/seed2 version 162
TCGACancerStageDataset
=== Overall (All data) ===
Top-1 ACC=0.9048, Top-2 ACC=0.9762, Top-3 ACC=1.0000
Macro Precision=0.8041 Recall=0.7361 F1=0.7506 AUC=0.9689
Specificity (macro avg)=0.9667
Class 0: Precision=1.0000 | Recall=1.0000 | F1=1.0000 | AUC=1.0000 | Spec=1.0000
Class 1: Precision=0.6667 | Recall=0.2857 | F1=0.4000 | AUC=0.9395 | Spec=0.9898
Class 2: Precision=0.6296 | Recall=0.6800 | F1=0.6538 | AUC=0.9429 | Spec=0.9459
Class 3: Precision=0.9200 | Recall=0.9787 | F1=0.9485 | AUC=0.9932 | Spec=0.9310

Error during evaluation of version 42: not enough values to unpack (expected 6, got 5)

--- Testing version 43 ---
Loaded checkpoint with path ./checkpoints_20251027/seed2 version 162
TCGACancerStageDataset
=== Overall (All data) ===
Top-1 ACC=0.9000, Top-2 ACC=0.9667, Top-3 ACC=1.0000
Macro Precision=0.7857 Recall=0.7109 F1=0.7250 AUC=0.9691
Specificity (macro avg)=0.9637
Class 0: Precision=1.0000 | Recall=1.0000 | F1=1.0000 | AUC=1.0000 | Spec=1.0000
Class 1: Precision=0.6000 | Recall=0.2143 | F1=0.3158 | AUC=0.9337 | Spec=0.9898
Class 2: Precision=0.6400 | Recall=0.6400 | F1=0.6400 | AUC=0.9477 | Spec=0.9514
Class 3: Precision=0.9029 | Recall=0.9894 | F1=0.9442 | AUC=0.9952 | Spec=0.9138

Error during evaluation of version 43: not enough values to unpack (expected 6, got 5)

--- Testing version 44 ---
Loaded checkpoint with path ./checkpoints_20251027/seed2 version 162
TCGACancerStageDataset
=== Overall (All data) ===
Top-1 ACC=0.8762, Top-2 ACC=0.9619, Top-3 ACC=1.0000
Macro Precision=0.7079 Recall=0.7060 F1=0.7067 AUC=0.9597
Specificity (macro avg)=0.9615
Class 0: Precision=1.0000 | Recall=1.0000 | F1=1.0000 | AUC=1.0000 | Spec=1.0000
Class 1: Precision=0.3846 | Recall=0.3571 | F1=0.3704 | AUC=0.9227 | Spec=0.9592
Class 2: Precision=0.5000 | Recall=0.5200 | F1=0.5098 | AUC=0.9263 | Spec=0.9297
Class 3: Precision=0.9468 | Recall=0.9468 | F1=0.9468 | AUC=0.9898 | Spec=0.9569

Error during evaluation of version 44: not enough values to unpack (expected 6, got 5)

--- Testing version 45 ---
Loaded checkpoint with path ./checkpoints_20251027/seed2 version 162
TCGACancerStageDataset
=== Overall (All data) ===
Top-1 ACC=0.8905, Top-2 ACC=0.9810, Top-3 ACC=1.0000
Macro Precision=0.7473 Recall=0.7066 F1=0.7224 AUC=0.9667
Specificity (macro avg)=0.9613
Class 0: Precision=1.0000 | Recall=1.0000 | F1=1.0000 | AUC=1.0000 | Spec=1.0000
Class 1: Precision=0.4545 | Recall=0.3571 | F1=0.4000 | AUC=0.9348 | Spec=0.9694
Class 2: Precision=0.6316 | Recall=0.4800 | F1=0.5455 | AUC=0.9425 | Spec=0.9622
Class 3: Precision=0.9029 | Recall=0.9894 | F1=0.9442 | AUC=0.9897 | Spec=0.9138

Error during evaluation of version 45: not enough values to unpack (expected 6, got 5)

--- Testing version 46 ---
Loaded checkpoint with path ./checkpoints_20251027/seed2 version 162
TCGACancerStageDataset
=== Overall (All data) ===
Top-1 ACC=0.9000, Top-2 ACC=0.9810, Top-3 ACC=0.9952
Macro Precision=0.7948 Recall=0.7340 F1=0.7546 AUC=0.9684
Specificity (macro avg)=0.9638
Class 0: Precision=1.0000 | Recall=1.0000 | F1=1.0000 | AUC=1.0000 | Spec=1.0000
Class 1: Precision=0.6250 | Recall=0.3571 | F1=0.4545 | AUC=0.9355 | Spec=0.9847
Class 2: Precision=0.6522 | Recall=0.6000 | F1=0.6250 | AUC=0.9464 | Spec=0.9568
Class 3: Precision=0.9020 | Recall=0.9787 | F1=0.9388 | AUC=0.9918 | Spec=0.9138

Error during evaluation of version 46: not enough values to unpack (expected 6, got 5)

--- Testing version 47 ---
Loaded checkpoint with path ./checkpoints_20251027/seed2 version 162
TCGACancerStageDataset
=== Overall (All data) ===
Top-1 ACC=0.8857, Top-2 ACC=0.9714, Top-3 ACC=1.0000
Macro Precision=0.7318 Recall=0.7040 F1=0.7152 AUC=0.9640
Specificity (macro avg)=0.9616
Class 0: Precision=0.9625 | Recall=1.0000 | F1=0.9809 | AUC=1.0000 | Spec=0.9774
Class 1: Precision=0.4545 | Recall=0.3571 | F1=0.4000 | AUC=0.9315 | Spec=0.9694
Class 2: Precision=0.5714 | Recall=0.4800 | F1=0.5217 | AUC=0.9315 | Spec=0.9514
Class 3: Precision=0.9388 | Recall=0.9787 | F1=0.9583 | AUC=0.9929 | Spec=0.9483

Error during evaluation of version 47: not enough values to unpack (expected 6, got 5)

--- Testing version 48 ---
Loaded checkpoint with path ./checkpoints_20251027/seed2 version 162
TCGACancerStageDataset
=== Overall (All data) ===
Top-1 ACC=0.8429, Top-2 ACC=0.9524, Top-3 ACC=0.9952
Macro Precision=0.6610 Recall=0.6253 F1=0.6371 AUC=0.9435
Specificity (macro avg)=0.9423
Class 0: Precision=1.0000 | Recall=0.9481 | F1=0.9733 | AUC=0.9998 | Spec=1.0000
Class 1: Precision=0.3000 | Recall=0.2143 | F1=0.2500 | AUC=0.8940 | Spec=0.9643
Class 2: Precision=0.5000 | Recall=0.3600 | F1=0.4186 | AUC=0.8995 | Spec=0.9514
Class 3: Precision=0.8440 | Recall=0.9787 | F1=0.9064 | AUC=0.9809 | Spec=0.8534

Error during evaluation of version 48: not enough values to unpack (expected 6, got 5)

--- Testing version 49 ---
Loaded checkpoint with path ./checkpoints_20251027/seed2 version 162
TCGACancerStageDataset
=== Overall (All data) ===
Top-1 ACC=0.8810, Top-2 ACC=0.9714, Top-3 ACC=1.0000
Macro Precision=0.7200 Recall=0.6793 F1=0.6913 AUC=0.9629
Specificity (macro avg)=0.9580
Class 0: Precision=1.0000 | Recall=1.0000 | F1=1.0000 | AUC=1.0000 | Spec=1.0000
Class 1: Precision=0.3846 | Recall=0.3571 | F1=0.3704 | AUC=0.9366 | Spec=0.9592
Class 2: Precision=0.6000 | Recall=0.3600 | F1=0.4500 | AUC=0.9269 | Spec=0.9676
Class 3: Precision=0.8952 | Recall=1.0000 | F1=0.9447 | AUC=0.9879 | Spec=0.9052

Error during evaluation of version 49: not enough values to unpack (expected 6, got 5)

--- Testing version 50 ---
Loaded checkpoint with path ./checkpoints_20251027/seed2 version 162
TCGACancerStageDataset
=== Overall (All data) ===
Top-1 ACC=0.9000, Top-2 ACC=0.9667, Top-3 ACC=0.9905
Macro Precision=0.8485 Recall=0.7036 F1=0.7342 AUC=0.9679
Specificity (macro avg)=0.9588
Class 0: Precision=1.0000 | Recall=1.0000 | F1=1.0000 | AUC=1.0000 | Spec=1.0000
Class 1: Precision=0.7500 | Recall=0.2143 | F1=0.3333 | AUC=0.9464 | Spec=0.9949
Class 2: Precision=0.7895 | Recall=0.6000 | F1=0.6818 | AUC=0.9437 | Spec=0.9784
Class 3: Precision=0.8545 | Recall=1.0000 | F1=0.9216 | AUC=0.9814 | Spec=0.8621

Error during evaluation of version 50: not enough values to unpack (expected 6, got 5)

--- Testing version 51 ---
Loaded checkpoint with path ./checkpoints_20251027/seed2 version 162
TCGACancerStageDataset
=== Overall (All data) ===
Top-1 ACC=0.8810, Top-2 ACC=0.9762, Top-3 ACC=1.0000
Macro Precision=0.7500 Recall=0.7227 F1=0.7302 AUC=0.9570
Specificity (macro avg)=0.9609
Class 0: Precision=1.0000 | Recall=0.9870 | F1=0.9935 | AUC=1.0000 | Spec=1.0000
Class 1: Precision=0.5556 | Recall=0.3571 | F1=0.4348 | AUC=0.9304 | Spec=0.9796
Class 2: Precision=0.5172 | Recall=0.6000 | F1=0.5556 | AUC=0.9091 | Spec=0.9243
Class 3: Precision=0.9271 | Recall=0.9468 | F1=0.9368 | AUC=0.9887 | Spec=0.9397

Error during evaluation of version 51: not enough values to unpack (expected 6, got 5)

--- Testing version 52 ---
Loaded checkpoint with path ./checkpoints_20251027/seed2 version 162
TCGACancerStageDataset
=== Overall (All data) ===
Top-1 ACC=0.8524, Top-2 ACC=0.9619, Top-3 ACC=1.0000
Macro Precision=0.7353 Recall=0.7514 F1=0.7251 AUC=0.9516
Specificity (macro avg)=0.9569
Class 0: Precision=1.0000 | Recall=1.0000 | F1=1.0000 | AUC=1.0000 | Spec=1.0000
Class 1: Precision=0.5000 | Recall=0.3571 | F1=0.4167 | AUC=0.9289 | Spec=0.9745
Class 2: Precision=0.4667 | Recall=0.8400 | F1=0.6000 | AUC=0.8995 | Spec=0.8703
Class 3: Precision=0.9744 | Recall=0.8085 | F1=0.8837 | AUC=0.9778 | Spec=0.9828

Error during evaluation of version 52: not enough values to unpack (expected 6, got 5)

--- Testing version 53 ---
Loaded checkpoint with path ./checkpoints_20251027/seed2 version 162
TCGACancerStageDataset
=== Overall (All data) ===
Top-1 ACC=0.8810, Top-2 ACC=0.9714, Top-3 ACC=0.9952
Macro Precision=0.7378 Recall=0.6934 F1=0.7099 AUC=0.9578
Specificity (macro avg)=0.9570
Class 0: Precision=1.0000 | Recall=0.9870 | F1=0.9935 | AUC=0.9977 | Spec=1.0000
Class 1: Precision=0.4545 | Recall=0.3571 | F1=0.4000 | AUC=0.9370 | Spec=0.9694
Class 2: Precision=0.6111 | Recall=0.4400 | F1=0.5116 | AUC=0.9219 | Spec=0.9622
Class 3: Precision=0.8857 | Recall=0.9894 | F1=0.9347 | AUC=0.9746 | Spec=0.8966

Error during evaluation of version 53: not enough values to unpack (expected 6, got 5)

--- Testing version 54 ---
Loaded checkpoint with path ./checkpoints_20251027/seed2 version 162
TCGACancerStageDataset
=== Overall (All data) ===
Top-1 ACC=0.8810, Top-2 ACC=0.9857, Top-3 ACC=1.0000
Macro Precision=0.7167 Recall=0.7013 F1=0.7081 AUC=0.9695
Specificity (macro avg)=0.9611
Class 0: Precision=1.0000 | Recall=1.0000 | F1=1.0000 | AUC=1.0000 | Spec=1.0000
Class 1: Precision=0.4167 | Recall=0.3571 | F1=0.3846 | AUC=0.9508 | Spec=0.9643
Class 2: Precision=0.5217 | Recall=0.4800 | F1=0.5000 | AUC=0.9341 | Spec=0.9405
Class 3: Precision=0.9286 | Recall=0.9681 | F1=0.9479 | AUC=0.9932 | Spec=0.9397

Error during evaluation of version 54: not enough values to unpack (expected 6, got 5)

--- Testing version 55 ---
Loaded checkpoint with path ./checkpoints_20251027/seed2 version 162
TCGACancerStageDataset
=== Overall (All data) ===
Top-1 ACC=0.8810, Top-2 ACC=0.9762, Top-3 ACC=1.0000
Macro Precision=0.7508 Recall=0.7154 F1=0.7275 AUC=0.9700
Specificity (macro avg)=0.9593
Class 0: Precision=1.0000 | Recall=0.9870 | F1=0.9935 | AUC=1.0000 | Spec=1.0000
Class 1: Precision=0.5556 | Recall=0.3571 | F1=0.4348 | AUC=0.9515 | Spec=0.9796
Class 2: Precision=0.5385 | Recall=0.5600 | F1=0.5490 | AUC=0.9371 | Spec=0.9351
Class 3: Precision=0.9091 | Recall=0.9574 | F1=0.9326 | AUC=0.9916 | Spec=0.9224

Error during evaluation of version 55: not enough values to unpack (expected 6, got 5)

--- Testing version 56 ---
Loaded checkpoint with path ./checkpoints_20251027/seed2 version 162
TCGACancerStageDataset
=== Overall (All data) ===
Top-1 ACC=0.9095, Top-2 ACC=0.9714, Top-3 ACC=1.0000
Macro Precision=0.7997 Recall=0.7393 F1=0.7597 AUC=0.9717
Specificity (macro avg)=0.9681
Class 0: Precision=1.0000 | Recall=1.0000 | F1=1.0000 | AUC=1.0000 | Spec=1.0000
Class 1: Precision=0.6250 | Recall=0.3571 | F1=0.4545 | AUC=0.9464 | Spec=0.9847
Class 2: Precision=0.6522 | Recall=0.6000 | F1=0.6250 | AUC=0.9462 | Spec=0.9568
Class 3: Precision=0.9216 | Recall=1.0000 | F1=0.9592 | AUC=0.9941 | Spec=0.9310

Error during evaluation of version 56: not enough values to unpack (expected 6, got 5)

--- Testing version 57 ---
Loaded checkpoint with path ./checkpoints_20251027/seed2 version 162
TCGACancerStageDataset
=== Overall (All data) ===
Top-1 ACC=0.9048, Top-2 ACC=0.9619, Top-3 ACC=1.0000
Macro Precision=0.8435 Recall=0.7360 F1=0.7705 AUC=0.9675
Specificity (macro avg)=0.9619
Class 0: Precision=1.0000 | Recall=0.9870 | F1=0.9935 | AUC=0.9972 | Spec=1.0000
Class 1: Precision=0.7143 | Recall=0.3571 | F1=0.4762 | AUC=0.9501 | Spec=0.9898
Class 2: Precision=0.7895 | Recall=0.6000 | F1=0.6818 | AUC=0.9444 | Spec=0.9784
Class 3: Precision=0.8704 | Recall=1.0000 | F1=0.9307 | AUC=0.9784 | Spec=0.8793

Error during evaluation of version 57: not enough values to unpack (expected 6, got 5)

--- Testing version 58 ---
Loaded checkpoint with path ./checkpoints_20251027/seed2 version 162
TCGACancerStageDataset
=== Overall (All data) ===
Top-1 ACC=0.9048, Top-2 ACC=0.9762, Top-3 ACC=1.0000
Macro Precision=0.8001 Recall=0.7665 F1=0.7759 AUC=0.9703
Specificity (macro avg)=0.9692
Class 0: Precision=1.0000 | Recall=1.0000 | F1=1.0000 | AUC=1.0000 | Spec=1.0000
Class 1: Precision=0.6667 | Recall=0.4286 | F1=0.5217 | AUC=0.9413 | Spec=0.9847
Class 2: Precision=0.5862 | Recall=0.6800 | F1=0.6296 | AUC=0.9479 | Spec=0.9351
Class 3: Precision=0.9474 | Recall=0.9574 | F1=0.9524 | AUC=0.9921 | Spec=0.9569

Error during evaluation of version 58: not enough values to unpack (expected 6, got 5)

--- Testing version 59 ---
Loaded checkpoint with path ./checkpoints_20251027/seed2 version 162
TCGACancerStageDataset
=== Overall (All data) ===
Top-1 ACC=0.8857, Top-2 ACC=0.9810, Top-3 ACC=1.0000
Macro Precision=0.7433 Recall=0.7040 F1=0.7193 AUC=0.9675
Specificity (macro avg)=0.9599
Class 0: Precision=1.0000 | Recall=1.0000 | F1=1.0000 | AUC=1.0000 | Spec=1.0000
Class 1: Precision=0.5000 | Recall=0.3571 | F1=0.4167 | AUC=0.9457 | Spec=0.9745
Class 2: Precision=0.5714 | Recall=0.4800 | F1=0.5217 | AUC=0.9344 | Spec=0.9514
Class 3: Precision=0.9020 | Recall=0.9787 | F1=0.9388 | AUC=0.9899 | Spec=0.9138

Error during evaluation of version 59: not enough values to unpack (expected 6, got 5)

--- Testing version 60 ---
Loaded checkpoint with path ./checkpoints_20251027/seed2 version 162
TCGACancerStageDataset
=== Overall (All data) ===
Top-1 ACC=0.8762, Top-2 ACC=0.9619, Top-3 ACC=1.0000
Macro Precision=0.7515 Recall=0.6536 F1=0.6782 AUC=0.9661
Specificity (macro avg)=0.9506
Class 0: Precision=1.0000 | Recall=1.0000 | F1=1.0000 | AUC=1.0000 | Spec=1.0000
Class 1: Precision=0.5000 | Recall=0.2143 | F1=0.3000 | AUC=0.9519 | Spec=0.9847
Class 2: Precision=0.6667 | Recall=0.4000 | F1=0.5000 | AUC=0.9425 | Spec=0.9730
Class 3: Precision=0.8393 | Recall=1.0000 | F1=0.9126 | AUC=0.9700 | Spec=0.8448

Error during evaluation of version 60: not enough values to unpack (expected 6, got 5)

--- Testing version 61 ---
Loaded checkpoint with path ./checkpoints_20251027/seed2 version 162
TCGACancerStageDataset
=== Overall (All data) ===
Top-1 ACC=0.9048, Top-2 ACC=0.9714, Top-3 ACC=1.0000
Macro Precision=0.7893 Recall=0.7214 F1=0.7422 AUC=0.9694
Specificity (macro avg)=0.9652
Class 0: Precision=1.0000 | Recall=1.0000 | F1=1.0000 | AUC=1.0000 | Spec=1.0000
Class 1: Precision=0.5714 | Recall=0.2857 | F1=0.3810 | AUC=0.9490 | Spec=0.9847
Class 2: Precision=0.6818 | Recall=0.6000 | F1=0.6383 | AUC=0.9399 | Spec=0.9622
Class 3: Precision=0.9038 | Recall=1.0000 | F1=0.9495 | AUC=0.9888 | Spec=0.9138

Error during evaluation of version 61: not enough values to unpack (expected 6, got 5)

--- Testing version 62 ---
Loaded checkpoint with path ./checkpoints_20251027/seed2 version 162
TCGACancerStageDataset
=== Overall (All data) ===
Top-1 ACC=0.8667, Top-2 ACC=0.9762, Top-3 ACC=1.0000
Macro Precision=0.6959 Recall=0.6860 F1=0.6904 AUC=0.9623
Specificity (macro avg)=0.9571
Class 0: Precision=1.0000 | Recall=1.0000 | F1=1.0000 | AUC=1.0000 | Spec=1.0000
Class 1: Precision=0.4167 | Recall=0.3571 | F1=0.3846 | AUC=0.9442 | Spec=0.9643
Class 2: Precision=0.4400 | Recall=0.4400 | F1=0.4400 | AUC=0.9148 | Spec=0.9243
Class 3: Precision=0.9271 | Recall=0.9468 | F1=0.9368 | AUC=0.9902 | Spec=0.9397

Error during evaluation of version 62: not enough values to unpack (expected 6, got 5)

--- Testing version 63 ---
Loaded checkpoint with path ./checkpoints_20251027/seed2 version 162
TCGACancerStageDataset
=== Overall (All data) ===
Top-1 ACC=0.8905, Top-2 ACC=0.9905, Top-3 ACC=1.0000
Macro Precision=0.7295 Recall=0.7066 F1=0.7163 AUC=0.9654
Specificity (macro avg)=0.9638
Class 0: Precision=1.0000 | Recall=1.0000 | F1=1.0000 | AUC=1.0000 | Spec=1.0000
Class 1: Precision=0.4167 | Recall=0.3571 | F1=0.3846 | AUC=0.9464 | Spec=0.9643
Class 2: Precision=0.5714 | Recall=0.4800 | F1=0.5217 | AUC=0.9232 | Spec=0.9514
Class 3: Precision=0.9300 | Recall=0.9894 | F1=0.9588 | AUC=0.9919 | Spec=0.9397

Error during evaluation of version 63: not enough values to unpack (expected 6, got 5)

--- Testing version 64 ---
Loaded checkpoint with path ./checkpoints_20251027/seed2 version 162
TCGACancerStageDataset
=== Overall (All data) ===
Top-1 ACC=0.9000, Top-2 ACC=0.9762, Top-3 ACC=1.0000
Macro Precision=0.7602 Recall=0.7193 F1=0.7353 AUC=0.9759
Specificity (macro avg)=0.9656
Class 0: Precision=1.0000 | Recall=1.0000 | F1=1.0000 | AUC=1.0000 | Spec=1.0000
Class 1: Precision=0.5000 | Recall=0.3571 | F1=0.4167 | AUC=0.9519 | Spec=0.9745
Class 2: Precision=0.6190 | Recall=0.5200 | F1=0.5652 | AUC=0.9551 | Spec=0.9568
Class 3: Precision=0.9216 | Recall=1.0000 | F1=0.9592 | AUC=0.9964 | Spec=0.9310

Error during evaluation of version 64: not enough values to unpack (expected 6, got 5)

--- Testing version 65 ---
Loaded checkpoint with path ./checkpoints_20251027/seed2 version 162
TCGACancerStageDataset
=== Overall (All data) ===
Top-1 ACC=0.8905, Top-2 ACC=0.9762, Top-3 ACC=1.0000
Macro Precision=0.8058 Recall=0.7050 F1=0.7173 AUC=0.9712
Specificity (macro avg)=0.9610
Class 0: Precision=1.0000 | Recall=0.9870 | F1=0.9935 | AUC=0.9997 | Spec=1.0000
Class 1: Precision=0.7500 | Recall=0.2143 | F1=0.3333 | AUC=0.9486 | Spec=0.9949
Class 2: Precision=0.5714 | Recall=0.6400 | F1=0.6038 | AUC=0.9444 | Spec=0.9351
Class 3: Precision=0.9020 | Recall=0.9787 | F1=0.9388 | AUC=0.9919 | Spec=0.9138

Error during evaluation of version 65: not enough values to unpack (expected 6, got 5)

--- Testing version 66 ---
Loaded checkpoint with path ./checkpoints_20251027/seed2 version 162
TCGACancerStageDataset
=== Overall (All data) ===
Top-1 ACC=0.9095, Top-2 ACC=0.9714, Top-3 ACC=0.9905
Macro Precision=0.8081 Recall=0.7466 F1=0.7675 AUC=0.9716
Specificity (macro avg)=0.9673
Class 0: Precision=1.0000 | Recall=1.0000 | F1=1.0000 | AUC=1.0000 | Spec=1.0000
Class 1: Precision=0.6250 | Recall=0.3571 | F1=0.4545 | AUC=0.9439 | Spec=0.9847
Class 2: Precision=0.6957 | Recall=0.6400 | F1=0.6667 | AUC=0.9498 | Spec=0.9622
Class 3: Precision=0.9118 | Recall=0.9894 | F1=0.9490 | AUC=0.9926 | Spec=0.9224

Error during evaluation of version 66: not enough values to unpack (expected 6, got 5)

--- Testing version 67 ---
Loaded checkpoint with path ./checkpoints_20251027/seed2 version 162
TCGACancerStageDataset
=== Overall (All data) ===
Top-1 ACC=0.9000, Top-2 ACC=0.9714, Top-3 ACC=0.9905
Macro Precision=0.8150 Recall=0.7193 F1=0.7511 AUC=0.9627
Specificity (macro avg)=0.9606
Class 0: Precision=1.0000 | Recall=1.0000 | F1=1.0000 | AUC=1.0000 | Spec=1.0000
Class 1: Precision=0.6250 | Recall=0.3571 | F1=0.4545 | AUC=0.9413 | Spec=0.9847
Class 2: Precision=0.7647 | Recall=0.5200 | F1=0.6190 | AUC=0.9496 | Spec=0.9784
Class 3: Precision=0.8704 | Recall=1.0000 | F1=0.9307 | AUC=0.9600 | Spec=0.8793

Error during evaluation of version 67: not enough values to unpack (expected 6, got 5)

--- Testing version 68 ---
Loaded checkpoint with path ./checkpoints_20251027/seed2 version 162
TCGACancerStageDataset
=== Overall (All data) ===
Top-1 ACC=0.9000, Top-2 ACC=0.9714, Top-3 ACC=0.9905
Macro Precision=0.7728 Recall=0.7114 F1=0.7322 AUC=0.9723
Specificity (macro avg)=0.9634
Class 0: Precision=0.9872 | Recall=1.0000 | F1=0.9935 | AUC=1.0000 | Spec=0.9925
Class 1: Precision=0.5000 | Recall=0.2857 | F1=0.3636 | AUC=0.9468 | Spec=0.9796
Class 2: Precision=0.7000 | Recall=0.5600 | F1=0.6222 | AUC=0.9533 | Spec=0.9676
Class 3: Precision=0.9038 | Recall=1.0000 | F1=0.9495 | AUC=0.9891 | Spec=0.9138

Error during evaluation of version 68: not enough values to unpack (expected 6, got 5)

--- Testing version 69 ---
Loaded checkpoint with path ./checkpoints_20251027/seed2 version 162
TCGACancerStageDataset
=== Overall (All data) ===
Top-1 ACC=0.8476, Top-2 ACC=0.9714, Top-3 ACC=0.9952
Macro Precision=0.6522 Recall=0.6459 F1=0.6363 AUC=0.9527
Specificity (macro avg)=0.9490
Class 0: Precision=1.0000 | Recall=0.9870 | F1=0.9935 | AUC=1.0000 | Spec=1.0000
Class 1: Precision=0.3000 | Recall=0.4286 | F1=0.3529 | AUC=0.9176 | Spec=0.9286
Class 2: Precision=0.4167 | Recall=0.2000 | F1=0.2703 | AUC=0.9066 | Spec=0.9622
Class 3: Precision=0.8922 | Recall=0.9681 | F1=0.9286 | AUC=0.9865 | Spec=0.9052

Error during evaluation of version 69: not enough values to unpack (expected 6, got 5)

--- Testing version 70 ---
Loaded checkpoint with path ./checkpoints_20251027/seed2 version 162
TCGACancerStageDataset
=== Overall (All data) ===
Top-1 ACC=0.8810, Top-2 ACC=0.9714, Top-3 ACC=1.0000
Macro Precision=0.7386 Recall=0.7165 F1=0.7262 AUC=0.9675
Specificity (macro avg)=0.9594
Class 0: Precision=1.0000 | Recall=1.0000 | F1=1.0000 | AUC=1.0000 | Spec=1.0000
Class 1: Precision=0.5000 | Recall=0.4286 | F1=0.4615 | AUC=0.9424 | Spec=0.9694
Class 2: Precision=0.5455 | Recall=0.4800 | F1=0.5106 | AUC=0.9390 | Spec=0.9459
Class 3: Precision=0.9091 | Recall=0.9574 | F1=0.9326 | AUC=0.9885 | Spec=0.9224

Error during evaluation of version 70: not enough values to unpack (expected 6, got 5)

--- Testing version 71 ---
Loaded checkpoint with path ./checkpoints_20251027/seed2 version 162
TCGACancerStageDataset
=== Overall (All data) ===
Top-1 ACC=0.8952, Top-2 ACC=0.9810, Top-3 ACC=1.0000
Macro Precision=0.7479 Recall=0.7245 F1=0.7341 AUC=0.9691
Specificity (macro avg)=0.9652
Class 0: Precision=1.0000 | Recall=1.0000 | F1=1.0000 | AUC=1.0000 | Spec=1.0000
Class 1: Precision=0.4615 | Recall=0.4286 | F1=0.4444 | AUC=0.9399 | Spec=0.9643
Class 2: Precision=0.6000 | Recall=0.4800 | F1=0.5333 | AUC=0.9436 | Spec=0.9568
Class 3: Precision=0.9300 | Recall=0.9894 | F1=0.9588 | AUC=0.9931 | Spec=0.9397

Error during evaluation of version 71: not enough values to unpack (expected 6, got 5)

--- Testing version 72 ---
Loaded checkpoint with path ./checkpoints_20251027/seed2 version 162
TCGACancerStageDataset
=== Overall (All data) ===
Top-1 ACC=0.8810, Top-2 ACC=0.9762, Top-3 ACC=1.0000
Macro Precision=0.7204 Recall=0.7086 F1=0.7134 AUC=0.9598
Specificity (macro avg)=0.9612
Class 0: Precision=1.0000 | Recall=0.9870 | F1=0.9935 | AUC=1.0000 | Spec=1.0000
Class 1: Precision=0.4286 | Recall=0.4286 | F1=0.4286 | AUC=0.9380 | Spec=0.9592
Class 2: Precision=0.5238 | Recall=0.4400 | F1=0.4783 | AUC=0.9096 | Spec=0.9459
Class 3: Precision=0.9293 | Recall=0.9787 | F1=0.9534 | AUC=0.9914 | Spec=0.9397

Error during evaluation of version 72: not enough values to unpack (expected 6, got 5)

--- Testing version 73 ---
Loaded checkpoint with path ./checkpoints_20251027/seed2 version 162
TCGACancerStageDataset
=== Overall (All data) ===
Top-1 ACC=0.8952, Top-2 ACC=0.9810, Top-3 ACC=1.0000
Macro Precision=0.7497 Recall=0.7093 F1=0.7249 AUC=0.9709
Specificity (macro avg)=0.9635
Class 0: Precision=1.0000 | Recall=1.0000 | F1=1.0000 | AUC=1.0000 | Spec=1.0000
Class 1: Precision=0.4545 | Recall=0.3571 | F1=0.4000 | AUC=0.9497 | Spec=0.9694
Class 2: Precision=0.6316 | Recall=0.4800 | F1=0.5455 | AUC=0.9469 | Spec=0.9622
Class 3: Precision=0.9126 | Recall=1.0000 | F1=0.9543 | AUC=0.9872 | Spec=0.9224

Error during evaluation of version 73: not enough values to unpack (expected 6, got 5)

--- Testing version 74 ---
Loaded checkpoint with path ./checkpoints_20251027/seed2 version 162
TCGACancerStageDataset
=== Overall (All data) ===
Top-1 ACC=0.8952, Top-2 ACC=0.9857, Top-3 ACC=1.0000
Macro Precision=0.7632 Recall=0.7171 F1=0.7326 AUC=0.9675
Specificity (macro avg)=0.9628
Class 0: Precision=1.0000 | Recall=1.0000 | F1=1.0000 | AUC=1.0000 | Spec=1.0000
Class 1: Precision=0.4615 | Recall=0.4286 | F1=0.4444 | AUC=0.9439 | Spec=0.9643
Class 2: Precision=0.6875 | Recall=0.4400 | F1=0.5366 | AUC=0.9395 | Spec=0.9730
Class 3: Precision=0.9038 | Recall=1.0000 | F1=0.9495 | AUC=0.9867 | Spec=0.9138

Error during evaluation of version 74: not enough values to unpack (expected 6, got 5)

--- Testing version 75 ---
Loaded checkpoint with path ./checkpoints_20251027/seed2 version 162
TCGACancerStageDataset
=== Overall (All data) ===
Top-1 ACC=0.8857, Top-2 ACC=0.9762, Top-3 ACC=1.0000
Macro Precision=0.7425 Recall=0.6893 F1=0.7062 AUC=0.9638
Specificity (macro avg)=0.9585
Class 0: Precision=1.0000 | Recall=1.0000 | F1=1.0000 | AUC=1.0000 | Spec=1.0000
Class 1: Precision=0.4167 | Recall=0.3571 | F1=0.3846 | AUC=0.9435 | Spec=0.9643
Class 2: Precision=0.6667 | Recall=0.4000 | F1=0.5000 | AUC=0.9307 | Spec=0.9730
Class 3: Precision=0.8868 | Recall=1.0000 | F1=0.9400 | AUC=0.9810 | Spec=0.8966

Error during evaluation of version 75: not enough values to unpack (expected 6, got 5)

--- Testing version 76 ---
Loaded checkpoint with path ./checkpoints_20251027/seed2 version 162
TCGACancerStageDataset
=== Overall (All data) ===
Top-1 ACC=0.8952, Top-2 ACC=0.9810, Top-3 ACC=1.0000
Macro Precision=0.7589 Recall=0.7093 F1=0.7279 AUC=0.9676
Specificity (macro avg)=0.9626
Class 0: Precision=1.0000 | Recall=1.0000 | F1=1.0000 | AUC=1.0000 | Spec=1.0000
Class 1: Precision=0.5000 | Recall=0.3571 | F1=0.4167 | AUC=0.9577 | Spec=0.9745
Class 2: Precision=0.6316 | Recall=0.4800 | F1=0.5455 | AUC=0.9317 | Spec=0.9622
Class 3: Precision=0.9038 | Recall=1.0000 | F1=0.9495 | AUC=0.9808 | Spec=0.9138

Error during evaluation of version 76: not enough values to unpack (expected 6, got 5)

--- Testing version 77 ---
Loaded checkpoint with path ./checkpoints_20251027/seed2 version 162
TCGACancerStageDataset
=== Overall (All data) ===
Top-1 ACC=0.9000, Top-2 ACC=0.9762, Top-3 ACC=0.9905
Macro Precision=0.7605 Recall=0.7188 F1=0.7320 AUC=0.9689
Specificity (macro avg)=0.9658
Class 0: Precision=0.9872 | Recall=1.0000 | F1=0.9935 | AUC=1.0000 | Spec=0.9925
Class 1: Precision=0.5000 | Recall=0.2857 | F1=0.3636 | AUC=0.9413 | Spec=0.9796
Class 2: Precision=0.6250 | Recall=0.6000 | F1=0.6122 | AUC=0.9428 | Spec=0.9514
Class 3: Precision=0.9300 | Recall=0.9894 | F1=0.9588 | AUC=0.9913 | Spec=0.9397

Error during evaluation of version 77: not enough values to unpack (expected 6, got 5)

--- Testing version 78 ---
Loaded checkpoint with path ./checkpoints_20251027/seed2 version 162
TCGACancerStageDataset
=== Overall (All data) ===
Top-1 ACC=0.9143, Top-2 ACC=0.9619, Top-3 ACC=0.9952
Macro Precision=0.8245 Recall=0.7566 F1=0.7754 AUC=0.9736
Specificity (macro avg)=0.9702
Class 0: Precision=1.0000 | Recall=1.0000 | F1=1.0000 | AUC=1.0000 | Spec=1.0000
Class 1: Precision=0.7143 | Recall=0.3571 | F1=0.4762 | AUC=0.9555 | Spec=0.9898
Class 2: Precision=0.6538 | Recall=0.6800 | F1=0.6667 | AUC=0.9458 | Spec=0.9514
Class 3: Precision=0.9300 | Recall=0.9894 | F1=0.9588 | AUC=0.9932 | Spec=0.9397

Error during evaluation of version 78: not enough values to unpack (expected 6, got 5)

--- Testing version 79 ---
Loaded checkpoint with path ./checkpoints_20251027/seed2 version 162
TCGACancerStageDataset
=== Overall (All data) ===
Top-1 ACC=0.8857, Top-2 ACC=0.9857, Top-3 ACC=1.0000
Macro Precision=0.7229 Recall=0.7040 F1=0.7122 AUC=0.9709
Specificity (macro avg)=0.9625
Class 0: Precision=1.0000 | Recall=1.0000 | F1=1.0000 | AUC=1.0000 | Spec=1.0000
Class 1: Precision=0.4167 | Recall=0.3571 | F1=0.3846 | AUC=0.9497 | Spec=0.9643
Class 2: Precision=0.5455 | Recall=0.4800 | F1=0.5106 | AUC=0.9389 | Spec=0.9459
Class 3: Precision=0.9293 | Recall=0.9787 | F1=0.9534 | AUC=0.9951 | Spec=0.9397

Error during evaluation of version 79: not enough values to unpack (expected 6, got 5)

--- Testing version 80 ---
Loaded checkpoint with path ./checkpoints_20251027/seed2 version 162
TCGACancerStageDataset
=== Overall (All data) ===
Top-1 ACC=0.8905, Top-2 ACC=0.9667, Top-3 ACC=0.9952
Macro Precision=0.7380 Recall=0.7140 F1=0.7242 AUC=0.9662
Specificity (macro avg)=0.9633
Class 0: Precision=0.9872 | Recall=1.0000 | F1=0.9935 | AUC=1.0000 | Spec=0.9925
Class 1: Precision=0.4167 | Recall=0.3571 | F1=0.3846 | AUC=0.9388 | Spec=0.9643
Class 2: Precision=0.6190 | Recall=0.5200 | F1=0.5652 | AUC=0.9373 | Spec=0.9568
Class 3: Precision=0.9293 | Recall=0.9787 | F1=0.9534 | AUC=0.9888 | Spec=0.9397

Error during evaluation of version 80: not enough values to unpack (expected 6, got 5)

--- Testing version 81 ---
Loaded checkpoint with path ./checkpoints_20251027/seed2 version 162
TCGACancerStageDataset
=== Overall (All data) ===
Top-1 ACC=0.8619, Top-2 ACC=0.9667, Top-3 ACC=1.0000
Macro Precision=0.6901 Recall=0.6827 F1=0.6862 AUC=0.9557
Specificity (macro avg)=0.9550
Class 0: Precision=1.0000 | Recall=0.9870 | F1=0.9935 | AUC=1.0000 | Spec=1.0000
Class 1: Precision=0.3846 | Recall=0.3571 | F1=0.3704 | AUC=0.9216 | Spec=0.9592
Class 2: Precision=0.4583 | Recall=0.4400 | F1=0.4490 | AUC=0.9102 | Spec=0.9297
Class 3: Precision=0.9175 | Recall=0.9468 | F1=0.9319 | AUC=0.9909 | Spec=0.9310

Error during evaluation of version 81: not enough values to unpack (expected 6, got 5)

--- Testing version 82 ---
Loaded checkpoint with path ./checkpoints_20251027/seed2 version 162
TCGACancerStageDataset
=== Overall (All data) ===
Top-1 ACC=0.8714, Top-2 ACC=0.9762, Top-3 ACC=0.9905
Macro Precision=0.7156 Recall=0.6812 F1=0.6853 AUC=0.9613
Specificity (macro avg)=0.9555
Class 0: Precision=1.0000 | Recall=0.9870 | F1=0.9935 | AUC=1.0000 | Spec=1.0000
Class 1: Precision=0.3529 | Recall=0.4286 | F1=0.3871 | AUC=0.9246 | Spec=0.9439
Class 2: Precision=0.6154 | Recall=0.3200 | F1=0.4211 | AUC=0.9302 | Spec=0.9730
Class 3: Precision=0.8942 | Recall=0.9894 | F1=0.9394 | AUC=0.9906 | Spec=0.9052

Error during evaluation of version 82: not enough values to unpack (expected 6, got 5)

--- Testing version 83 ---
Loaded checkpoint with path ./checkpoints_20251027/seed2 version 162
TCGACancerStageDataset
=== Overall (All data) ===
Top-1 ACC=0.8952, Top-2 ACC=0.9714, Top-3 ACC=0.9952
Macro Precision=0.7672 Recall=0.7240 F1=0.7410 AUC=0.9654
Specificity (macro avg)=0.9626
Class 0: Precision=1.0000 | Recall=1.0000 | F1=1.0000 | AUC=1.0000 | Spec=1.0000
Class 1: Precision=0.5000 | Recall=0.3571 | F1=0.4167 | AUC=0.9410 | Spec=0.9745
Class 2: Precision=0.6667 | Recall=0.5600 | F1=0.6087 | AUC=0.9360 | Spec=0.9622
Class 3: Precision=0.9020 | Recall=0.9787 | F1=0.9388 | AUC=0.9846 | Spec=0.9138

Error during evaluation of version 83: not enough values to unpack (expected 6, got 5)

--- Testing version 84 ---
Loaded checkpoint with path ./checkpoints_20251027/seed2 version 162
TCGACancerStageDataset
=== Overall (All data) ===
Top-1 ACC=0.8857, Top-2 ACC=0.9619, Top-3 ACC=1.0000
Macro Precision=0.7191 Recall=0.6951 F1=0.6900 AUC=0.9665
Specificity (macro avg)=0.9622
Class 0: Precision=1.0000 | Recall=1.0000 | F1=1.0000 | AUC=1.0000 | Spec=1.0000
Class 1: Precision=0.4000 | Recall=0.1429 | F1=0.2105 | AUC=0.9380 | Spec=0.9847
Class 2: Precision=0.5484 | Recall=0.6800 | F1=0.6071 | AUC=0.9379 | Spec=0.9243
Class 3: Precision=0.9278 | Recall=0.9574 | F1=0.9424 | AUC=0.9898 | Spec=0.9397

Error during evaluation of version 84: not enough values to unpack (expected 6, got 5)

--- Testing version 85 ---
Loaded checkpoint with path ./checkpoints_20251027/seed2 version 162
TCGACancerStageDataset
=== Overall (All data) ===
Top-1 ACC=0.8905, Top-2 ACC=0.9810, Top-3 ACC=0.9952
Macro Precision=0.7499 Recall=0.6993 F1=0.7165 AUC=0.9637
Specificity (macro avg)=0.9606
Class 0: Precision=1.0000 | Recall=1.0000 | F1=1.0000 | AUC=1.0000 | Spec=1.0000
Class 1: Precision=0.4167 | Recall=0.3571 | F1=0.3846 | AUC=0.9391 | Spec=0.9643
Class 2: Precision=0.6875 | Recall=0.4400 | F1=0.5366 | AUC=0.9324 | Spec=0.9730
Class 3: Precision=0.8952 | Recall=1.0000 | F1=0.9447 | AUC=0.9833 | Spec=0.9052

Error during evaluation of version 85: not enough values to unpack (expected 6, got 5)

--- Testing version 86 ---
Loaded checkpoint with path ./checkpoints_20251027/seed2 version 162
TCGACancerStageDataset
=== Overall (All data) ===
Top-1 ACC=0.8905, Top-2 ACC=0.9571, Top-3 ACC=0.9905
Macro Precision=0.7398 Recall=0.6909 F1=0.7052 AUC=0.9664
Specificity (macro avg)=0.9604
Class 0: Precision=1.0000 | Recall=1.0000 | F1=1.0000 | AUC=1.0000 | Spec=1.0000
Class 1: Precision=0.4286 | Recall=0.2143 | F1=0.2857 | AUC=0.9424 | Spec=0.9796
Class 2: Precision=0.6364 | Recall=0.5600 | F1=0.5957 | AUC=0.9406 | Spec=0.9568
Class 3: Precision=0.8942 | Recall=0.9894 | F1=0.9394 | AUC=0.9827 | Spec=0.9052

Error during evaluation of version 86: not enough values to unpack (expected 6, got 5)

--- Testing version 87 ---
Loaded checkpoint with path ./checkpoints_20251027/seed2 version 162
TCGACancerStageDataset
=== Overall (All data) ===
Top-1 ACC=0.8952, Top-2 ACC=0.9667, Top-3 ACC=0.9857
Macro Precision=0.7732 Recall=0.7093 F1=0.7320 AUC=0.9679
Specificity (macro avg)=0.9610
Class 0: Precision=1.0000 | Recall=1.0000 | F1=1.0000 | AUC=1.0000 | Spec=1.0000
Class 1: Precision=0.5000 | Recall=0.3571 | F1=0.4167 | AUC=0.9450 | Spec=0.9745
Class 2: Precision=0.7059 | Recall=0.4800 | F1=0.5714 | AUC=0.9463 | Spec=0.9730
Class 3: Precision=0.8868 | Recall=1.0000 | F1=0.9400 | AUC=0.9803 | Spec=0.8966

Error during evaluation of version 87: not enough values to unpack (expected 6, got 5)

--- Testing version 88 ---
Loaded checkpoint with path ./checkpoints_20251027/seed2 version 162
TCGACancerStageDataset
=== Overall (All data) ===
Top-1 ACC=0.8810, Top-2 ACC=0.9762, Top-3 ACC=0.9952
Macro Precision=0.7189 Recall=0.6866 F1=0.6977 AUC=0.9637
Specificity (macro avg)=0.9588
Class 0: Precision=1.0000 | Recall=1.0000 | F1=1.0000 | AUC=1.0000 | Spec=1.0000
Class 1: Precision=0.3846 | Recall=0.3571 | F1=0.3704 | AUC=0.9344 | Spec=0.9592
Class 2: Precision=0.5882 | Recall=0.4000 | F1=0.4762 | AUC=0.9308 | Spec=0.9622
Class 3: Precision=0.9029 | Recall=0.9894 | F1=0.9442 | AUC=0.9896 | Spec=0.9138

Error during evaluation of version 88: not enough values to unpack (expected 6, got 5)

--- Testing version 89 ---
Loaded checkpoint with path ./checkpoints_20251027/seed2 version 162
TCGACancerStageDataset
=== Overall (All data) ===
Top-1 ACC=0.8857, Top-2 ACC=0.9714, Top-3 ACC=0.9952
Macro Precision=0.7843 Recall=0.7255 F1=0.7345 AUC=0.9667
Specificity (macro avg)=0.9608
Class 0: Precision=0.9872 | Recall=1.0000 | F1=0.9935 | AUC=1.0000 | Spec=0.9925
Class 1: Precision=0.6667 | Recall=0.2857 | F1=0.4000 | AUC=0.9366 | Spec=0.9898
Class 2: Precision=0.5667 | Recall=0.6800 | F1=0.6182 | AUC=0.9400 | Spec=0.9297
Class 3: Precision=0.9167 | Recall=0.9362 | F1=0.9263 | AUC=0.9903 | Spec=0.9310

Error during evaluation of version 89: not enough values to unpack (expected 6, got 5)

--- Testing version 90 ---
Loaded checkpoint with path ./checkpoints_20251027/seed2 version 162
TCGACancerStageDataset
=== Overall (All data) ===
Top-1 ACC=0.8476, Top-2 ACC=0.9714, Top-3 ACC=0.9952
Macro Precision=0.6733 Recall=0.6522 F1=0.6585 AUC=0.9583
Specificity (macro avg)=0.9462
Class 0: Precision=1.0000 | Recall=0.9740 | F1=0.9868 | AUC=0.9999 | Spec=1.0000
Class 1: Precision=0.3571 | Recall=0.3571 | F1=0.3571 | AUC=0.9355 | Spec=0.9541
Class 2: Precision=0.4706 | Recall=0.3200 | F1=0.3810 | AUC=0.9187 | Spec=0.9514
Class 3: Precision=0.8654 | Recall=0.9574 | F1=0.9091 | AUC=0.9793 | Spec=0.8793

Error during evaluation of version 90: not enough values to unpack (expected 6, got 5)

--- Testing version 91 ---
Loaded checkpoint with path ./checkpoints_20251027/seed2 version 162
TCGACancerStageDataset
=== Overall (All data) ===
Top-1 ACC=0.8810, Top-2 ACC=0.9810, Top-3 ACC=0.9952
Macro Precision=0.7081 Recall=0.6793 F1=0.6876 AUC=0.9644
Specificity (macro avg)=0.9597
Class 0: Precision=1.0000 | Recall=1.0000 | F1=1.0000 | AUC=1.0000 | Spec=1.0000
Class 1: Precision=0.3571 | Recall=0.3571 | F1=0.3571 | AUC=0.9413 | Spec=0.9541
Class 2: Precision=0.5625 | Recall=0.3600 | F1=0.4390 | AUC=0.9328 | Spec=0.9622
Class 3: Precision=0.9126 | Recall=1.0000 | F1=0.9543 | AUC=0.9837 | Spec=0.9224

Error during evaluation of version 91: not enough values to unpack (expected 6, got 5)

--- Testing version 92 ---
Loaded checkpoint with path ./checkpoints_20251027/seed2 version 162
TCGACancerStageDataset
=== Overall (All data) ===
Top-1 ACC=0.8905, Top-2 ACC=0.9762, Top-3 ACC=1.0000
Macro Precision=0.7471 Recall=0.7213 F1=0.7311 AUC=0.9661
Specificity (macro avg)=0.9637
Class 0: Precision=1.0000 | Recall=1.0000 | F1=1.0000 | AUC=1.0000 | Spec=1.0000
Class 1: Precision=0.5000 | Recall=0.3571 | F1=0.4167 | AUC=0.9424 | Spec=0.9745
Class 2: Precision=0.5600 | Recall=0.5600 | F1=0.5600 | AUC=0.9332 | Spec=0.9405
Class 3: Precision=0.9286 | Recall=0.9681 | F1=0.9479 | AUC=0.9889 | Spec=0.9397

Error during evaluation of version 92: not enough values to unpack (expected 6, got 5)

--- Testing version 93 ---
Loaded checkpoint with path ./checkpoints_20251027/seed2 version 162
TCGACancerStageDataset
=== Overall (All data) ===
Top-1 ACC=0.8857, Top-2 ACC=0.9714, Top-3 ACC=1.0000
Macro Precision=0.7233 Recall=0.6804 F1=0.6861 AUC=0.9645
Specificity (macro avg)=0.9590
Class 0: Precision=1.0000 | Recall=1.0000 | F1=1.0000 | AUC=1.0000 | Spec=1.0000
Class 1: Precision=0.4000 | Recall=0.1429 | F1=0.2105 | AUC=0.9329 | Spec=0.9847
Class 2: Precision=0.6000 | Recall=0.6000 | F1=0.6000 | AUC=0.9399 | Spec=0.9459
Class 3: Precision=0.8932 | Recall=0.9787 | F1=0.9340 | AUC=0.9853 | Spec=0.9052

Error during evaluation of version 93: not enough values to unpack (expected 6, got 5)

--- Testing version 94 ---
Loaded checkpoint with path ./checkpoints_20251027/seed2 version 162
TCGACancerStageDataset
=== Overall (All data) ===
Top-1 ACC=0.8857, Top-2 ACC=0.9571, Top-3 ACC=0.9952
Macro Precision=0.7155 Recall=0.6657 F1=0.6783 AUC=0.9660
Specificity (macro avg)=0.9574
Class 0: Precision=1.0000 | Recall=1.0000 | F1=1.0000 | AUC=1.0000 | Spec=1.0000
Class 1: Precision=0.3333 | Recall=0.1429 | F1=0.2000 | AUC=0.9377 | Spec=0.9796
Class 2: Precision=0.6500 | Recall=0.5200 | F1=0.5778 | AUC=0.9427 | Spec=0.9622
Class 3: Precision=0.8785 | Recall=1.0000 | F1=0.9353 | AUC=0.9838 | Spec=0.8879

Error during evaluation of version 94: not enough values to unpack (expected 6, got 5)

--- Testing version 95 ---
Loaded checkpoint with path ./checkpoints_20251027/seed2 version 162
TCGACancerStageDataset
=== Overall (All data) ===
Top-1 ACC=0.8857, Top-2 ACC=0.9667, Top-3 ACC=0.9905
Macro Precision=0.7458 Recall=0.6803 F1=0.7002 AUC=0.9623
Specificity (macro avg)=0.9566
Class 0: Precision=1.0000 | Recall=0.9870 | F1=0.9935 | AUC=1.0000 | Spec=1.0000
Class 1: Precision=0.4286 | Recall=0.2143 | F1=0.2857 | AUC=0.9377 | Spec=0.9796
Class 2: Precision=0.6842 | Recall=0.5200 | F1=0.5909 | AUC=0.9430 | Spec=0.9676
Class 3: Precision=0.8704 | Recall=1.0000 | F1=0.9307 | AUC=0.9686 | Spec=0.8793

Error during evaluation of version 95: not enough values to unpack (expected 6, got 5)

--- Testing version 96 ---
Loaded checkpoint with path ./checkpoints_20251027/seed2 version 162
TCGACancerStageDataset
=== Overall (All data) ===
Top-1 ACC=0.8714, Top-2 ACC=0.9714, Top-3 ACC=1.0000
Macro Precision=0.6988 Recall=0.6876 F1=0.6862 AUC=0.9608
Specificity (macro avg)=0.9591
Class 0: Precision=1.0000 | Recall=1.0000 | F1=1.0000 | AUC=1.0000 | Spec=1.0000
Class 1: Precision=0.3750 | Recall=0.2143 | F1=0.2727 | AUC=0.9322 | Spec=0.9745
Class 2: Precision=0.4839 | Recall=0.6000 | F1=0.5357 | AUC=0.9241 | Spec=0.9135
Class 3: Precision=0.9362 | Recall=0.9362 | F1=0.9362 | AUC=0.9870 | Spec=0.9483

Error during evaluation of version 96: not enough values to unpack (expected 6, got 5)

--- Testing version 97 ---
Loaded checkpoint with path ./checkpoints_20251027/seed2 version 162
TCGACancerStageDataset
=== Overall (All data) ===
Top-1 ACC=0.8857, Top-2 ACC=0.9619, Top-3 ACC=0.9810
Macro Precision=0.7656 Recall=0.6871 F1=0.7088 AUC=0.9609
Specificity (macro avg)=0.9557
Class 0: Precision=1.0000 | Recall=0.9740 | F1=0.9868 | AUC=0.9979 | Spec=1.0000
Class 1: Precision=0.5000 | Recall=0.2143 | F1=0.3000 | AUC=0.9435 | Spec=0.9847
Class 2: Precision=0.7000 | Recall=0.5600 | F1=0.6222 | AUC=0.9451 | Spec=0.9676
Class 3: Precision=0.8624 | Recall=1.0000 | F1=0.9261 | AUC=0.9569 | Spec=0.8707

Error during evaluation of version 97: not enough values to unpack (expected 6, got 5)

--- Testing version 98 ---
Loaded checkpoint with path ./checkpoints_20251027/seed2 version 162
TCGACancerStageDataset
=== Overall (All data) ===
Top-1 ACC=0.8905, Top-2 ACC=0.9619, Top-3 ACC=0.9905
Macro Precision=0.7365 Recall=0.6836 F1=0.7009 AUC=0.9680
Specificity (macro avg)=0.9597
Class 0: Precision=1.0000 | Recall=1.0000 | F1=1.0000 | AUC=1.0000 | Spec=1.0000
Class 1: Precision=0.3750 | Recall=0.2143 | F1=0.2727 | AUC=0.9377 | Spec=0.9745
Class 2: Precision=0.6842 | Recall=0.5200 | F1=0.5909 | AUC=0.9486 | Spec=0.9676
Class 3: Precision=0.8868 | Recall=1.0000 | F1=0.9400 | AUC=0.9856 | Spec=0.8966

Error during evaluation of version 98: not enough values to unpack (expected 6, got 5)

--- Testing version 99 ---
Loaded checkpoint with path ./checkpoints_20251027/seed2 version 162
TCGACancerStageDataset
=== Overall (All data) ===
Top-1 ACC=0.8762, Top-2 ACC=0.9714, Top-3 ACC=0.9952
Macro Precision=0.6919 Recall=0.6693 F1=0.6731 AUC=0.9648
Specificity (macro avg)=0.9593
Class 0: Precision=1.0000 | Recall=1.0000 | F1=1.0000 | AUC=1.0000 | Spec=1.0000
Class 1: Precision=0.3125 | Recall=0.3571 | F1=0.3333 | AUC=0.9337 | Spec=0.9439
Class 2: Precision=0.5333 | Recall=0.3200 | F1=0.4000 | AUC=0.9336 | Spec=0.9622
Class 3: Precision=0.9216 | Recall=1.0000 | F1=0.9592 | AUC=0.9918 | Spec=0.9310

Error during evaluation of version 99: not enough values to unpack (expected 6, got 5)

--- Testing version 100 ---
Loaded checkpoint with path ./checkpoints_20251027/seed2 version 162
TCGACancerStageDataset
=== Overall (All data) ===
Top-1 ACC=0.8667, Top-2 ACC=0.9762, Top-3 ACC=1.0000
Macro Precision=0.6731 Recall=0.6561 F1=0.6622 AUC=0.9619
Specificity (macro avg)=0.9556
Class 0: Precision=1.0000 | Recall=1.0000 | F1=1.0000 | AUC=1.0000 | Spec=1.0000
Class 1: Precision=0.3077 | Recall=0.2857 | F1=0.2963 | AUC=0.9337 | Spec=0.9541
Class 2: Precision=0.4737 | Recall=0.3600 | F1=0.4091 | AUC=0.9279 | Spec=0.9459
Class 3: Precision=0.9109 | Recall=0.9787 | F1=0.9436 | AUC=0.9859 | Spec=0.9224

Error during evaluation of version 100: not enough values to unpack (expected 6, got 5)

--- Testing version 101 ---
Loaded checkpoint with path ./checkpoints_20251027/seed2 version 162
TCGACancerStageDataset
=== Overall (All data) ===
Top-1 ACC=0.8762, Top-2 ACC=0.9619, Top-3 ACC=0.9857
Macro Precision=0.7093 Recall=0.6536 F1=0.6702 AUC=0.9654
Specificity (macro avg)=0.9541
Class 0: Precision=1.0000 | Recall=1.0000 | F1=1.0000 | AUC=1.0000 | Spec=1.0000
Class 1: Precision=0.3000 | Recall=0.2143 | F1=0.2500 | AUC=0.9359 | Spec=0.9643
Class 2: Precision=0.6667 | Recall=0.4000 | F1=0.5000 | AUC=0.9439 | Spec=0.9730
Class 3: Precision=0.8704 | Recall=1.0000 | F1=0.9307 | AUC=0.9818 | Spec=0.8793

Error during evaluation of version 101: not enough values to unpack (expected 6, got 5)

--- Testing version 102 ---
Loaded checkpoint with path ./checkpoints_20251027/seed2 version 162
TCGACancerStageDataset
=== Overall (All data) ===
Top-1 ACC=0.8762, Top-2 ACC=0.9810, Top-3 ACC=1.0000
Macro Precision=0.7209 Recall=0.7133 F1=0.7149 AUC=0.9624
Specificity (macro avg)=0.9613
Class 0: Precision=1.0000 | Recall=1.0000 | F1=1.0000 | AUC=1.0000 | Spec=1.0000
Class 1: Precision=0.4545 | Recall=0.3571 | F1=0.4000 | AUC=0.9453 | Spec=0.9694
Class 2: Precision=0.4828 | Recall=0.5600 | F1=0.5185 | AUC=0.9232 | Spec=0.9189
Class 3: Precision=0.9462 | Recall=0.9362 | F1=0.9412 | AUC=0.9812 | Spec=0.9569

Error during evaluation of version 102: not enough values to unpack (expected 6, got 5)

--- Testing version 103 ---
Loaded checkpoint with path ./checkpoints_20251027/seed2 version 162
TCGACancerStageDataset
=== Overall (All data) ===
Top-1 ACC=0.8667, Top-2 ACC=0.9762, Top-3 ACC=1.0000
Macro Precision=0.6951 Recall=0.6860 F1=0.6902 AUC=0.9533
Specificity (macro avg)=0.9563
Class 0: Precision=1.0000 | Recall=1.0000 | F1=1.0000 | AUC=1.0000 | Spec=1.0000
Class 1: Precision=0.3846 | Recall=0.3571 | F1=0.3704 | AUC=0.9178 | Spec=0.9592
Class 2: Precision=0.4783 | Recall=0.4400 | F1=0.4583 | AUC=0.9049 | Spec=0.9351
Class 3: Precision=0.9175 | Recall=0.9468 | F1=0.9319 | AUC=0.9907 | Spec=0.9310

Error during evaluation of version 103: not enough values to unpack (expected 6, got 5)

--- Testing version 104 ---
Loaded checkpoint with path ./checkpoints_20251027/seed2 version 162
TCGACancerStageDataset
=== Overall (All data) ===
Top-1 ACC=0.8762, Top-2 ACC=0.9714, Top-3 ACC=1.0000
Macro Precision=0.7317 Recall=0.6981 F1=0.7073 AUC=0.9593
Specificity (macro avg)=0.9579
Class 0: Precision=1.0000 | Recall=1.0000 | F1=1.0000 | AUC=1.0000 | Spec=1.0000
Class 1: Precision=0.5000 | Recall=0.2857 | F1=0.3636 | AUC=0.9249 | Spec=0.9796
Class 2: Precision=0.5185 | Recall=0.5600 | F1=0.5385 | AUC=0.9291 | Spec=0.9297
Class 3: Precision=0.9082 | Recall=0.9468 | F1=0.9271 | AUC=0.9832 | Spec=0.9224

Error during evaluation of version 104: not enough values to unpack (expected 6, got 5)

--- Testing version 105 ---
Loaded checkpoint with path ./checkpoints_20251027/seed2 version 162
TCGACancerStageDataset
=== Overall (All data) ===
Top-1 ACC=0.8952, Top-2 ACC=0.9714, Top-3 ACC=0.9810
Macro Precision=0.7732 Recall=0.7093 F1=0.7320 AUC=0.9623
Specificity (macro avg)=0.9610
Class 0: Precision=1.0000 | Recall=1.0000 | F1=1.0000 | AUC=1.0000 | Spec=1.0000
Class 1: Precision=0.5000 | Recall=0.3571 | F1=0.4167 | AUC=0.9355 | Spec=0.9745
Class 2: Precision=0.7059 | Recall=0.4800 | F1=0.5714 | AUC=0.9373 | Spec=0.9730
Class 3: Precision=0.8868 | Recall=1.0000 | F1=0.9400 | AUC=0.9765 | Spec=0.8966

Error during evaluation of version 105: not enough values to unpack (expected 6, got 5)

--- Testing version 106 ---
Loaded checkpoint with path ./checkpoints_20251027/seed2 version 162
TCGACancerStageDataset
=== Overall (All data) ===
Top-1 ACC=0.8905, Top-2 ACC=0.9810, Top-3 ACC=0.9905
Macro Precision=0.7351 Recall=0.6993 F1=0.7126 AUC=0.9628
Specificity (macro avg)=0.9622
Class 0: Precision=1.0000 | Recall=1.0000 | F1=1.0000 | AUC=1.0000 | Spec=1.0000
Class 1: Precision=0.4167 | Recall=0.3571 | F1=0.3846 | AUC=0.9315 | Spec=0.9643
Class 2: Precision=0.6111 | Recall=0.4400 | F1=0.5116 | AUC=0.9395 | Spec=0.9622
Class 3: Precision=0.9126 | Recall=1.0000 | F1=0.9543 | AUC=0.9802 | Spec=0.9224

Error during evaluation of version 106: not enough values to unpack (expected 6, got 5)

--- Testing version 107 ---
Loaded checkpoint with path ./checkpoints_20251027/seed2 version 162
TCGACancerStageDataset
=== Overall (All data) ===
Top-1 ACC=0.8857, Top-2 ACC=0.9810, Top-3 ACC=0.9905
Macro Precision=0.7395 Recall=0.6966 F1=0.7120 AUC=0.9569
Specificity (macro avg)=0.9593
Class 0: Precision=1.0000 | Recall=1.0000 | F1=1.0000 | AUC=1.0000 | Spec=1.0000
Class 1: Precision=0.4167 | Recall=0.3571 | F1=0.3846 | AUC=0.9198 | Spec=0.9643
Class 2: Precision=0.6471 | Recall=0.4400 | F1=0.5238 | AUC=0.9240 | Spec=0.9676
Class 3: Precision=0.8942 | Recall=0.9894 | F1=0.9394 | AUC=0.9839 | Spec=0.9052

Error during evaluation of version 107: not enough values to unpack (expected 6, got 5)

--- Testing version 108 ---
Loaded checkpoint with path ./checkpoints_20251027/seed2 version 162
TCGACancerStageDataset
=== Overall (All data) ===
Top-1 ACC=0.8952, Top-2 ACC=0.9810, Top-3 ACC=0.9857
Macro Precision=0.7632 Recall=0.7166 F1=0.7347 AUC=0.9576
Specificity (macro avg)=0.9626
Class 0: Precision=1.0000 | Recall=1.0000 | F1=1.0000 | AUC=1.0000 | Spec=1.0000
Class 1: Precision=0.5000 | Recall=0.3571 | F1=0.4167 | AUC=0.9176 | Spec=0.9745
Class 2: Precision=0.6500 | Recall=0.5200 | F1=0.5778 | AUC=0.9286 | Spec=0.9622
Class 3: Precision=0.9029 | Recall=0.9894 | F1=0.9442 | AUC=0.9840 | Spec=0.9138

Error during evaluation of version 108: not enough values to unpack (expected 6, got 5)

--- Testing version 109 ---
Loaded checkpoint with path ./checkpoints_20251027/seed2 version 162
TCGACancerStageDataset
=== Overall (All data) ===
Top-1 ACC=0.8762, Top-2 ACC=0.9714, Top-3 ACC=0.9905
Macro Precision=0.6882 Recall=0.6609 F1=0.6708 AUC=0.9576
Specificity (macro avg)=0.9574
Class 0: Precision=1.0000 | Recall=1.0000 | F1=1.0000 | AUC=1.0000 | Spec=1.0000
Class 1: Precision=0.3000 | Recall=0.2143 | F1=0.2500 | AUC=0.9144 | Spec=0.9643
Class 2: Precision=0.5500 | Recall=0.4400 | F1=0.4889 | AUC=0.9280 | Spec=0.9514
Class 3: Precision=0.9029 | Recall=0.9894 | F1=0.9442 | AUC=0.9878 | Spec=0.9138

Error during evaluation of version 109: not enough values to unpack (expected 6, got 5)

--- Testing version 110 ---
Loaded checkpoint with path ./checkpoints_20251027/seed2 version 162
TCGACancerStageDataset
=== Overall (All data) ===
Top-1 ACC=0.8905, Top-2 ACC=0.9762, Top-3 ACC=0.9952
Macro Precision=0.7419 Recall=0.6993 F1=0.7145 AUC=0.9593
Specificity (macro avg)=0.9614
Class 0: Precision=1.0000 | Recall=1.0000 | F1=1.0000 | AUC=1.0000 | Spec=1.0000
Class 1: Precision=0.4167 | Recall=0.3571 | F1=0.3846 | AUC=0.9169 | Spec=0.9643
Class 2: Precision=0.6471 | Recall=0.4400 | F1=0.5238 | AUC=0.9347 | Spec=0.9676
Class 3: Precision=0.9038 | Recall=1.0000 | F1=0.9495 | AUC=0.9855 | Spec=0.9138

Error during evaluation of version 110: not enough values to unpack (expected 6, got 5)

--- Testing version 111 ---
Loaded checkpoint with path ./checkpoints_20251027/seed2 version 162
TCGACancerStageDataset
=== Overall (All data) ===
Top-1 ACC=0.8857, Top-2 ACC=0.9714, Top-3 ACC=0.9857
Macro Precision=0.7425 Recall=0.6893 F1=0.7062 AUC=0.9603
Specificity (macro avg)=0.9585
Class 0: Precision=1.0000 | Recall=1.0000 | F1=1.0000 | AUC=1.0000 | Spec=1.0000
Class 1: Precision=0.4167 | Recall=0.3571 | F1=0.3846 | AUC=0.9304 | Spec=0.9643
Class 2: Precision=0.6667 | Recall=0.4000 | F1=0.5000 | AUC=0.9338 | Spec=0.9730
Class 3: Precision=0.8868 | Recall=1.0000 | F1=0.9400 | AUC=0.9770 | Spec=0.8966

Error during evaluation of version 111: not enough values to unpack (expected 6, got 5)

--- Testing version 112 ---
Loaded checkpoint with path ./checkpoints_20251027/seed2 version 162
TCGACancerStageDataset
=== Overall (All data) ===
Top-1 ACC=0.9048, Top-2 ACC=0.9762, Top-3 ACC=0.9857
Macro Precision=0.8086 Recall=0.7360 F1=0.7612 AUC=0.9602
Specificity (macro avg)=0.9644
Class 0: Precision=1.0000 | Recall=0.9870 | F1=0.9935 | AUC=1.0000 | Spec=1.0000
Class 1: Precision=0.6250 | Recall=0.3571 | F1=0.4545 | AUC=0.9282 | Spec=0.9847
Class 2: Precision=0.7143 | Recall=0.6000 | F1=0.6522 | AUC=0.9376 | Spec=0.9676
Class 3: Precision=0.8952 | Recall=1.0000 | F1=0.9447 | AUC=0.9749 | Spec=0.9052

Error during evaluation of version 112: not enough values to unpack (expected 6, got 5)

--- Testing version 113 ---
Loaded checkpoint with path ./checkpoints_20251027/seed2 version 162
TCGACancerStageDataset
=== Overall (All data) ===
Top-1 ACC=0.9000, Top-2 ACC=0.9762, Top-3 ACC=0.9952
Macro Precision=0.7902 Recall=0.7340 F1=0.7526 AUC=0.9614
Specificity (macro avg)=0.9646
Class 0: Precision=1.0000 | Recall=1.0000 | F1=1.0000 | AUC=1.0000 | Spec=1.0000
Class 1: Precision=0.6250 | Recall=0.3571 | F1=0.4545 | AUC=0.9264 | Spec=0.9847
Class 2: Precision=0.6250 | Recall=0.6000 | F1=0.6122 | AUC=0.9344 | Spec=0.9514
Class 3: Precision=0.9109 | Recall=0.9787 | F1=0.9436 | AUC=0.9847 | Spec=0.9224

Error during evaluation of version 113: not enough values to unpack (expected 6, got 5)

--- Testing version 114 ---
Loaded checkpoint with path ./checkpoints_20251027/seed2 version 162
TCGACancerStageDataset
=== Overall (All data) ===
Top-1 ACC=0.8952, Top-2 ACC=0.9762, Top-3 ACC=0.9857
Macro Precision=0.7613 Recall=0.7014 F1=0.7215 AUC=0.9599
Specificity (macro avg)=0.9617
Class 0: Precision=1.0000 | Recall=1.0000 | F1=1.0000 | AUC=1.0000 | Spec=1.0000
Class 1: Precision=0.5000 | Recall=0.2857 | F1=0.3636 | AUC=0.9315 | Spec=0.9796
Class 2: Precision=0.6500 | Recall=0.5200 | F1=0.5778 | AUC=0.9361 | Spec=0.9622
Class 3: Precision=0.8952 | Recall=1.0000 | F1=0.9447 | AUC=0.9718 | Spec=0.9052

Error during evaluation of version 114: not enough values to unpack (expected 6, got 5)

--- Testing version 115 ---
Loaded checkpoint with path ./checkpoints_20251027/seed2 version 162
TCGACancerStageDataset
=== Overall (All data) ===
Top-1 ACC=0.9000, Top-2 ACC=0.9667, Top-3 ACC=0.9762
Macro Precision=0.7931 Recall=0.7182 F1=0.7416 AUC=0.9539
Specificity (macro avg)=0.9622
Class 0: Precision=1.0000 | Recall=0.9870 | F1=0.9935 | AUC=1.0000 | Spec=1.0000
Class 1: Precision=0.5714 | Recall=0.2857 | F1=0.3810 | AUC=0.9176 | Spec=0.9847
Class 2: Precision=0.7143 | Recall=0.6000 | F1=0.6522 | AUC=0.9277 | Spec=0.9676
Class 3: Precision=0.8868 | Recall=1.0000 | F1=0.9400 | AUC=0.9704 | Spec=0.8966

Error during evaluation of version 115: not enough values to unpack (expected 6, got 5)

--- Testing version 116 ---
Loaded checkpoint with path ./checkpoints_20251027/seed2 version 162
TCGACancerStageDataset
=== Overall (All data) ===
Top-1 ACC=0.8714, Top-2 ACC=0.9619, Top-3 ACC=0.9762
Macro Precision=0.7196 Recall=0.6728 F1=0.6852 AUC=0.9427
Specificity (macro avg)=0.9537
Class 0: Precision=1.0000 | Recall=0.9740 | F1=0.9868 | AUC=0.9990 | Spec=1.0000
Class 1: Precision=0.3571 | Recall=0.3571 | F1=0.3571 | AUC=0.9089 | Spec=0.9541
Class 2: Precision=0.6429 | Recall=0.3600 | F1=0.4615 | AUC=0.8943 | Spec=0.9730
Class 3: Precision=0.8785 | Recall=1.0000 | F1=0.9353 | AUC=0.9686 | Spec=0.8879

Error during evaluation of version 116: not enough values to unpack (expected 6, got 5)

--- Testing version 117 ---
Loaded checkpoint with path ./checkpoints_20251027/seed2 version 162
TCGACancerStageDataset
=== Overall (All data) ===
Top-1 ACC=0.8810, Top-2 ACC=0.9762, Top-3 ACC=0.9905
Macro Precision=0.6770 Recall=0.6557 F1=0.6617 AUC=0.9612
Specificity (macro avg)=0.9594
Class 0: Precision=1.0000 | Recall=1.0000 | F1=1.0000 | AUC=1.0000 | Spec=1.0000
Class 1: Precision=0.2500 | Recall=0.1429 | F1=0.1818 | AUC=0.9198 | Spec=0.9694
Class 2: Precision=0.5455 | Recall=0.4800 | F1=0.5106 | AUC=0.9371 | Spec=0.9459
Class 3: Precision=0.9126 | Recall=1.0000 | F1=0.9543 | AUC=0.9878 | Spec=0.9224

Error during evaluation of version 117: not enough values to unpack (expected 6, got 5)

--- Testing version 118 ---
Loaded checkpoint with path ./checkpoints_20251027/seed2 version 162
TCGACancerStageDataset
=== Overall (All data) ===
Top-1 ACC=0.8905, Top-2 ACC=0.9810, Top-3 ACC=0.9952
Macro Precision=0.7419 Recall=0.6993 F1=0.7145 AUC=0.9518
Specificity (macro avg)=0.9614
Class 0: Precision=1.0000 | Recall=1.0000 | F1=1.0000 | AUC=1.0000 | Spec=1.0000
Class 1: Precision=0.4167 | Recall=0.3571 | F1=0.3846 | AUC=0.9300 | Spec=0.9643
Class 2: Precision=0.6471 | Recall=0.4400 | F1=0.5238 | AUC=0.8964 | Spec=0.9676
Class 3: Precision=0.9038 | Recall=1.0000 | F1=0.9495 | AUC=0.9807 | Spec=0.9138

Error during evaluation of version 118: not enough values to unpack (expected 6, got 5)

--- Testing version 119 ---
Loaded checkpoint with path ./checkpoints_20251027/seed2 version 162
TCGACancerStageDataset
=== Overall (All data) ===
Top-1 ACC=0.8857, Top-2 ACC=0.9762, Top-3 ACC=0.9905
Macro Precision=0.7327 Recall=0.6966 F1=0.7101 AUC=0.9574
Specificity (macro avg)=0.9601
Class 0: Precision=1.0000 | Recall=1.0000 | F1=1.0000 | AUC=1.0000 | Spec=1.0000
Class 1: Precision=0.4167 | Recall=0.3571 | F1=0.3846 | AUC=0.9206 | Spec=0.9643
Class 2: Precision=0.6111 | Recall=0.4400 | F1=0.5116 | AUC=0.9254 | Spec=0.9622
Class 3: Precision=0.9029 | Recall=0.9894 | F1=0.9442 | AUC=0.9836 | Spec=0.9138

Error during evaluation of version 119: not enough values to unpack (expected 6, got 5)

--- Testing version 120 ---
Loaded checkpoint with path ./checkpoints_20251027/seed2 version 162
TCGACancerStageDataset
=== Overall (All data) ===
Top-1 ACC=0.8857, Top-2 ACC=0.9810, Top-3 ACC=1.0000
Macro Precision=0.7213 Recall=0.6961 F1=0.7059 AUC=0.9549
Specificity (macro avg)=0.9616
Class 0: Precision=1.0000 | Recall=1.0000 | F1=1.0000 | AUC=1.0000 | Spec=1.0000
Class 1: Precision=0.4000 | Recall=0.2857 | F1=0.3333 | AUC=0.9071 | Spec=0.9694
Class 2: Precision=0.5652 | Recall=0.5200 | F1=0.5417 | AUC=0.9227 | Spec=0.9459
Class 3: Precision=0.9200 | Recall=0.9787 | F1=0.9485 | AUC=0.9898 | Spec=0.9310

Error during evaluation of version 120: not enough values to unpack (expected 6, got 5)

--- Testing version 121 ---
Loaded checkpoint with path ./checkpoints_20251027/seed2 version 162
TCGACancerStageDataset
=== Overall (All data) ===
Top-1 ACC=0.8857, Top-2 ACC=0.9810, Top-3 ACC=1.0000
Macro Precision=0.7241 Recall=0.7113 F1=0.7170 AUC=0.9622
Specificity (macro avg)=0.9633
Class 0: Precision=1.0000 | Recall=1.0000 | F1=1.0000 | AUC=1.0000 | Spec=1.0000
Class 1: Precision=0.4167 | Recall=0.3571 | F1=0.3846 | AUC=0.9377 | Spec=0.9643
Class 2: Precision=0.5417 | Recall=0.5200 | F1=0.5306 | AUC=0.9241 | Spec=0.9405
Class 3: Precision=0.9381 | Recall=0.9681 | F1=0.9529 | AUC=0.9869 | Spec=0.9483

Error during evaluation of version 121: not enough values to unpack (expected 6, got 5)

--- Testing version 122 ---
Loaded checkpoint with path ./checkpoints_20251027/seed2 version 162
TCGACancerStageDataset
=== Overall (All data) ===
Top-1 ACC=0.8762, Top-2 ACC=0.9762, Top-3 ACC=0.9857
Macro Precision=0.7355 Recall=0.6907 F1=0.7074 AUC=0.9645
Specificity (macro avg)=0.9549
Class 0: Precision=1.0000 | Recall=0.9870 | F1=0.9935 | AUC=0.9997 | Spec=1.0000
Class 1: Precision=0.4545 | Recall=0.3571 | F1=0.4000 | AUC=0.9370 | Spec=0.9694
Class 2: Precision=0.6111 | Recall=0.4400 | F1=0.5116 | AUC=0.9390 | Spec=0.9622
Class 3: Precision=0.8762 | Recall=0.9787 | F1=0.9246 | AUC=0.9823 | Spec=0.8879

Error during evaluation of version 122: not enough values to unpack (expected 6, got 5)

--- Testing version 123 ---
Loaded checkpoint with path ./checkpoints_20251027/seed2 version 162
TCGACancerStageDataset
=== Overall (All data) ===
Top-1 ACC=0.8524, Top-2 ACC=0.9667, Top-3 ACC=0.9857
Macro Precision=0.6847 Recall=0.6610 F1=0.6678 AUC=0.9575
Specificity (macro avg)=0.9484
Class 0: Precision=1.0000 | Recall=0.9481 | F1=0.9733 | AUC=1.0000 | Spec=1.0000
Class 1: Precision=0.3333 | Recall=0.3571 | F1=0.3448 | AUC=0.9306 | Spec=0.9490
Class 2: Precision=0.5294 | Recall=0.3600 | F1=0.4286 | AUC=0.9191 | Spec=0.9568
Class 3: Precision=0.8762 | Recall=0.9787 | F1=0.9246 | AUC=0.9804 | Spec=0.8879

Error during evaluation of version 123: not enough values to unpack (expected 6, got 5)

--- Testing version 124 ---
Loaded checkpoint with path ./checkpoints_20251027/seed2 version 162
TCGACancerStageDataset
=== Overall (All data) ===
Top-1 ACC=0.8952, Top-2 ACC=0.9619, Top-3 ACC=0.9857
Macro Precision=0.7794 Recall=0.7228 F1=0.7438 AUC=0.9625
Specificity (macro avg)=0.9617
Class 0: Precision=1.0000 | Recall=0.9740 | F1=0.9868 | AUC=0.9994 | Spec=1.0000
Class 1: Precision=0.5556 | Recall=0.3571 | F1=0.4348 | AUC=0.9380 | Spec=0.9796
Class 2: Precision=0.6667 | Recall=0.5600 | F1=0.6087 | AUC=0.9328 | Spec=0.9622
Class 3: Precision=0.8952 | Recall=1.0000 | F1=0.9447 | AUC=0.9799 | Spec=0.9052

Error during evaluation of version 124: not enough values to unpack (expected 6, got 5)

--- Testing version 125 ---
Loaded checkpoint with path ./checkpoints_20251027/seed2 version 162
TCGACancerStageDataset
=== Overall (All data) ===
Top-1 ACC=0.8762, Top-2 ACC=0.9714, Top-3 ACC=0.9905
Macro Precision=0.7162 Recall=0.6986 F1=0.7062 AUC=0.9611
Specificity (macro avg)=0.9587
Class 0: Precision=0.9747 | Recall=1.0000 | F1=0.9872 | AUC=1.0000 | Spec=0.9850
Class 1: Precision=0.4167 | Recall=0.3571 | F1=0.3846 | AUC=0.9304 | Spec=0.9643
Class 2: Precision=0.5455 | Recall=0.4800 | F1=0.5106 | AUC=0.9218 | Spec=0.9459
Class 3: Precision=0.9278 | Recall=0.9574 | F1=0.9424 | AUC=0.9920 | Spec=0.9397

Error during evaluation of version 125: not enough values to unpack (expected 6, got 5)

--- Testing version 126 ---
Loaded checkpoint with path ./checkpoints_20251027/seed2 version 162
TCGACancerStageDataset
=== Overall (All data) ===
Top-1 ACC=0.9000, Top-2 ACC=0.9619, Top-3 ACC=0.9905
Macro Precision=0.7794 Recall=0.7193 F1=0.7415 AUC=0.9657
Specificity (macro avg)=0.9632
Class 0: Precision=1.0000 | Recall=1.0000 | F1=1.0000 | AUC=1.0000 | Spec=1.0000
Class 1: Precision=0.5000 | Recall=0.3571 | F1=0.4167 | AUC=0.9362 | Spec=0.9745
Class 2: Precision=0.7222 | Recall=0.5200 | F1=0.6047 | AUC=0.9395 | Spec=0.9730
Class 3: Precision=0.8952 | Recall=1.0000 | F1=0.9447 | AUC=0.9870 | Spec=0.9052

Error during evaluation of version 126: not enough values to unpack (expected 6, got 5)

--- Testing version 127 ---
Loaded checkpoint with path ./checkpoints_20251027/seed2 version 162
TCGACancerStageDataset
=== Overall (All data) ===
Top-1 ACC=0.9000, Top-2 ACC=0.9667, Top-3 ACC=0.9905
Macro Precision=0.7628 Recall=0.7193 F1=0.7363 AUC=0.9721
Specificity (macro avg)=0.9648
Class 0: Precision=1.0000 | Recall=1.0000 | F1=1.0000 | AUC=1.0000 | Spec=1.0000
Class 1: Precision=0.4545 | Recall=0.3571 | F1=0.4000 | AUC=0.9421 | Spec=0.9694
Class 2: Precision=0.6842 | Recall=0.5200 | F1=0.5909 | AUC=0.9493 | Spec=0.9676
Class 3: Precision=0.9126 | Recall=1.0000 | F1=0.9543 | AUC=0.9970 | Spec=0.9224

Error during evaluation of version 127: not enough values to unpack (expected 6, got 5)

--- Testing version 128 ---
Loaded checkpoint with path ./checkpoints_20251027/seed2 version 162
TCGACancerStageDataset
=== Overall (All data) ===
Top-1 ACC=0.9143, Top-2 ACC=0.9714, Top-3 ACC=1.0000
Macro Precision=0.8009 Recall=0.7566 F1=0.7693 AUC=0.9710
Specificity (macro avg)=0.9719
Class 0: Precision=1.0000 | Recall=1.0000 | F1=1.0000 | AUC=1.0000 | Spec=1.0000
Class 1: Precision=0.6250 | Recall=0.3571 | F1=0.4545 | AUC=0.9421 | Spec=0.9847
Class 2: Precision=0.6296 | Recall=0.6800 | F1=0.6538 | AUC=0.9451 | Spec=0.9459
Class 3: Precision=0.9490 | Recall=0.9894 | F1=0.9688 | AUC=0.9969 | Spec=0.9569

Error during evaluation of version 128: not enough values to unpack (expected 6, got 5)

--- Testing version 129 ---
Loaded checkpoint with path ./checkpoints_20251027/seed2 version 162
TCGACancerStageDataset
=== Overall (All data) ===
Top-1 ACC=0.8952, Top-2 ACC=0.9619, Top-3 ACC=0.9905
Macro Precision=0.7563 Recall=0.7093 F1=0.7269 AUC=0.9713
Specificity (macro avg)=0.9627
Class 0: Precision=1.0000 | Recall=1.0000 | F1=1.0000 | AUC=1.0000 | Spec=1.0000
Class 1: Precision=0.4545 | Recall=0.3571 | F1=0.4000 | AUC=0.9419 | Spec=0.9694
Class 2: Precision=0.6667 | Recall=0.4800 | F1=0.5581 | AUC=0.9468 | Spec=0.9676
Class 3: Precision=0.9038 | Recall=1.0000 | F1=0.9495 | AUC=0.9964 | Spec=0.9138

Error during evaluation of version 129: not enough values to unpack (expected 6, got 5)

--- Testing version 130 ---
Loaded checkpoint with path ./checkpoints_20251027/seed2 version 162
TCGACancerStageDataset
=== Overall (All data) ===
Top-1 ACC=0.8857, Top-2 ACC=0.9762, Top-3 ACC=0.9952
Macro Precision=0.7319 Recall=0.7040 F1=0.7154 AUC=0.9670
Specificity (macro avg)=0.9609
Class 0: Precision=1.0000 | Recall=1.0000 | F1=1.0000 | AUC=1.0000 | Spec=1.0000
Class 1: Precision=0.4167 | Recall=0.3571 | F1=0.3846 | AUC=0.9360 | Spec=0.9643
Class 2: Precision=0.6000 | Recall=0.4800 | F1=0.5333 | AUC=0.9368 | Spec=0.9568
Class 3: Precision=0.9109 | Recall=0.9787 | F1=0.9436 | AUC=0.9953 | Spec=0.9224

Error during evaluation of version 130: not enough values to unpack (expected 6, got 5)

--- Testing version 131 ---
Loaded checkpoint with path ./checkpoints_20251027/seed2 version 162
TCGACancerStageDataset
=== Overall (All data) ===
Top-1 ACC=0.8857, Top-2 ACC=0.9714, Top-3 ACC=0.9905
Macro Precision=0.7270 Recall=0.7040 F1=0.7137 AUC=0.9639
Specificity (macro avg)=0.9617
Class 0: Precision=1.0000 | Recall=1.0000 | F1=1.0000 | AUC=1.0000 | Spec=1.0000
Class 1: Precision=0.4167 | Recall=0.3571 | F1=0.3846 | AUC=0.9289 | Spec=0.9643
Class 2: Precision=0.5714 | Recall=0.4800 | F1=0.5217 | AUC=0.9337 | Spec=0.9514
Class 3: Precision=0.9200 | Recall=0.9787 | F1=0.9485 | AUC=0.9929 | Spec=0.9310

Error during evaluation of version 131: not enough values to unpack (expected 6, got 5)

--- Testing version 132 ---
Loaded checkpoint with path ./checkpoints_20251027/seed2 version 162
TCGACancerStageDataset
=== Overall (All data) ===
Top-1 ACC=0.8381, Top-2 ACC=0.9524, Top-3 ACC=0.9905
Macro Precision=0.6559 Recall=0.6530 F1=0.6539 AUC=0.9440
Specificity (macro avg)=0.9468
Class 0: Precision=1.0000 | Recall=0.9481 | F1=0.9733 | AUC=0.9948 | Spec=1.0000
Class 1: Precision=0.3333 | Recall=0.3571 | F1=0.3448 | AUC=0.9125 | Spec=0.9490
Class 2: Precision=0.3913 | Recall=0.3600 | F1=0.3750 | AUC=0.8874 | Spec=0.9243
Class 3: Precision=0.8990 | Recall=0.9468 | F1=0.9223 | AUC=0.9815 | Spec=0.9138

Error during evaluation of version 132: not enough values to unpack (expected 6, got 5)

--- Testing version 133 ---
Loaded checkpoint with path ./checkpoints_20251027/seed2 version 162
TCGACancerStageDataset
=== Overall (All data) ===
Top-1 ACC=0.8381, Top-2 ACC=0.9571, Top-3 ACC=0.9762
Macro Precision=0.6531 Recall=0.6236 F1=0.6241 AUC=0.9443
Specificity (macro avg)=0.9412
Class 0: Precision=1.0000 | Recall=0.9481 | F1=0.9733 | AUC=0.9941 | Spec=1.0000
Class 1: Precision=0.3125 | Recall=0.3571 | F1=0.3333 | AUC=0.9198 | Spec=0.9439
Class 2: Precision=0.4545 | Recall=0.2000 | F1=0.2778 | AUC=0.9036 | Spec=0.9676
Class 3: Precision=0.8455 | Recall=0.9894 | F1=0.9118 | AUC=0.9596 | Spec=0.8534

Error during evaluation of version 133: not enough values to unpack (expected 6, got 5)

--- Testing version 134 ---
Loaded checkpoint with path ./checkpoints_20251027/seed2 version 162
TCGACancerStageDataset
=== Overall (All data) ===
Top-1 ACC=0.8714, Top-2 ACC=0.9714, Top-3 ACC=0.9857
Macro Precision=0.7109 Recall=0.6864 F1=0.6957 AUC=0.9585
Specificity (macro avg)=0.9559
Class 0: Precision=1.0000 | Recall=0.9610 | F1=0.9801 | AUC=0.9987 | Spec=1.0000
Class 1: Precision=0.4000 | Recall=0.2857 | F1=0.3333 | AUC=0.9278 | Spec=0.9694
Class 2: Precision=0.5417 | Recall=0.5200 | F1=0.5306 | AUC=0.9231 | Spec=0.9405
Class 3: Precision=0.9020 | Recall=0.9787 | F1=0.9388 | AUC=0.9841 | Spec=0.9138

Error during evaluation of version 134: not enough values to unpack (expected 6, got 5)

--- Testing version 135 ---
Loaded checkpoint with path ./checkpoints_20251027/seed2 version 162
TCGACancerStageDataset
=== Overall (All data) ===
Top-1 ACC=0.8905, Top-2 ACC=0.9714, Top-3 ACC=0.9905
Macro Precision=0.7555 Recall=0.7134 F1=0.7299 AUC=0.9568
Specificity (macro avg)=0.9613
Class 0: Precision=1.0000 | Recall=0.9870 | F1=0.9935 | AUC=0.9991 | Spec=1.0000
Class 1: Precision=0.5000 | Recall=0.3571 | F1=0.4167 | AUC=0.9326 | Spec=0.9745
Class 2: Precision=0.6190 | Recall=0.5200 | F1=0.5652 | AUC=0.9266 | Spec=0.9568
Class 3: Precision=0.9029 | Recall=0.9894 | F1=0.9442 | AUC=0.9690 | Spec=0.9138

Error during evaluation of version 135: not enough values to unpack (expected 6, got 5)

--- Testing version 136 ---
Loaded checkpoint with path ./checkpoints_20251027/seed2 version 162
TCGACancerStageDataset
=== Overall (All data) ===
Top-1 ACC=0.8952, Top-2 ACC=0.9714, Top-3 ACC=0.9810
Macro Precision=0.7625 Recall=0.7234 F1=0.7354 AUC=0.9631
Specificity (macro avg)=0.9633
Class 0: Precision=1.0000 | Recall=1.0000 | F1=1.0000 | AUC=1.0000 | Spec=1.0000
Class 1: Precision=0.5000 | Recall=0.2857 | F1=0.3636 | AUC=0.9249 | Spec=0.9796
Class 2: Precision=0.6400 | Recall=0.6400 | F1=0.6400 | AUC=0.9421 | Spec=0.9514
Class 3: Precision=0.9100 | Recall=0.9681 | F1=0.9381 | AUC=0.9854 | Spec=0.9224

Error during evaluation of version 136: not enough values to unpack (expected 6, got 5)

--- Testing version 137 ---
Loaded checkpoint with path ./checkpoints_20251027/seed2 version 162
TCGACancerStageDataset
=== Overall (All data) ===
Top-1 ACC=0.9000, Top-2 ACC=0.9571, Top-3 ACC=0.9762
Macro Precision=0.7691 Recall=0.7114 F1=0.7322 AUC=0.9706
Specificity (macro avg)=0.9632
Class 0: Precision=1.0000 | Recall=1.0000 | F1=1.0000 | AUC=1.0000 | Spec=1.0000
Class 1: Precision=0.4444 | Recall=0.2857 | F1=0.3478 | AUC=0.9337 | Spec=0.9745
Class 2: Precision=0.7368 | Recall=0.5600 | F1=0.6364 | AUC=0.9557 | Spec=0.9730
Class 3: Precision=0.8952 | Recall=1.0000 | F1=0.9447 | AUC=0.9929 | Spec=0.9052

Error during evaluation of version 137: not enough values to unpack (expected 6, got 5)

--- Testing version 138 ---
Loaded checkpoint with path ./checkpoints_20251027/seed2 version 162
TCGACancerStageDataset
=== Overall (All data) ===
Top-1 ACC=0.8810, Top-2 ACC=0.9714, Top-3 ACC=0.9857
Macro Precision=0.7244 Recall=0.6940 F1=0.7052 AUC=0.9676
Specificity (macro avg)=0.9588
Class 0: Precision=1.0000 | Recall=1.0000 | F1=1.0000 | AUC=1.0000 | Spec=1.0000
Class 1: Precision=0.3846 | Recall=0.3571 | F1=0.3704 | AUC=0.9331 | Spec=0.9592
Class 2: Precision=0.6111 | Recall=0.4400 | F1=0.5116 | AUC=0.9416 | Spec=0.9622
Class 3: Precision=0.9020 | Recall=0.9787 | F1=0.9388 | AUC=0.9956 | Spec=0.9138

Error during evaluation of version 138: not enough values to unpack (expected 6, got 5)

--- Testing version 139 ---
Loaded checkpoint with path ./checkpoints_20251027/seed2 version 162
TCGACancerStageDataset
=== Overall (All data) ===
Top-1 ACC=0.8857, Top-2 ACC=0.9714, Top-3 ACC=0.9905
Macro Precision=0.7448 Recall=0.7040 F1=0.7199 AUC=0.9689
Specificity (macro avg)=0.9592
Class 0: Precision=1.0000 | Recall=1.0000 | F1=1.0000 | AUC=1.0000 | Spec=1.0000
Class 1: Precision=0.4545 | Recall=0.3571 | F1=0.4000 | AUC=0.9391 | Spec=0.9694
Class 2: Precision=0.6316 | Recall=0.4800 | F1=0.5455 | AUC=0.9448 | Spec=0.9622
Class 3: Precision=0.8932 | Recall=0.9787 | F1=0.9340 | AUC=0.9917 | Spec=0.9052

Error during evaluation of version 139: not enough values to unpack (expected 6, got 5)

--- Testing version 140 ---
Loaded checkpoint with path ./checkpoints_20251027/seed2 version 162
TCGACancerStageDataset
=== Overall (All data) ===
Top-1 ACC=0.8857, Top-2 ACC=0.9667, Top-3 ACC=0.9857
Macro Precision=0.7366 Recall=0.6893 F1=0.7038 AUC=0.9646
Specificity (macro avg)=0.9593
Class 0: Precision=1.0000 | Recall=1.0000 | F1=1.0000 | AUC=1.0000 | Spec=1.0000
Class 1: Precision=0.3846 | Recall=0.3571 | F1=0.3704 | AUC=0.9370 | Spec=0.9592
Class 2: Precision=0.6667 | Recall=0.4000 | F1=0.5000 | AUC=0.9410 | Spec=0.9730
Class 3: Precision=0.8952 | Recall=1.0000 | F1=0.9447 | AUC=0.9804 | Spec=0.9052

Error during evaluation of version 140: not enough values to unpack (expected 6, got 5)

--- Testing version 141 ---
Loaded checkpoint with path ./checkpoints_20251027/seed2 version 162
TCGACancerStageDataset
=== Overall (All data) ===
Top-1 ACC=0.8810, Top-2 ACC=0.9762, Top-3 ACC=1.0000
Macro Precision=0.7145 Recall=0.7018 F1=0.7066 AUC=0.9652
Specificity (macro avg)=0.9612
Class 0: Precision=1.0000 | Recall=1.0000 | F1=1.0000 | AUC=1.0000 | Spec=1.0000
Class 1: Precision=0.4286 | Recall=0.4286 | F1=0.4286 | AUC=0.9311 | Spec=0.9592
Class 2: Precision=0.5000 | Recall=0.4000 | F1=0.4444 | AUC=0.9338 | Spec=0.9459
Class 3: Precision=0.9293 | Recall=0.9787 | F1=0.9534 | AUC=0.9959 | Spec=0.9397

Error during evaluation of version 141: not enough values to unpack (expected 6, got 5)

--- Testing version 142 ---
Loaded checkpoint with path ./checkpoints_20251027/seed2 version 162
TCGACancerStageDataset
=== Overall (All data) ===
Top-1 ACC=0.8810, Top-2 ACC=0.9619, Top-3 ACC=0.9952
Macro Precision=0.7130 Recall=0.6866 F1=0.6961 AUC=0.9645
Specificity (macro avg)=0.9596
Class 0: Precision=1.0000 | Recall=1.0000 | F1=1.0000 | AUC=1.0000 | Spec=1.0000
Class 1: Precision=0.3846 | Recall=0.3571 | F1=0.3704 | AUC=0.9388 | Spec=0.9592
Class 2: Precision=0.5556 | Recall=0.4000 | F1=0.4651 | AUC=0.9389 | Spec=0.9568
Class 3: Precision=0.9118 | Recall=0.9894 | F1=0.9490 | AUC=0.9803 | Spec=0.9224

Error during evaluation of version 142: not enough values to unpack (expected 6, got 5)

--- Testing version 143 ---
Loaded checkpoint with path ./checkpoints_20251027/seed2 version 162
TCGACancerStageDataset
=== Overall (All data) ===
Top-1 ACC=0.8667, Top-2 ACC=0.9714, Top-3 ACC=0.9905
Macro Precision=0.6838 Recall=0.6640 F1=0.6685 AUC=0.9614
Specificity (macro avg)=0.9549
Class 0: Precision=1.0000 | Recall=1.0000 | F1=1.0000 | AUC=1.0000 | Spec=1.0000
Class 1: Precision=0.3333 | Recall=0.3571 | F1=0.3448 | AUC=0.9275 | Spec=0.9490
Class 2: Precision=0.5000 | Recall=0.3200 | F1=0.3902 | AUC=0.9264 | Spec=0.9568
Class 3: Precision=0.9020 | Recall=0.9787 | F1=0.9388 | AUC=0.9919 | Spec=0.9138

Error during evaluation of version 143: not enough values to unpack (expected 6, got 5)

--- Testing version 144 ---
Loaded checkpoint with path ./checkpoints_20251027/seed2 version 162
TCGACancerStageDataset
